.next/dev/types/validator.ts(1881,31): error TS2344: Type 'typeof import("/home/akatola/Projects/propertypro-app/src/app/api/payments/[id]/process/route")' does not satisfy the constraint 'RouteHandlerConfig<"/api/payments/[id]/process">'.
  Types of property 'GET' are incompatible.
    Type '(request: NextRequest, { params }: { params: { id: string; }; }) => Promise<NextResponse<{ error: string; }> | NextResponse<{ success: boolean; data: { payment: any; logs: any; canProcess: boolean; }; }>>' is not assignable to type '(request: NextRequest, context: { params: Promise<{ id: string; }>; }) => void | Response | Promise<void | Response>'.
      Types of parameters '__1' and 'context' are incompatible.
        Type '{ params: Promise<{ id: string; }>; }' is not assignable to type '{ params: { id: string; }; }'.
          Types of property 'params' are incompatible.
            Property 'id' is missing in type 'Promise<{ id: string; }>' but required in type '{ id: string; }'.
.next/types/validator.ts(1881,31): error TS2344: Type 'typeof import("/home/akatola/Projects/propertypro-app/src/app/api/payments/[id]/process/route")' does not satisfy the constraint 'RouteHandlerConfig<"/api/payments/[id]/process">'.
  Types of property 'GET' are incompatible.
    Type '(request: NextRequest, { params }: { params: { id: string; }; }) => Promise<NextResponse<{ error: string; }> | NextResponse<{ success: boolean; data: { payment: any; logs: any; canProcess: boolean; }; }>>' is not assignable to type '(request: NextRequest, context: { params: Promise<{ id: string; }>; }) => void | Response | Promise<void | Response>'.
      Types of parameters '__1' and 'context' are incompatible.
        Type '{ params: Promise<{ id: string; }>; }' is not assignable to type '{ params: { id: string; }; }'.
          Types of property 'params' are incompatible.
            Property 'id' is missing in type 'Promise<{ id: string; }>' but required in type '{ id: string; }'.
src/app/api/accounting/transactions/route.ts(29,68): error TS7006: Parameter 'user' implicitly has an 'any' type.
src/app/api/admin/migrate/cleanup-property-fields/route.ts(22,10): error TS7006: Parameter 'user' implicitly has an 'any' type.
src/app/api/admin/migrate/cleanup-property-fields/route.ts(60,10): error TS7006: Parameter 'user' implicitly has an 'any' type.
src/app/api/admin/migrate/payment-sync/route.ts(25,3): error TS7006: Parameter 'user' implicitly has an 'any' type.
src/app/api/admin/migrate/payment-sync/route.ts(71,3): error TS7006: Parameter 'user' implicitly has an 'any' type.
src/app/api/admin/migrate/payment-sync/route.ts(130,3): error TS7006: Parameter 'user' implicitly has an 'any' type.
src/app/api/admin/payment-sync-health/route.ts(22,3): error TS7006: Parameter 'user' implicitly has an 'any' type.
src/app/api/admin/payment-sync-health/route.ts(58,3): error TS7006: Parameter 'user' implicitly has an 'any' type.
src/app/api/admin/payment-sync-health/route.ts(129,3): error TS7006: Parameter 'user' implicitly has an 'any' type.
src/app/api/admin/payment-sync-health/route.ts(224,3): error TS7006: Parameter 'user' implicitly has an 'any' type.
src/app/api/applications/[id]/route.ts(108,47): error TS2339: Property 'issues' does not exist on type '{ success: false; errors: string[]; }'.
src/app/api/applications/route.ts(120,47): error TS2339: Property 'issues' does not exist on type '{ success: false; errors: string[]; }'.
src/app/api/auth/setup-password/route.ts(91,13): error TS2304: Cannot find name 'UserRole'.
src/app/api/branding/pwa-icon/[size]/route.ts(91,25): error TS2345: Argument of type 'Buffer<ArrayBufferLike>' is not assignable to parameter of type 'BodyInit | null | undefined'.
  Type 'Buffer<ArrayBufferLike>' is missing the following properties from type 'URLSearchParams': size, append, delete, get, and 2 more.
src/app/api/branding/pwa-icon/[size]/route.ts(108,29): error TS2345: Argument of type 'Buffer<ArrayBufferLike>' is not assignable to parameter of type 'BodyInit | null | undefined'.
  Type 'Buffer<ArrayBufferLike>' is missing the following properties from type 'URLSearchParams': size, append, delete, get, and 2 more.
src/app/api/calendar/rsvp/route.ts(156,38): error TS2551: Property 'respondedAt' does not exist on type 'IEventAttendee'. Did you mean 'responseAt'?
src/app/api/calendar/rsvp/route.ts(202,71): error TS2339: Property '_id' does not exist on type 'IUser | { email: string; firstName: string; lastName: string; isExternal: boolean; }'.
  Property '_id' does not exist on type '{ email: string; firstName: string; lastName: string; isExternal: boolean; }'.
src/app/api/calendar/rsvp/route.ts(258,71): error TS2339: Property '_id' does not exist on type 'IUser | { email: string; firstName: string; lastName: string; isExternal: boolean; }'.
  Property '_id' does not exist on type '{ email: string; firstName: string; lastName: string; isExternal: boolean; }'.
src/app/api/calendar/settings/route.ts(140,11): error TS18047: 'settings' is possibly 'null'.
src/app/api/conversations/[id]/messages/[messageId]/route.ts(195,11): error TS2322: Type 'string' is not assignable to type 'ObjectId'.
src/app/api/conversations/[id]/messages/[messageId]/route.ts(198,39): error TS2339: Property 'senderName' does not exist on type 'Document<unknown, {}, IMessage, {}, {}> & IMessage & Required<{ _id: string; }> & { __v: number; }'.
src/app/api/conversations/[id]/participants/route.ts(219,9): error TS2345: Argument of type 'number' is not assignable to parameter of type '{ page: number; limit: number; total: number; totalPages: number; }'.
src/app/api/conversations/[id]/participants/route.ts(242,64): error TS2345: Argument of type 'string | null' is not assignable to parameter of type 'string'.
  Type 'null' is not assignable to type 'string'.
src/app/api/conversations/[id]/participants/route.ts(364,64): error TS2345: Argument of type 'string | null' is not assignable to parameter of type 'string'.
  Type 'null' is not assignable to type 'string'.
src/app/api/conversations/contacts/route.ts(35,3): error TS1117: An object literal cannot have multiple properties with the same name.
src/app/api/conversations/contacts/route.ts(44,3): error TS1117: An object literal cannot have multiple properties with the same name.
src/app/api/conversations/contacts/route.ts(78,10): error TS7006: Parameter 'user' implicitly has an 'any' type.
src/app/api/conversations/route.ts(29,68): error TS7006: Parameter 'user' implicitly has an 'any' type.
src/app/api/dashboard/export/route.ts(35,15): error TS2345: Argument of type 'string | undefined' is not assignable to parameter of type 'string | readonly string[] | Record<string, string | number | boolean | object>'.
  Type 'undefined' is not assignable to type 'string | readonly string[] | Record<string, string | number | boolean | object>'.
src/app/api/dashboard/export/route.ts(43,15): error TS2345: Argument of type 'string | undefined' is not assignable to parameter of type 'string | readonly string[] | Record<string, string | number | boolean | object>'.
  Type 'undefined' is not assignable to type 'string | readonly string[] | Record<string, string | number | boolean | object>'.
src/app/api/dashboard/export/route.ts(62,15): error TS2345: Argument of type 'string | undefined' is not assignable to parameter of type 'string | readonly string[] | Record<string, string | number | boolean | object>'.
  Type 'undefined' is not assignable to type 'string | readonly string[] | Record<string, string | number | boolean | object>'.
src/app/api/dashboard/export/route.ts(72,15): error TS2345: Argument of type 'string | undefined' is not assignable to parameter of type 'string | readonly string[] | Record<string, string | number | boolean | object>'.
  Type 'undefined' is not assignable to type 'string | readonly string[] | Record<string, string | number | boolean | object>'.
src/app/api/dashboard/export/route.ts(85,15): error TS2345: Argument of type 'string | undefined' is not assignable to parameter of type 'string | readonly string[] | Record<string, string | number | boolean | object>'.
  Type 'undefined' is not assignable to type 'string | readonly string[] | Record<string, string | number | boolean | object>'.
src/app/api/dashboard/overview/route.ts(794,41): error TS2345: Argument of type 'ObjectId' is not assignable to parameter of type 'string | { firstName?: string | null | undefined; lastName?: string | null | undefined; email?: string | null | undefined; name?: string | null | undefined; } | null | undefined'.
src/app/api/dashboard/overview/route.ts(795,53): error TS2339: Property 'name' does not exist on type 'ObjectId'.
src/app/api/dashboard/overview/route.ts(814,53): error TS2339: Property 'name' does not exist on type 'ObjectId'.
src/app/api/dashboard/overview/route.ts(831,41): error TS2345: Argument of type 'ObjectId' is not assignable to parameter of type 'string | { firstName?: string | null | undefined; lastName?: string | null | undefined; email?: string | null | undefined; name?: string | null | undefined; } | null | undefined'.
src/app/api/dashboard/overview/route.ts(832,51): error TS2339: Property 'name' does not exist on type 'ObjectId'.
src/app/api/dashboard/overview/route.ts(916,39): error TS2345: Argument of type 'ObjectId' is not assignable to parameter of type 'string | { firstName?: string | null | undefined; lastName?: string | null | undefined; email?: string | null | undefined; name?: string | null | undefined; } | null | undefined'.
src/app/api/dashboard/overview/route.ts(917,49): error TS2339: Property 'name' does not exist on type 'ObjectId'.
src/app/api/dashboard/overview/route.ts(928,51): error TS2339: Property 'name' does not exist on type 'ObjectId'.
src/app/api/demo-data/route.ts(51,10): error TS7006: Parameter '_user' implicitly has an 'any' type.
src/app/api/demo-data/route.ts(96,10): error TS7006: Parameter '_user' implicitly has an 'any' type.
src/app/api/demo-data/route.ts(118,10): error TS7006: Parameter '_user' implicitly has an 'any' type.
src/app/api/feedback/route.ts(29,68): error TS7006: Parameter 'user' implicitly has an 'any' type.
src/app/api/inspections/[id]/route.ts(21,11): error TS2304: Cannot find name 'UserRole'.
src/app/api/inspections/route.ts(66,17): error TS2339: Property 'isOwner' does not exist on type 'AuthenticatedAccessUser'.
src/app/api/invoices/[id]/pdf/route.ts(29,68): error TS7006: Parameter 'user' implicitly has an 'any' type.
src/app/api/invoices/[id]/route.ts(29,68): error TS7006: Parameter 'user' implicitly has an 'any' type.
src/app/api/invoices/[id]/stripe-payment/route.ts(246,27): error TS2339: Property 'createdBy' does not exist on type 'Document<unknown, {}, IPayment, {}, {}> & IPayment & Required<{ _id: ObjectId; }> & { __v: number; }'.
src/app/api/invoices/[id]/stripe-payment/route.ts(257,27): error TS2339: Property 'createdBy' does not exist on type 'Document<unknown, {}, IPayment, {}, {}> & IPayment & Required<{ _id: ObjectId; }> & { __v: number; }'.
src/app/api/invoices/[id]/stripe-payment/route.ts(257,55): error TS2339: Property 'createdBy' does not exist on type 'Document<unknown, {}, IPayment, {}, {}> & IPayment & Required<{ _id: ObjectId; }> & { __v: number; }'.
src/app/api/invoices/[id]/stripe-payment/route.ts(284,25): error TS2339: Property 'createdBy' does not exist on type 'Document<unknown, {}, IPayment, {}, {}> & IPayment & Required<{ _id: ObjectId; }> & { __v: number; }'.
src/app/api/invoices/[id]/stripe-payment/route.ts(381,39): error TS2339: Property 'client_secret' does not exist on type 'StripePaymentIntent | Response<PaymentIntent>'.
  Property 'client_secret' does not exist on type 'StripePaymentIntent'.
src/app/api/invoices/[id]/stripe-payment/route.ts(399,7): error TS2554: Expected 1-3 arguments, but got 4.
src/app/api/invoices/bulk/route.ts(29,68): error TS7006: Parameter 'user' implicitly has an 'any' type.
src/app/api/invoices/email/route.ts(149,29): error TS2339: Property 'firstName' does not exist on type 'ObjectId'.
src/app/api/invoices/email/route.ts(150,28): error TS2339: Property 'lastName' does not exist on type 'ObjectId'.
src/app/api/invoices/email/route.ts(152,26): error TS2339: Property 'email' does not exist on type 'ObjectId'.
src/app/api/invoices/email/route.ts(155,27): error TS2339: Property 'firstName' does not exist on type 'ObjectId'.
src/app/api/invoices/email/route.ts(155,55): error TS2339: Property 'lastName' does not exist on type 'ObjectId'.
src/app/api/invoices/email/route.ts(159,28): error TS2339: Property 'name' does not exist on type 'ObjectId'.
src/app/api/invoices/email/route.ts(159,55): error TS2339: Property 'name' does not exist on type 'ObjectId'.
src/app/api/invoices/late-fees/route.ts(29,68): error TS7006: Parameter 'user' implicitly has an 'any' type.
src/app/api/invoices/route.ts(57,17): error TS2339: Property 'isOwner' does not exist on type 'AuthenticatedAccessUser'.
src/app/api/leases/[id]/generate-invoices/route.ts(29,68): error TS7006: Parameter 'user' implicitly has an 'any' type.
src/app/api/leases/[id]/payment-sync/route.ts(241,45): error TS2551: Property 'invoices' does not exist on type 'Document<unknown, {}, IPayment, {}, {}> & IPayment & Required<{ _id: ObjectId; }> & { __v: number; }'. Did you mean 'invoiceId'?
src/app/api/leases/[id]/payment-sync/route.ts(243,40): error TS2339: Property 'invoiceEmailSent' does not exist on type 'Document<unknown, {}, IPayment, {}, {}> & IPayment & Required<{ _id: ObjectId; }> & { __v: number; }'.
src/app/api/leases/[id]/renew/route.ts(29,68): error TS7006: Parameter 'user' implicitly has an 'any' type.
src/app/api/leases/[id]/route.ts(77,23): error TS2339: Property 'ownerId' does not exist on type 'ObjectId'.
src/app/api/leases/[id]/route.ts(78,23): error TS2339: Property 'managerId' does not exist on type 'ObjectId'.
src/app/api/leases/[id]/route.ts(79,23): error TS2339: Property 'ownerId' does not exist on type 'ObjectId'.
src/app/api/leases/[id]/route.ts(80,23): error TS2339: Property 'managerId' does not exist on type 'ObjectId'.
src/app/api/leases/route.ts(80,23): error TS2339: Property 'isOwner' does not exist on type 'AuthenticatedAccessUser'.
src/app/api/maintenance/[id]/contact/route.ts(32,5): error TS7006: Parameter 'user' implicitly has an 'any' type.
src/app/api/maintenance/[id]/route.ts(44,9): error TS2552: Cannot find name 'user'. Did you mean '_user'?
src/app/api/maintenance/[id]/route.ts(44,28): error TS2552: Cannot find name 'user'. Did you mean '_user'?
src/app/api/maintenance/[id]/route.ts(46,23): error TS2552: Cannot find name 'user'. Did you mean '_user'?
src/app/api/maintenance/emergency/stats/route.ts(44,9): error TS2552: Cannot find name 'user'. Did you mean '_user'?
src/app/api/maintenance/emergency/stats/route.ts(44,28): error TS2552: Cannot find name 'user'. Did you mean '_user'?
src/app/api/maintenance/emergency/stats/route.ts(46,23): error TS2552: Cannot find name 'user'. Did you mean '_user'?
src/app/api/maintenance/route.ts(93,17): error TS2339: Property 'isOwner' does not exist on type 'AuthenticatedAccessUser'.
src/app/api/notifications/stream/route.ts(10,3): error TS7006: Parameter 'user' implicitly has an 'any' type.
src/app/api/payments/[id]/process/route.ts(37,13): error TS2339: Property 'db' does not exist on type 'typeof import("mongoose")'.
src/app/api/payments/[id]/process/route.ts(210,13): error TS2339: Property 'db' does not exist on type 'typeof import("mongoose")'.
src/app/api/payments/[id]/route.ts(107,26): error TS2552: Cannot find name 'Property'. Did you mean 'property'?
src/app/api/payments/create-intent/route.ts(29,68): error TS7006: Parameter 'user' implicitly has an 'any' type.
src/app/api/payments/record/route.ts(29,68): error TS7006: Parameter 'user' implicitly has an 'any' type.
src/app/api/payments/route-backup.ts(128,11): error TS2304: Cannot find name 'validateRequestBody'.
src/app/api/payments/route.ts(56,17): error TS2339: Property 'isOwner' does not exist on type 'AuthenticatedAccessUser'.
src/app/api/payments/status/[paymentIntentId]/route.ts(79,16): error TS2678: Type '"payment_failed"' is not comparable to type 'Status'.
src/app/api/properties/[id]/route.ts(152,27): error TS2339: Property 'ownerId' does not exist on type '{ type?: PropertyType | undefined; name?: string | undefined; status?: PropertyStatus | undefined; images?: string[] | undefined; attachments?: { fileName: string; fileUrl: string; fileSize: number; fileType: string; }[] | undefined; ... 7 more ...; features?: string[] | undefined; }'.
src/app/api/properties/[id]/route.ts(154,29): error TS2339: Property 'managerId' does not exist on type '{ type?: PropertyType | undefined; name?: string | undefined; status?: PropertyStatus | undefined; images?: string[] | undefined; attachments?: { fileName: string; fileUrl: string; fileSize: number; fileType: string; }[] | undefined; ... 7 more ...; features?: string[] | undefined; }'.
src/app/api/properties/[id]/route.ts(162,9): error TS2339: Property 'bedrooms' does not exist on type '{ type?: PropertyType | undefined; name?: string | undefined; status?: PropertyStatus | undefined; images?: string[] | undefined; attachments?: { fileName: string; fileUrl: string; fileSize: number; fileType: string; }[] | undefined; ... 7 more ...; features?: string[] | undefined; }'.
src/app/api/properties/[id]/route.ts(163,9): error TS2339: Property 'bathrooms' does not exist on type '{ type?: PropertyType | undefined; name?: string | undefined; status?: PropertyStatus | undefined; images?: string[] | undefined; attachments?: { fileName: string; fileUrl: string; fileSize: number; fileType: string; }[] | undefined; ... 7 more ...; features?: string[] | undefined; }'.
src/app/api/properties/[id]/route.ts(164,9): error TS2339: Property 'squareFootage' does not exist on type '{ type?: PropertyType | undefined; name?: string | undefined; status?: PropertyStatus | undefined; images?: string[] | undefined; attachments?: { fileName: string; fileUrl: string; fileSize: number; fileType: string; }[] | undefined; ... 7 more ...; features?: string[] | undefined; }'.
src/app/api/properties/[id]/route.ts(165,9): error TS2339: Property 'rentAmount' does not exist on type '{ type?: PropertyType | undefined; name?: string | undefined; status?: PropertyStatus | undefined; images?: string[] | undefined; attachments?: { fileName: string; fileUrl: string; fileSize: number; fileType: string; }[] | undefined; ... 7 more ...; features?: string[] | undefined; }'.
src/app/api/properties/[id]/route.ts(166,9): error TS2339: Property 'securityDeposit' does not exist on type '{ type?: PropertyType | undefined; name?: string | undefined; status?: PropertyStatus | undefined; images?: string[] | undefined; attachments?: { fileName: string; fileUrl: string; fileSize: number; fileType: string; }[] | undefined; ... 7 more ...; features?: string[] | undefined; }'.
src/app/api/properties/[id]/route.ts(175,9): error TS2322: Type '{ unitNumber: string; unitType: "apartment" | "house" | "studio" | "penthouse" | "loft" | "room"; bedrooms: number; bathrooms: number; squareFootage: number; rentAmount: number; securityDeposit: number; ... 19 more ...; lastRenovated?: Date | undefined; }[]' is not assignable to type 'IEmbeddedUnit[]'.
  Type '{ unitNumber: string; unitType: "apartment" | "house" | "studio" | "penthouse" | "loft" | "room"; bedrooms: number; bathrooms: number; squareFootage: number; rentAmount: number; securityDeposit: number; ... 19 more ...; lastRenovated?: Date | undefined; }' is not assignable to type 'IEmbeddedUnit'.
    Types of property 'status' are incompatible.
      Type 'PropertyStatus | undefined' is not assignable to type 'PropertyStatus'.
        Type 'undefined' is not assignable to type 'PropertyStatus'.
src/app/api/properties/[id]/sync-debug/route.ts(25,5): error TS7006: Parameter 'user' implicitly has an 'any' type.
src/app/api/properties/[id]/sync-debug/route.ts(109,11): error TS2345: Argument of type 'string' is not assignable to parameter of type 'never'.
src/app/api/properties/[id]/sync-debug/route.ts(118,11): error TS2345: Argument of type '"All units are occupied - property should be marked as 'occupied'"' is not assignable to parameter of type 'never'.
src/app/api/properties/[id]/sync-debug/route.ts(124,11): error TS2345: Argument of type 'string' is not assignable to parameter of type 'never'.
src/app/api/properties/[id]/sync-debug/route.ts(159,17): error TS2339: Property 'dataIssues' does not exist on type '{ property: { id: ObjectId; name: string; currentStatus: PropertyStatus; isMultiUnit: boolean; totalUnits: number; lastUpdated: Date; }; units: { count: number; statuses: { ...; }[]; statusCounts: { ...; }; }; synchronization: { ...; }; businessRules: { ...; }; recommendations: never[]; }'.
src/app/api/properties/[id]/sync-debug/route.ts(179,5): error TS7006: Parameter 'user' implicitly has an 'any' type.
src/app/api/properties/[id]/tenants/route.ts(20,5): error TS7006: Parameter 'user' implicitly has an 'any' type.
src/app/api/properties/[id]/units/[unitId]/route.ts(29,68): error TS7006: Parameter 'user' implicitly has an 'any' type.
src/app/api/properties/[id]/units/available/route.ts(23,5): error TS7006: Parameter 'user' implicitly has an 'any' type.
src/app/api/properties/route.ts(29,68): error TS7006: Parameter 'user' implicitly has an 'any' type.
src/app/api/push/subscribe/route.ts(29,68): error TS7006: Parameter 'user' implicitly has an 'any' type.
src/app/api/push/unsubscribe/route.ts(29,68): error TS7006: Parameter 'user' implicitly has an 'any' type.
src/app/api/seed/invoices/route.ts(17,10): error TS7006: Parameter 'user' implicitly has an 'any' type.
src/app/api/seed/invoices/route.ts(169,10): error TS7006: Parameter 'user' implicitly has an 'any' type.
src/app/api/seed/invoices/route.ts(199,33): error TS2339: Property 'firstName' does not exist on type 'ObjectId'.
src/app/api/seed/invoices/route.ts(199,57): error TS2339: Property 'lastName' does not exist on type 'ObjectId'.
src/app/api/seed/invoices/route.ts(201,39): error TS2339: Property 'name' does not exist on type 'ObjectId'.
src/app/api/seed/invoices/route.ts(207,33): error TS2339: Property 'firstName' does not exist on type 'ObjectId'.
src/app/api/seed/invoices/route.ts(207,57): error TS2339: Property 'lastName' does not exist on type 'ObjectId'.
src/app/api/seed/invoices/route.ts(209,39): error TS2339: Property 'name' does not exist on type 'ObjectId'.
src/app/api/seed/invoices/route.ts(225,10): error TS7006: Parameter 'user' implicitly has an 'any' type.
src/app/api/seed/maintenance/route.ts(17,10): error TS7006: Parameter 'user' implicitly has an 'any' type.
src/app/api/seed/maintenance/route.ts(96,10): error TS7006: Parameter 'user' implicitly has an 'any' type.
src/app/api/seed/maintenance/route.ts(121,39): error TS2339: Property 'name' does not exist on type 'ObjectId'.
src/app/api/seed/maintenance/route.ts(123,33): error TS2339: Property 'firstName' does not exist on type 'ObjectId'.
src/app/api/seed/maintenance/route.ts(123,57): error TS2339: Property 'lastName' does not exist on type 'ObjectId'.
src/app/api/sessions/[id]/route.ts(21,5): error TS7006: Parameter 'user' implicitly has an 'any' type.
src/app/api/sessions/[id]/route.ts(71,5): error TS7006: Parameter 'user' implicitly has an 'any' type.
src/app/api/sessions/route.ts(159,27): error TS18048: 'paginationParams.page' is possibly 'undefined'.
src/app/api/sessions/route.ts(159,56): error TS18048: 'paginationParams.limit' is possibly 'undefined'.
src/app/api/sessions/route.ts(160,37): error TS18048: 'paginationParams.limit' is possibly 'undefined'.
src/app/api/sessions/route.ts(164,49): error TS18048: 'paginationParams.limit' is possibly 'undefined'.
src/app/api/sessions/route.ts(201,10): error TS7006: Parameter 'user' implicitly has an 'any' type.
src/app/api/settings/display/__tests__/route.test.ts(13,1): error TS2304: Cannot find name 'jest'.
src/app/api/settings/display/__tests__/route.test.ts(14,1): error TS2304: Cannot find name 'jest'.
src/app/api/settings/display/__tests__/route.test.ts(15,1): error TS2304: Cannot find name 'jest'.
src/app/api/settings/display/__tests__/route.test.ts(41,18): error TS2304: Cannot find name 'jest'.
src/app/api/settings/display/__tests__/route.test.ts(44,1): error TS2582: Cannot find name 'describe'. Do you need to install type definitions for a test runner? Try `npm i --save-dev @types/jest` or `npm i --save-dev @types/mocha`.
src/app/api/settings/display/__tests__/route.test.ts(45,3): error TS2304: Cannot find name 'beforeEach'.
src/app/api/settings/display/__tests__/route.test.ts(46,5): error TS2304: Cannot find name 'jest'.
src/app/api/settings/display/__tests__/route.test.ts(47,14): error TS2503: Cannot find namespace 'jest'.
src/app/api/settings/display/__tests__/route.test.ts(48,19): error TS2503: Cannot find namespace 'jest'.
src/app/api/settings/display/__tests__/route.test.ts(49,15): error TS2551: Property 'findByUserId' does not exist on type 'Model<ISettings, {}, {}, {}, Document<unknown, {}, ISettings, {}, {}> & ISettings & Required<{ _id: ObjectId; }> & { ...; }, any>'. Did you mean 'findById'?
src/app/api/settings/display/__tests__/route.test.ts(49,31): error TS2503: Cannot find namespace 'jest'.
src/app/api/settings/display/__tests__/route.test.ts(52,3): error TS2582: Cannot find name 'describe'. Do you need to install type definitions for a test runner? Try `npm i --save-dev @types/jest` or `npm i --save-dev @types/mocha`.
src/app/api/settings/display/__tests__/route.test.ts(53,5): error TS2582: Cannot find name 'it'. Do you need to install type definitions for a test runner? Try `npm i --save-dev @types/jest` or `npm i --save-dev @types/mocha`.
src/app/api/settings/display/__tests__/route.test.ts(60,7): error TS2304: Cannot find name 'expect'.
src/app/api/settings/display/__tests__/route.test.ts(61,7): error TS2304: Cannot find name 'expect'.
src/app/api/settings/display/__tests__/route.test.ts(62,7): error TS2304: Cannot find name 'expect'.
src/app/api/settings/display/__tests__/route.test.ts(63,7): error TS2304: Cannot find name 'expect'.
src/app/api/settings/display/__tests__/route.test.ts(66,5): error TS2582: Cannot find name 'it'. Do you need to install type definitions for a test runner? Try `npm i --save-dev @types/jest` or `npm i --save-dev @types/mocha`.
src/app/api/settings/display/__tests__/route.test.ts(73,7): error TS2304: Cannot find name 'expect'.
src/app/api/settings/display/__tests__/route.test.ts(74,7): error TS2304: Cannot find name 'expect'.
src/app/api/settings/display/__tests__/route.test.ts(75,7): error TS2304: Cannot find name 'expect'.
src/app/api/settings/display/__tests__/route.test.ts(78,5): error TS2582: Cannot find name 'it'. Do you need to install type definitions for a test runner? Try `npm i --save-dev @types/jest` or `npm i --save-dev @types/mocha`.
src/app/api/settings/display/__tests__/route.test.ts(85,7): error TS2304: Cannot find name 'expect'.
src/app/api/settings/display/__tests__/route.test.ts(86,7): error TS2304: Cannot find name 'expect'.
src/app/api/settings/display/__tests__/route.test.ts(87,7): error TS2304: Cannot find name 'expect'.
src/app/api/settings/display/__tests__/route.test.ts(88,7): error TS2304: Cannot find name 'expect'.
src/app/api/settings/display/__tests__/route.test.ts(91,5): error TS2582: Cannot find name 'it'. Do you need to install type definitions for a test runner? Try `npm i --save-dev @types/jest` or `npm i --save-dev @types/mocha`.
src/app/api/settings/display/__tests__/route.test.ts(92,16): error TS2503: Cannot find namespace 'jest'.
src/app/api/settings/display/__tests__/route.test.ts(99,7): error TS2304: Cannot find name 'expect'.
src/app/api/settings/display/__tests__/route.test.ts(102,5): error TS2582: Cannot find name 'it'. Do you need to install type definitions for a test runner? Try `npm i --save-dev @types/jest` or `npm i --save-dev @types/mocha`.
src/app/api/settings/display/__tests__/route.test.ts(103,17): error TS2551: Property 'findByUserId' does not exist on type 'Model<ISettings, {}, {}, {}, Document<unknown, {}, ISettings, {}, {}> & ISettings & Required<{ _id: ObjectId; }> & { ...; }, any>'. Did you mean 'findById'?
src/app/api/settings/display/__tests__/route.test.ts(103,33): error TS2503: Cannot find namespace 'jest'.
src/app/api/settings/display/__tests__/route.test.ts(110,7): error TS2304: Cannot find name 'expect'.
src/app/api/settings/display/__tests__/route.test.ts(114,3): error TS2582: Cannot find name 'describe'. Do you need to install type definitions for a test runner? Try `npm i --save-dev @types/jest` or `npm i --save-dev @types/mocha`.
src/app/api/settings/display/__tests__/route.test.ts(115,5): error TS2582: Cannot find name 'it'. Do you need to install type definitions for a test runner? Try `npm i --save-dev @types/jest` or `npm i --save-dev @types/mocha`.
src/app/api/settings/display/__tests__/route.test.ts(135,7): error TS2304: Cannot find name 'expect'.
src/app/api/settings/display/__tests__/route.test.ts(136,7): error TS2304: Cannot find name 'expect'.
src/app/api/settings/display/__tests__/route.test.ts(137,7): error TS2304: Cannot find name 'expect'.
src/app/api/settings/display/__tests__/route.test.ts(138,7): error TS2304: Cannot find name 'expect'.
src/app/api/settings/display/__tests__/route.test.ts(141,5): error TS2582: Cannot find name 'it'. Do you need to install type definitions for a test runner? Try `npm i --save-dev @types/jest` or `npm i --save-dev @types/mocha`.
src/app/api/settings/display/__tests__/route.test.ts(160,7): error TS2304: Cannot find name 'expect'.
src/app/api/settings/display/__tests__/route.test.ts(163,5): error TS2582: Cannot find name 'it'. Do you need to install type definitions for a test runner? Try `npm i --save-dev @types/jest` or `npm i --save-dev @types/mocha`.
src/app/api/settings/display/__tests__/route.test.ts(183,7): error TS2304: Cannot find name 'expect'.
src/app/api/settings/display/__tests__/route.test.ts(184,7): error TS2304: Cannot find name 'expect'.
src/app/api/settings/display/__tests__/route.test.ts(185,9): error TS2304: Cannot find name 'expect'.
src/app/api/settings/display/__tests__/route.test.ts(186,21): error TS2304: Cannot find name 'expect'.
src/app/api/settings/display/__tests__/route.test.ts(195,5): error TS2582: Cannot find name 'it'. Do you need to install type definitions for a test runner? Try `npm i --save-dev @types/jest` or `npm i --save-dev @types/mocha`.
src/app/api/settings/display/__tests__/route.test.ts(196,16): error TS2503: Cannot find namespace 'jest'.
src/app/api/settings/display/__tests__/route.test.ts(208,7): error TS2304: Cannot find name 'expect'.
src/app/api/settings/display/__tests__/route.test.ts(212,3): error TS2582: Cannot find name 'describe'. Do you need to install type definitions for a test runner? Try `npm i --save-dev @types/jest` or `npm i --save-dev @types/mocha`.
src/app/api/settings/display/__tests__/route.test.ts(213,5): error TS2582: Cannot find name 'it'. Do you need to install type definitions for a test runner? Try `npm i --save-dev @types/jest` or `npm i --save-dev @types/mocha`.
src/app/api/settings/display/__tests__/route.test.ts(228,7): error TS2304: Cannot find name 'expect'.
src/app/api/settings/display/__tests__/route.test.ts(229,7): error TS2304: Cannot find name 'expect'.
src/app/api/settings/display/__tests__/route.test.ts(230,7): error TS2304: Cannot find name 'expect'.
src/app/api/settings/display/__tests__/route.test.ts(231,7): error TS2304: Cannot find name 'expect'.
src/app/api/settings/display/__tests__/route.test.ts(234,5): error TS2582: Cannot find name 'it'. Do you need to install type definitions for a test runner? Try `npm i --save-dev @types/jest` or `npm i --save-dev @types/mocha`.
src/app/api/settings/display/__tests__/route.test.ts(262,7): error TS2304: Cannot find name 'expect'.
src/app/api/settings/display/__tests__/route.test.ts(263,7): error TS2304: Cannot find name 'expect'.
src/app/api/settings/display/__tests__/route.test.ts(264,7): error TS2304: Cannot find name 'expect'.
src/app/api/settings/display/__tests__/route.test.ts(265,7): error TS2304: Cannot find name 'expect'.
src/app/api/settings/display/__tests__/route.test.ts(268,5): error TS2582: Cannot find name 'it'. Do you need to install type definitions for a test runner? Try `npm i --save-dev @types/jest` or `npm i --save-dev @types/mocha`.
src/app/api/settings/display/__tests__/route.test.ts(289,7): error TS2304: Cannot find name 'expect'.
src/app/api/settings/display/__tests__/route.test.ts(292,5): error TS2582: Cannot find name 'it'. Do you need to install type definitions for a test runner? Try `npm i --save-dev @types/jest` or `npm i --save-dev @types/mocha`.
src/app/api/settings/display/__tests__/route.test.ts(306,7): error TS2304: Cannot find name 'expect'.
src/app/api/settings/display/__tests__/route.test.ts(309,5): error TS2582: Cannot find name 'it'. Do you need to install type definitions for a test runner? Try `npm i --save-dev @types/jest` or `npm i --save-dev @types/mocha`.
src/app/api/settings/display/__tests__/route.test.ts(310,16): error TS2503: Cannot find namespace 'jest'.
src/app/api/settings/display/__tests__/route.test.ts(322,7): error TS2304: Cannot find name 'expect'.
src/app/api/settings/display/__tests__/route.test.ts(326,3): error TS2582: Cannot find name 'describe'. Do you need to install type definitions for a test runner? Try `npm i --save-dev @types/jest` or `npm i --save-dev @types/mocha`.
src/app/api/settings/display/__tests__/route.test.ts(327,5): error TS2582: Cannot find name 'it'. Do you need to install type definitions for a test runner? Try `npm i --save-dev @types/jest` or `npm i --save-dev @types/mocha`.
src/app/api/settings/display/__tests__/route.test.ts(328,21): error TS2503: Cannot find namespace 'jest'.
src/app/api/settings/display/__tests__/route.test.ts(337,7): error TS2304: Cannot find name 'expect'.
src/app/api/settings/display/__tests__/route.test.ts(340,5): error TS2582: Cannot find name 'it'. Do you need to install type definitions for a test runner? Try `npm i --save-dev @types/jest` or `npm i --save-dev @types/mocha`.
src/app/api/settings/display/__tests__/route.test.ts(354,7): error TS2304: Cannot find name 'expect'.
src/app/api/settings/display/__tests__/route.test.ts(357,5): error TS2582: Cannot find name 'it'. Do you need to install type definitions for a test runner? Try `npm i --save-dev @types/jest` or `npm i --save-dev @types/mocha`.
src/app/api/settings/display/__tests__/route.test.ts(375,7): error TS2304: Cannot find name 'expect'.
src/app/api/settings/display/history/route.ts(42,47): error TS2339: Property 'getHistory' does not exist on type 'Model<IUserSettingsHistory, {}, {}, {}, Document<unknown, {}, IUserSettingsHistory, {}, {}> & IUserSettingsHistory & Required<...> & { ...; }, any>'.
src/app/api/settings/display/history/route.ts(116,60): error TS2339: Property 'getSettingsByVersion' does not exist on type 'Model<IUserSettingsHistory, {}, {}, {}, Document<unknown, {}, IUserSettingsHistory, {}, {}> & IUserSettingsHistory & Required<...> & { ...; }, any>'.
src/app/api/settings/display/history/route.ts(127,43): error TS2551: Property 'findByUserId' does not exist on type 'Model<ISettings, {}, {}, {}, Document<unknown, {}, ISettings, {}, {}> & ISettings & Required<{ _id: ObjectId; }> & { ...; }, any>'. Did you mean 'findById'?
src/app/api/settings/display/history/route.ts(135,33): error TS2339: Property 'createHistoryEntry' does not exist on type 'Model<IUserSettingsHistory, {}, {}, {}, Document<unknown, {}, IUserSettingsHistory, {}, {}> & IUserSettingsHistory & Required<...> & { ...; }, any>'.
src/app/api/settings/display/history/route.ts(153,46): error TS2551: Property 'findByUserId' does not exist on type 'Model<ISettings, {}, {}, {}, Document<unknown, {}, ISettings, {}, {}> & ISettings & Required<{ _id: ObjectId; }> & { ...; }, any>'. Did you mean 'findById'?
src/app/api/settings/display/history/route.ts(172,51): error TS2339: Property 'getSettingsByVersion' does not exist on type 'Model<IUserSettingsHistory, {}, {}, {}, Document<unknown, {}, IUserSettingsHistory, {}, {}> & IUserSettingsHistory & Required<...> & { ...; }, any>'.
src/app/api/settings/display/history/route.ts(177,51): error TS2339: Property 'getSettingsByVersion' does not exist on type 'Model<IUserSettingsHistory, {}, {}, {}, Document<unknown, {}, IUserSettingsHistory, {}, {}> & IUserSettingsHistory & Required<...> & { ...; }, any>'.
src/app/api/settings/email/route.ts(50,46): error TS2339: Property 'getSettings' does not exist on type 'Model<ISystemSettingsNew, {}, {}, {}, Document<unknown, {}, ISystemSettingsNew, {}, {}> & ISystemSettingsNew & Required<...> & { ...; }, any>'.
src/app/api/settings/email/route.ts(52,44): error TS2339: Property 'createDefaultSettings' does not exist on type 'Model<ISystemSettingsNew, {}, {}, {}, Document<unknown, {}, ISystemSettingsNew, {}, {}> & ISystemSettingsNew & Required<...> & { ...; }, any>'.
src/app/api/settings/email/route.ts(131,46): error TS2339: Property 'getSettings' does not exist on type 'Model<ISystemSettingsNew, {}, {}, {}, Document<unknown, {}, ISystemSettingsNew, {}, {}> & ISystemSettingsNew & Required<...> & { ...; }, any>'.
src/app/api/settings/email/route.ts(133,44): error TS2339: Property 'createDefaultSettings' does not exist on type 'Model<ISystemSettingsNew, {}, {}, {}, Document<unknown, {}, ISystemSettingsNew, {}, {}> & ISystemSettingsNew & Required<...> & { ...; }, any>'.
src/app/api/settings/email/test/route.ts(71,45): error TS2339: Property 'getSettings' does not exist on type 'Model<ISystemSettingsNew, {}, {}, {}, Document<unknown, {}, ISystemSettingsNew, {}, {}> & ISystemSettingsNew & Required<...> & { ...; }, any>'.
src/app/api/settings/notifications/route.ts(38,59): error TS2551: Property 'findByUserId' does not exist on type 'Model<INotificationSettings, {}, {}, {}, Document<unknown, {}, INotificationSettings, {}, {}> & INotificationSettings & Required<...> & { ...; }, any>'. Did you mean 'findById'?
src/app/api/settings/notifications/route.ts(43,36): error TS2339: Property 'createDefaultNotifications' does not exist on type 'Model<INotificationSettings, {}, {}, {}, Document<unknown, {}, INotificationSettings, {}, {}> & INotificationSettings & Required<...> & { ...; }, any>'.
src/app/api/settings/notifications/route.ts(101,59): error TS2551: Property 'findByUserId' does not exist on type 'Model<INotificationSettings, {}, {}, {}, Document<unknown, {}, INotificationSettings, {}, {}> & INotificationSettings & Required<...> & { ...; }, any>'. Did you mean 'findById'?
src/app/api/settings/notifications/route.ts(175,59): error TS2551: Property 'findByUserId' does not exist on type 'Model<INotificationSettings, {}, {}, {}, Document<unknown, {}, INotificationSettings, {}, {}> & INotificationSettings & Required<...> & { ...; }, any>'. Did you mean 'findById'?
src/app/api/settings/notifications/route.ts(180,36): error TS2339: Property 'createDefaultNotifications' does not exist on type 'Model<INotificationSettings, {}, {}, {}, Document<unknown, {}, INotificationSettings, {}, {}> & INotificationSettings & Required<...> & { ...; }, any>'.
src/app/api/settings/notifications/route.ts(231,57): error TS2551: Property 'findByUserId' does not exist on type 'Model<INotificationSettings, {}, {}, {}, Document<unknown, {}, INotificationSettings, {}, {}> & INotificationSettings & Required<...> & { ...; }, any>'. Did you mean 'findById'?
src/app/api/settings/notifications/route.ts(239,34): error TS2339: Property 'createDefaultNotifications' does not exist on type 'Model<INotificationSettings, {}, {}, {}, Document<unknown, {}, INotificationSettings, {}, {}> & INotificationSettings & Required<...> & { ...; }, any>'.
src/app/api/settings/payment/route.ts(87,46): error TS2339: Property 'getSettings' does not exist on type 'Model<ISystemSettingsNew, {}, {}, {}, Document<unknown, {}, ISystemSettingsNew, {}, {}> & ISystemSettingsNew & Required<...> & { ...; }, any>'.
src/app/api/settings/payment/route.ts(89,44): error TS2339: Property 'createDefaultSettings' does not exist on type 'Model<ISystemSettingsNew, {}, {}, {}, Document<unknown, {}, ISystemSettingsNew, {}, {}> & ISystemSettingsNew & Required<...> & { ...; }, any>'.
src/app/api/settings/payment/route.ts(108,46): error TS2339: Property 'getSettings' does not exist on type 'Model<ISystemSettingsNew, {}, {}, {}, Document<unknown, {}, ISystemSettingsNew, {}, {}> & ISystemSettingsNew & Required<...> & { ...; }, any>'.
src/app/api/settings/payment/route.ts(110,44): error TS2339: Property 'createDefaultSettings' does not exist on type 'Model<ISystemSettingsNew, {}, {}, {}, Document<unknown, {}, ISystemSettingsNew, {}, {}> & ISystemSettingsNew & Required<...> & { ...; }, any>'.
src/app/api/settings/payment/test/route.ts(55,47): error TS2339: Property 'getSettings' does not exist on type 'Model<ISystemSettingsNew, {}, {}, {}, Document<unknown, {}, ISystemSettingsNew, {}, {}> & ISystemSettingsNew & Required<...> & { ...; }, any>'.
src/app/api/settings/payment/test/route.ts(73,11): error TS2322: Type '"2024-06-20"' is not assignable to type '"2026-06-24.dahlia"'.
src/app/api/settings/payment/test/route.ts(102,47): error TS2339: Property 'getSettings' does not exist on type 'Model<ISystemSettingsNew, {}, {}, {}, Document<unknown, {}, ISystemSettingsNew, {}, {}> & ISystemSettingsNew & Required<...> & { ...; }, any>'.
src/app/api/settings/payment/test/route.ts(155,47): error TS2339: Property 'getSettings' does not exist on type 'Model<ISystemSettingsNew, {}, {}, {}, Document<unknown, {}, ISystemSettingsNew, {}, {}> & ISystemSettingsNew & Required<...> & { ...; }, any>'.
src/app/api/settings/payment/test/route.ts(200,47): error TS2339: Property 'getSettings' does not exist on type 'Model<ISystemSettingsNew, {}, {}, {}, Document<unknown, {}, ISystemSettingsNew, {}, {}> & ISystemSettingsNew & Required<...> & { ...; }, any>'.
src/app/api/settings/privacy/route.ts(38,49): error TS2551: Property 'findByUserId' does not exist on type 'Model<IPrivacySettings, {}, {}, {}, Document<unknown, {}, IPrivacySettings, {}, {}> & IPrivacySettings & Required<{ _id: ObjectId; }> & { ...; }, any>'. Did you mean 'findById'?
src/app/api/settings/privacy/route.ts(42,47): error TS2339: Property 'createDefaultPrivacy' does not exist on type 'Model<IPrivacySettings, {}, {}, {}, Document<unknown, {}, IPrivacySettings, {}, {}> & IPrivacySettings & Required<{ _id: ObjectId; }> & { ...; }, any>'.
src/app/api/settings/privacy/route.ts(100,49): error TS2551: Property 'findByUserId' does not exist on type 'Model<IPrivacySettings, {}, {}, {}, Document<unknown, {}, IPrivacySettings, {}, {}> & IPrivacySettings & Required<{ _id: ObjectId; }> & { ...; }, any>'. Did you mean 'findById'?
src/app/api/settings/privacy/route.ts(172,49): error TS2551: Property 'findByUserId' does not exist on type 'Model<IPrivacySettings, {}, {}, {}, Document<unknown, {}, IPrivacySettings, {}, {}> & IPrivacySettings & Required<{ _id: ObjectId; }> & { ...; }, any>'. Did you mean 'findById'?
src/app/api/settings/privacy/route.ts(176,47): error TS2339: Property 'createDefaultPrivacy' does not exist on type 'Model<IPrivacySettings, {}, {}, {}, Document<unknown, {}, IPrivacySettings, {}, {}> & IPrivacySettings & Required<{ _id: ObjectId; }> & { ...; }, any>'.
src/app/api/settings/privacy/route.ts(227,52): error TS2551: Property 'findByUserId' does not exist on type 'Model<IPrivacySettings, {}, {}, {}, Document<unknown, {}, IPrivacySettings, {}, {}> & IPrivacySettings & Required<{ _id: ObjectId; }> & { ...; }, any>'. Did you mean 'findById'?
src/app/api/settings/privacy/route.ts(234,51): error TS2339: Property 'createDefaultPrivacy' does not exist on type 'Model<IPrivacySettings, {}, {}, {}, Document<unknown, {}, IPrivacySettings, {}, {}> & IPrivacySettings & Required<{ _id: ObjectId; }> & { ...; }, any>'.
src/app/api/settings/profile/route.ts(38,49): error TS2551: Property 'findByUserId' does not exist on type 'Model<IProfileSettings, {}, {}, {}, Document<unknown, {}, IProfileSettings, {}, {}> & IProfileSettings & Required<{ _id: ObjectId; }> & { ...; }, any>'. Did you mean 'findById'?
src/app/api/settings/profile/route.ts(43,49): error TS2339: Property 'createDefaultProfile' does not exist on type 'Model<IProfileSettings, {}, {}, {}, Document<unknown, {}, IProfileSettings, {}, {}> & IProfileSettings & Required<{ _id: ObjectId; }> & { ...; }, any>'.
src/app/api/settings/profile/route.ts(114,51): error TS2339: Property 'updateByUserId' does not exist on type 'Model<IProfileSettings, {}, {}, {}, Document<unknown, {}, IProfileSettings, {}, {}> & IProfileSettings & Required<{ _id: ObjectId; }> & { ...; }, any>'.
src/app/api/settings/profile/route.ts(174,49): error TS2551: Property 'findByUserId' does not exist on type 'Model<IProfileSettings, {}, {}, {}, Document<unknown, {}, IProfileSettings, {}, {}> & IProfileSettings & Required<{ _id: ObjectId; }> & { ...; }, any>'. Did you mean 'findById'?
src/app/api/settings/profile/route.ts(178,47): error TS2339: Property 'createDefaultProfile' does not exist on type 'Model<IProfileSettings, {}, {}, {}, Document<unknown, {}, IProfileSettings, {}, {}> & IProfileSettings & Required<{ _id: ObjectId; }> & { ...; }, any>'.
src/app/api/settings/profile/route.ts(227,52): error TS2551: Property 'findByUserId' does not exist on type 'Model<IProfileSettings, {}, {}, {}, Document<unknown, {}, IProfileSettings, {}, {}> & IProfileSettings & Required<{ _id: ObjectId; }> & { ...; }, any>'. Did you mean 'findById'?
src/app/api/settings/profile/route.ts(234,51): error TS2339: Property 'createDefaultProfile' does not exist on type 'Model<IProfileSettings, {}, {}, {}, Document<unknown, {}, IProfileSettings, {}, {}> & IProfileSettings & Required<{ _id: ObjectId; }> & { ...; }, any>'.
src/app/api/settings/route.ts(29,68): error TS7006: Parameter 'user' implicitly has an 'any' type.
src/app/api/settings/security/route.ts(38,51): error TS2551: Property 'findByUserId' does not exist on type 'Model<ISecuritySettings, {}, {}, {}, Document<unknown, {}, ISecuritySettings, {}, {}> & ISecuritySettings & Required<...> & { ...; }, any>'. Did you mean 'findById'?
src/app/api/settings/security/route.ts(42,49): error TS2339: Property 'createDefaultSecurity' does not exist on type 'Model<ISecuritySettings, {}, {}, {}, Document<unknown, {}, ISecuritySettings, {}, {}> & ISecuritySettings & Required<...> & { ...; }, any>'.
src/app/api/settings/security/route.ts(93,7): error TS2353: Object literal may only specify known properties, and 'max' does not exist in type 'RateLimitConfig'.
src/app/api/settings/security/route.ts(124,51): error TS2551: Property 'findByUserId' does not exist on type 'Model<ISecuritySettings, {}, {}, {}, Document<unknown, {}, ISecuritySettings, {}, {}> & ISecuritySettings & Required<...> & { ...; }, any>'. Did you mean 'findById'?
src/app/api/settings/security/route.ts(177,7): error TS2353: Object literal may only specify known properties, and 'max' does not exist in type 'RateLimitConfig'.
src/app/api/settings/security/route.ts(210,51): error TS2551: Property 'findByUserId' does not exist on type 'Model<ISecuritySettings, {}, {}, {}, Document<unknown, {}, ISecuritySettings, {}, {}> & ISecuritySettings & Required<...> & { ...; }, any>'. Did you mean 'findById'?
src/app/api/settings/security/route.ts(214,49): error TS2339: Property 'createDefaultSecurity' does not exist on type 'Model<ISecuritySettings, {}, {}, {}, Document<unknown, {}, ISecuritySettings, {}, {}> & ISecuritySettings & Required<...> & { ...; }, any>'.
src/app/api/settings/security/route.ts(264,7): error TS2353: Object literal may only specify known properties, and 'max' does not exist in type 'RateLimitConfig'.
src/app/api/settings/security/route.ts(277,53): error TS2551: Property 'findByUserId' does not exist on type 'Model<ISecuritySettings, {}, {}, {}, Document<unknown, {}, ISecuritySettings, {}, {}> & ISecuritySettings & Required<...> & { ...; }, any>'. Did you mean 'findById'?
src/app/api/settings/security/route.ts(285,30): error TS2339: Property 'createDefaultSecurity' does not exist on type 'Model<ISecuritySettings, {}, {}, {}, Document<unknown, {}, ISecuritySettings, {}, {}> & ISecuritySettings & Required<...> & { ...; }, any>'.
src/app/api/settings/user/route.ts(41,37): error TS2551: Property 'findByUserId' does not exist on type 'Model<ISettings, {}, {}, {}, Document<unknown, {}, ISettings, {}, {}> & ISettings & Required<{ _id: ObjectId; }> & { ...; }, any>'. Did you mean 'findById'?
src/app/api/settings/user/route.ts(54,37): error TS2339: Property 'createDefaultSettings' does not exist on type 'Model<ISettings, {}, {}, {}, Document<unknown, {}, ISettings, {}, {}> & ISettings & Required<{ _id: ObjectId; }> & { ...; }, any>'.
src/app/api/settings/user/route.ts(109,39): error TS2551: Property 'findByUserId' does not exist on type 'Model<ISettings, {}, {}, {}, Document<unknown, {}, ISettings, {}, {}> & ISettings & Required<{ _id: ObjectId; }> & { ...; }, any>'. Did you mean 'findById'?
src/app/api/settings/user/route.ts(112,37): error TS2339: Property 'createDefaultSettings' does not exist on type 'Model<ISettings, {}, {}, {}, Document<unknown, {}, ISettings, {}, {}> & ISettings & Required<{ _id: ObjectId; }> & { ...; }, any>'.
src/app/api/settings/user/route.ts(133,44): error TS2551: Property 'findByUserId' does not exist on type 'Model<ISettings, {}, {}, {}, Document<unknown, {}, ISettings, {}, {}> & ISettings & Required<{ _id: ObjectId; }> & { ...; }, any>'. Did you mean 'findById'?
src/app/api/settings/user/route.ts(187,39): error TS2551: Property 'findByUserId' does not exist on type 'Model<ISettings, {}, {}, {}, Document<unknown, {}, ISettings, {}, {}> & ISettings & Required<{ _id: ObjectId; }> & { ...; }, any>'. Did you mean 'findById'?
src/app/api/settings/user/route.ts(190,37): error TS2339: Property 'createDefaultSettings' does not exist on type 'Model<ISettings, {}, {}, {}, Document<unknown, {}, ISettings, {}, {}> & ISettings & Required<{ _id: ObjectId; }> & { ...; }, any>'.
src/app/api/settings/user/route.ts(255,13): error TS18048: 'validatedData' is possibly 'undefined'.
src/app/api/settings/user/route.ts(255,27): error TS2339: Property 'colorScheme' does not exist on type '{ language: string; theme: "system" | "light" | "dark"; currency: string; compact: boolean; contrast: boolean; rtl: boolean; navColor: "integrate" | "apparent"; branding?: { logoLight: string; ... 8 more ...; whatsappEnabled?: boolean | undefined; } | undefined; }'.
src/app/api/settings/user/route.ts(257,50): error TS18048: 'validatedData' is possibly 'undefined'.
src/app/api/settings/user/route.ts(257,64): error TS2339: Property 'colorScheme' does not exist on type '{ language: string; theme: "system" | "light" | "dark"; currency: string; compact: boolean; contrast: boolean; rtl: boolean; navColor: "integrate" | "apparent"; branding?: { logoLight: string; ... 8 more ...; whatsappEnabled?: boolean | undefined; } | undefined; }'.
src/app/api/settings/user/route.ts(273,11): error TS18048: 'validatedData' is possibly 'undefined'.
src/app/api/settings/user/route.ts(273,25): error TS2339: Property 'itemsPerPage' does not exist on type '{ language: string; theme: "system" | "light" | "dark"; currency: string; compact: boolean; contrast: boolean; rtl: boolean; navColor: "integrate" | "apparent"; branding?: { logoLight: string; ... 8 more ...; whatsappEnabled?: boolean | undefined; } | undefined; }'.
src/app/api/settings/user/route.ts(274,12): error TS18048: 'validatedData' is possibly 'undefined'.
src/app/api/settings/user/route.ts(274,26): error TS2339: Property 'itemsPerPage' does not exist on type '{ language: string; theme: "system" | "light" | "dark"; currency: string; compact: boolean; contrast: boolean; rtl: boolean; navColor: "integrate" | "apparent"; branding?: { logoLight: string; ... 8 more ...; whatsappEnabled?: boolean | undefined; } | undefined; }'.
src/app/api/settings/user/route.ts(274,47): error TS18048: 'validatedData' is possibly 'undefined'.
src/app/api/settings/user/route.ts(274,61): error TS2339: Property 'itemsPerPage' does not exist on type '{ language: string; theme: "system" | "light" | "dark"; currency: string; compact: boolean; contrast: boolean; rtl: boolean; navColor: "integrate" | "apparent"; branding?: { logoLight: string; ... 8 more ...; whatsappEnabled?: boolean | undefined; } | undefined; }'.
src/app/api/settings/user/route.ts(321,44): error TS2551: Property 'findByUserId' does not exist on type 'Model<ISettings, {}, {}, {}, Document<unknown, {}, ISettings, {}, {}> & ISettings & Required<{ _id: ObjectId; }> & { ...; }, any>'. Did you mean 'findById'?
src/app/api/settings/user/route.ts(363,44): error TS2339: Property 'createDefaultSettings' does not exist on type 'Model<ISettings, {}, {}, {}, Document<unknown, {}, ISettings, {}, {}> & ISettings & Required<{ _id: ObjectId; }> & { ...; }, any>'.
src/app/api/tenant/dashboard/__tests__/route.test.ts(15,1): error TS2304: Cannot find name 'jest'.
src/app/api/tenant/dashboard/__tests__/route.test.ts(16,1): error TS2304: Cannot find name 'jest'.
src/app/api/tenant/dashboard/__tests__/route.test.ts(17,1): error TS2304: Cannot find name 'jest'.
src/app/api/tenant/dashboard/__tests__/route.test.ts(18,1): error TS2304: Cannot find name 'jest'.
src/app/api/tenant/dashboard/__tests__/route.test.ts(126,1): error TS2582: Cannot find name 'describe'. Do you need to install type definitions for a test runner? Try `npm i --save-dev @types/jest` or `npm i --save-dev @types/mocha`.
src/app/api/tenant/dashboard/__tests__/route.test.ts(127,3): error TS2304: Cannot find name 'beforeEach'.
src/app/api/tenant/dashboard/__tests__/route.test.ts(128,5): error TS2304: Cannot find name 'jest'.
src/app/api/tenant/dashboard/__tests__/route.test.ts(130,14): error TS2503: Cannot find namespace 'jest'.
src/app/api/tenant/dashboard/__tests__/route.test.ts(131,19): error TS2503: Cannot find namespace 'jest'.
src/app/api/tenant/dashboard/__tests__/route.test.ts(133,29): error TS2503: Cannot find namespace 'jest'.
src/app/api/tenant/dashboard/__tests__/route.test.ts(136,20): error TS2503: Cannot find namespace 'jest'.
src/app/api/tenant/dashboard/__tests__/route.test.ts(137,17): error TS2304: Cannot find name 'jest'.
src/app/api/tenant/dashboard/__tests__/route.test.ts(138,15): error TS2304: Cannot find name 'jest'.
src/app/api/tenant/dashboard/__tests__/route.test.ts(143,22): error TS2503: Cannot find namespace 'jest'.
src/app/api/tenant/dashboard/__tests__/route.test.ts(144,13): error TS2304: Cannot find name 'jest'.
src/app/api/tenant/dashboard/__tests__/route.test.ts(145,16): error TS2304: Cannot find name 'jest'.
src/app/api/tenant/dashboard/__tests__/route.test.ts(150,33): error TS2503: Cannot find namespace 'jest'.
src/app/api/tenant/dashboard/__tests__/route.test.ts(151,17): error TS2304: Cannot find name 'jest'.
src/app/api/tenant/dashboard/__tests__/route.test.ts(152,15): error TS2304: Cannot find name 'jest'.
src/app/api/tenant/dashboard/__tests__/route.test.ts(153,18): error TS2304: Cannot find name 'jest'.
src/app/api/tenant/dashboard/__tests__/route.test.ts(159,3): error TS2582: Cannot find name 'it'. Do you need to install type definitions for a test runner? Try `npm i --save-dev @types/jest` or `npm i --save-dev @types/mocha`.
src/app/api/tenant/dashboard/__tests__/route.test.ts(167,5): error TS2304: Cannot find name 'expect'.
src/app/api/tenant/dashboard/__tests__/route.test.ts(168,5): error TS2304: Cannot find name 'expect'.
src/app/api/tenant/dashboard/__tests__/route.test.ts(169,5): error TS2304: Cannot find name 'expect'.
src/app/api/tenant/dashboard/__tests__/route.test.ts(170,5): error TS2304: Cannot find name 'expect'.
src/app/api/tenant/dashboard/__tests__/route.test.ts(171,5): error TS2304: Cannot find name 'expect'.
src/app/api/tenant/dashboard/__tests__/route.test.ts(172,5): error TS2304: Cannot find name 'expect'.
src/app/api/tenant/dashboard/__tests__/route.test.ts(173,5): error TS2304: Cannot find name 'expect'.
src/app/api/tenant/dashboard/__tests__/route.test.ts(174,5): error TS2304: Cannot find name 'expect'.
src/app/api/tenant/dashboard/__tests__/route.test.ts(175,5): error TS2304: Cannot find name 'expect'.
src/app/api/tenant/dashboard/__tests__/route.test.ts(176,5): error TS2304: Cannot find name 'expect'.
src/app/api/tenant/dashboard/__tests__/route.test.ts(177,5): error TS2304: Cannot find name 'expect'.
src/app/api/tenant/dashboard/__tests__/route.test.ts(180,3): error TS2582: Cannot find name 'it'. Do you need to install type definitions for a test runner? Try `npm i --save-dev @types/jest` or `npm i --save-dev @types/mocha`.
src/app/api/tenant/dashboard/__tests__/route.test.ts(181,14): error TS2503: Cannot find namespace 'jest'.
src/app/api/tenant/dashboard/__tests__/route.test.ts(190,5): error TS2304: Cannot find name 'expect'.
src/app/api/tenant/dashboard/__tests__/route.test.ts(191,5): error TS2304: Cannot find name 'expect'.
src/app/api/tenant/dashboard/__tests__/route.test.ts(192,5): error TS2304: Cannot find name 'expect'.
src/app/api/tenant/dashboard/__tests__/route.test.ts(195,3): error TS2582: Cannot find name 'it'. Do you need to install type definitions for a test runner? Try `npm i --save-dev @types/jest` or `npm i --save-dev @types/mocha`.
src/app/api/tenant/dashboard/__tests__/route.test.ts(196,14): error TS2503: Cannot find namespace 'jest'.
src/app/api/tenant/dashboard/__tests__/route.test.ts(211,5): error TS2304: Cannot find name 'expect'.
src/app/api/tenant/dashboard/__tests__/route.test.ts(212,5): error TS2304: Cannot find name 'expect'.
src/app/api/tenant/dashboard/__tests__/route.test.ts(213,5): error TS2304: Cannot find name 'expect'.
src/app/api/tenant/dashboard/__tests__/route.test.ts(216,3): error TS2582: Cannot find name 'it'. Do you need to install type definitions for a test runner? Try `npm i --save-dev @types/jest` or `npm i --save-dev @types/mocha`.
src/app/api/tenant/dashboard/__tests__/route.test.ts(217,29): error TS2503: Cannot find namespace 'jest'.
src/app/api/tenant/dashboard/__tests__/route.test.ts(226,5): error TS2304: Cannot find name 'expect'.
src/app/api/tenant/dashboard/__tests__/route.test.ts(227,5): error TS2304: Cannot find name 'expect'.
src/app/api/tenant/dashboard/__tests__/route.test.ts(228,5): error TS2304: Cannot find name 'expect'.
src/app/api/tenant/dashboard/__tests__/route.test.ts(231,3): error TS2582: Cannot find name 'it'. Do you need to install type definitions for a test runner? Try `npm i --save-dev @types/jest` or `npm i --save-dev @types/mocha`.
src/app/api/tenant/dashboard/__tests__/route.test.ts(239,5): error TS2304: Cannot find name 'expect'.
src/app/api/tenant/dashboard/__tests__/route.test.ts(240,5): error TS2304: Cannot find name 'expect'.
src/app/api/tenant/dashboard/__tests__/route.test.ts(241,5): error TS2304: Cannot find name 'expect'.
src/app/api/tenant/dashboard/__tests__/route.test.ts(242,5): error TS2304: Cannot find name 'expect'.
src/app/api/tenant/dashboard/__tests__/route.test.ts(243,5): error TS2304: Cannot find name 'expect'.
src/app/api/tenant/dashboard/__tests__/route.test.ts(246,3): error TS2582: Cannot find name 'it'. Do you need to install type definitions for a test runner? Try `npm i --save-dev @types/jest` or `npm i --save-dev @types/mocha`.
src/app/api/tenant/dashboard/__tests__/route.test.ts(257,5): error TS2304: Cannot find name 'expect'.
src/app/api/tenant/dashboard/__tests__/route.test.ts(258,5): error TS2304: Cannot find name 'expect'.
src/app/api/tenant/dashboard/__tests__/route.test.ts(263,5): error TS2304: Cannot find name 'expect'.
src/app/api/tenant/dashboard/__tests__/route.test.ts(264,5): error TS2304: Cannot find name 'expect'.
src/app/api/tenant/dashboard/__tests__/route.test.ts(267,3): error TS2582: Cannot find name 'it'. Do you need to install type definitions for a test runner? Try `npm i --save-dev @types/jest` or `npm i --save-dev @types/mocha`.
src/app/api/tenant/dashboard/__tests__/route.test.ts(268,19): error TS2503: Cannot find namespace 'jest'.
src/app/api/tenant/dashboard/__tests__/route.test.ts(279,5): error TS2304: Cannot find name 'expect'.
src/app/api/tenant/dashboard/__tests__/route.test.ts(280,5): error TS2304: Cannot find name 'expect'.
src/app/api/tenant/dashboard/__tests__/route.test.ts(281,5): error TS2304: Cannot find name 'expect'.
src/app/api/tenant/dashboard/__tests__/route.test.ts(284,3): error TS2582: Cannot find name 'it'. Do you need to install type definitions for a test runner? Try `npm i --save-dev @types/jest` or `npm i --save-dev @types/mocha`.
src/app/api/tenant/dashboard/__tests__/route.test.ts(292,5): error TS2304: Cannot find name 'expect'.
src/app/api/tenant/dashboard/__tests__/route.test.ts(305,3): error TS2582: Cannot find name 'it'. Do you need to install type definitions for a test runner? Try `npm i --save-dev @types/jest` or `npm i --save-dev @types/mocha`.
src/app/api/tenant/dashboard/__tests__/route.test.ts(313,5): error TS2304: Cannot find name 'expect'.
src/app/api/tenant/dashboard/__tests__/route.test.ts(314,5): error TS2304: Cannot find name 'expect'.
src/app/api/tenant/dashboard/__tests__/route.test.ts(315,5): error TS2304: Cannot find name 'expect'.
src/app/api/tenant/dashboard/__tests__/route.test.ts(318,3): error TS2582: Cannot find name 'it'. Do you need to install type definitions for a test runner? Try `npm i --save-dev @types/jest` or `npm i --save-dev @types/mocha`.
src/app/api/tenant/dashboard/__tests__/route.test.ts(319,20): error TS2503: Cannot find namespace 'jest'.
src/app/api/tenant/dashboard/__tests__/route.test.ts(320,17): error TS2304: Cannot find name 'jest'.
src/app/api/tenant/dashboard/__tests__/route.test.ts(321,15): error TS2304: Cannot find name 'jest'.
src/app/api/tenant/dashboard/__tests__/route.test.ts(332,5): error TS2304: Cannot find name 'expect'.
src/app/api/tenant/dashboard/__tests__/route.test.ts(333,5): error TS2304: Cannot find name 'expect'.
src/app/api/tenant/dashboard/__tests__/route.test.ts(334,5): error TS2304: Cannot find name 'expect'.
src/app/api/tenant/dashboard/__tests__/route.test.ts(335,5): error TS2304: Cannot find name 'expect'.
src/app/api/tenant/documents/[id]/route.ts(27,5): error TS7006: Parameter 'user' implicitly has an 'any' type.
src/app/api/tenant/documents/[id]/route.ts(76,5): error TS7006: Parameter 'user' implicitly has an 'any' type.
src/app/api/tenant/documents/[id]/route.ts(149,5): error TS7006: Parameter 'user' implicitly has an 'any' type.
src/app/api/tenant/documents/route.ts(24,10): error TS7006: Parameter 'user' implicitly has an 'any' type.
src/app/api/tenant/documents/route.ts(78,16): error TS2345: Argument of type 'number | undefined' is not assignable to parameter of type 'number'.
  Type 'undefined' is not assignable to type 'number'.
src/app/api/tenant/documents/route.ts(79,16): error TS18048: 'page' is possibly 'undefined'.
src/app/api/tenant/documents/route.ts(79,28): error TS18048: 'limit' is possibly 'undefined'.
src/app/api/tenant/documents/route.ts(82,53): error TS18048: 'limit' is possibly 'undefined'.
src/app/api/tenant/maintenance/route.ts(26,10): error TS7006: Parameter 'user' implicitly has an 'any' type.
src/app/api/tenant/maintenance/route.ts(77,16): error TS2345: Argument of type 'number | undefined' is not assignable to parameter of type 'number'.
  Type 'undefined' is not assignable to type 'number'.
src/app/api/tenant/maintenance/route.ts(78,16): error TS18048: 'page' is possibly 'undefined'.
src/app/api/tenant/maintenance/route.ts(78,28): error TS18048: 'limit' is possibly 'undefined'.
src/app/api/tenant/maintenance/route.ts(81,52): error TS18048: 'limit' is possibly 'undefined'.
src/app/api/tenant/maintenance/route.ts(103,10): error TS7006: Parameter 'user' implicitly has an 'any' type.
src/app/api/tenant/maintenance/route.ts(238,9): error TS2554: Expected 1-3 arguments, but got 4.
src/app/api/tenant/notification-settings/route.ts(29,68): error TS7006: Parameter 'user' implicitly has an 'any' type.
src/app/api/tenant/notifications/route.ts(239,18): error TS18048: 'notificationIds.length' is possibly 'undefined'.
src/app/api/tenant/payments/[id]/pay/route.ts(27,5): error TS7006: Parameter 'user' implicitly has an 'any' type.
src/app/api/tenant/payments/[id]/pay/route.ts(51,53): error TS2551: Property 'error' does not exist on type '{ success: false; errors: string[]; }'. Did you mean 'errors'?
src/app/api/tenant/payments/[id]/pay/route.ts(109,53): error TS2339: Property 'lateFee' does not exist on type 'Document<unknown, {}, IPayment, {}, {}> & IPayment & Required<{ _id: ObjectId; }> & { __v: number; }'.
src/app/api/tenant/payments/[id]/pay/route.ts(126,9): error TS2322: Type 'string | undefined' is not assignable to type 'string'.
  Type 'undefined' is not assignable to type 'string'.
src/app/api/tenant/payments/[id]/pay/route.ts(134,17): error TS2339: Property 'failureReason' does not exist on type 'Document<unknown, {}, IPayment, {}, {}> & IPayment & Required<{ _id: ObjectId; }> & { __v: number; }'.
src/app/api/tenant/payments/[id]/pay/route.ts(146,7): error TS2322: Type 'string' is not assignable to type 'PaymentMethod | undefined'.
src/app/api/tenant/payments/[id]/pay/route.ts(147,15): error TS2339: Property 'transactionId' does not exist on type 'Document<unknown, {}, IPayment, {}, {}> & IPayment & Required<{ _id: ObjectId; }> & { __v: number; }'.
src/app/api/tenant/payments/route.ts(26,10): error TS7006: Parameter 'user' implicitly has an 'any' type.
src/app/api/tenant/payments/route.ts(92,16): error TS2345: Argument of type 'number | undefined' is not assignable to parameter of type 'number'.
  Type 'undefined' is not assignable to type 'number'.
src/app/api/tenant/payments/route.ts(93,16): error TS18048: 'page' is possibly 'undefined'.
src/app/api/tenant/payments/route.ts(93,28): error TS18048: 'limit' is possibly 'undefined'.
src/app/api/tenant/payments/route.ts(101,52): error TS18048: 'limit' is possibly 'undefined'.
src/app/api/tenant/payments/summary/route.ts(24,10): error TS7006: Parameter 'user' implicitly has an 'any' type.
src/app/api/tenants/[id]/ledger/route.ts(29,68): error TS7006: Parameter 'user' implicitly has an 'any' type.
src/app/api/tenants/[id]/route.ts(72,24): error TS2339: Property 'ownerId' does not exist on type 'ObjectId'.
src/app/api/tenants/[id]/route.ts(73,24): error TS2339: Property 'managerId' does not exist on type 'ObjectId'.
src/app/api/tenants/[id]/route.ts(156,24): error TS2339: Property 'ownerId' does not exist on type 'ObjectId'.
src/app/api/tenants/[id]/route.ts(157,24): error TS2339: Property 'managerId' does not exist on type 'ObjectId'.
src/app/api/tenants/[id]/status/route.ts(76,31): error TS2339: Property 'displayStatus' does not exist on type 'Document<unknown, {}, IUser, {}, {}> & IUser & Required<{ _id: ObjectId; }> & { __v: number; }'.
src/app/api/tenants/[id]/status/route.ts(77,29): error TS2339: Property 'statusColor' does not exist on type 'Document<unknown, {}, IUser, {}, {}> & IUser & Required<{ _id: ObjectId; }> & { __v: number; }'.
src/app/api/tenants/[id]/status/route.ts(86,55): error TS2345: Argument of type 'string | undefined' is not assignable to parameter of type 'string'.
  Type 'undefined' is not assignable to type 'string'.
src/app/api/tenants/[id]/status/route.ts(147,60): error TS2345: Argument of type 'string | undefined' is not assignable to parameter of type 'string'.
  Type 'undefined' is not assignable to type 'string'.
src/app/api/tenants/[id]/status/route.ts(174,24): error TS18047: 'updatedTenant' is possibly 'null'.
src/app/api/tenants/[id]/status/route.ts(175,24): error TS18047: 'updatedTenant' is possibly 'null'.
src/app/api/tenants/[id]/status/route.ts(175,38): error TS2339: Property 'displayStatus' does not exist on type 'Document<unknown, {}, IUser, {}, {}> & IUser & Required<{ _id: ObjectId; }> & { __v: number; }'.
src/app/api/tenants/[id]/status/route.ts(176,22): error TS18047: 'updatedTenant' is possibly 'null'.
src/app/api/tenants/[id]/status/route.ts(176,36): error TS2339: Property 'statusColor' does not exist on type 'Document<unknown, {}, IUser, {}, {}> & IUser & Required<{ _id: ObjectId; }> & { __v: number; }'.
src/app/api/tenants/[id]/status/route.ts(177,27): error TS18047: 'updatedTenant' is possibly 'null'.
src/app/api/tenants/[id]/status/route.ts(178,32): error TS18047: 'updatedTenant' is possibly 'null'.
src/app/api/tenants/[id]/status/route.ts(179,37): error TS18047: 'updatedTenant' is possibly 'null'.
src/app/api/tenants/[id]/status/route.ts(180,24): error TS18047: 'updatedTenant' is possibly 'null'.
src/app/api/tenants/[id]/status/route.ts(182,11): error TS18047: 'updatedTenant' is possibly 'null'.
src/app/api/tenants/[id]/status/route.ts(182,11): error TS2345: Argument of type 'string | undefined' is not assignable to parameter of type 'string'.
  Type 'undefined' is not assignable to type 'string'.
src/app/api/tenants/[id]/status/route.ts(211,10): error TS7053: Element implicitly has an 'any' type because expression of type 'string' can't be used to index type '{ application_submitted: string[]; under_review: string[]; approved: string[]; active: string[]; inactive: string[]; moved_out: string[]; terminated: never[]; }'.
  No index signature with a parameter of type 'string' was found on type '{ application_submitted: string[]; under_review: string[]; approved: string[]; active: string[]; inactive: string[]; moved_out: string[]; terminated: never[]; }'.
src/app/api/tenants/route.ts(135,25): error TS2339: Property 'isOwner' does not exist on type 'AuthenticatedAccessUser'.
src/app/api/tenants/statistics/route.ts(21,3): error TS7006: Parameter 'user' implicitly has an 'any' type.
src/app/api/tenants/statistics/route.ts(177,7): error TS7053: Element implicitly has an 'any' type because expression of type 'any' can't be used to index type '{}'.
src/app/api/tenants/statistics/route.ts(183,7): error TS7053: Element implicitly has an 'any' type because expression of type 'any' can't be used to index type '{}'.
src/app/api/tenants/statistics/route.ts(187,9): error TS7034: Variable 'recentStatusChanges' implicitly has type 'any[]' in some locations where its type cannot be determined.
src/app/api/tenants/statistics/route.ts(218,45): error TS7005: Variable 'recentStatusChanges' implicitly has an 'any[]' type.
src/app/api/units/__tests__/route.test.ts(7,1): error TS2304: Cannot find name 'jest'.
src/app/api/units/__tests__/route.test.ts(8,1): error TS2304: Cannot find name 'jest'.
src/app/api/units/__tests__/route.test.ts(9,1): error TS2304: Cannot find name 'jest'.
src/app/api/units/__tests__/route.test.ts(9,55): error TS2304: Cannot find name 'jest'.
src/app/api/units/__tests__/route.test.ts(13,1): error TS2582: Cannot find name 'describe'. Do you need to install type definitions for a test runner? Try `npm i --save-dev @types/jest` or `npm i --save-dev @types/mocha`.
src/app/api/units/__tests__/route.test.ts(14,3): error TS2304: Cannot find name 'beforeEach'.
src/app/api/units/__tests__/route.test.ts(15,5): error TS2304: Cannot find name 'jest'.
src/app/api/units/__tests__/route.test.ts(16,14): error TS2503: Cannot find namespace 'jest'.
src/app/api/units/__tests__/route.test.ts(17,19): error TS2503: Cannot find namespace 'jest'.
src/app/api/units/__tests__/route.test.ts(20,3): error TS2582: Cannot find name 'it'. Do you need to install type definitions for a test runner? Try `npm i --save-dev @types/jest` or `npm i --save-dev @types/mocha`.
src/app/api/units/__tests__/route.test.ts(21,28): error TS2503: Cannot find namespace 'jest'.
src/app/api/units/__tests__/route.test.ts(53,5): error TS2304: Cannot find name 'expect'.
src/app/api/units/__tests__/route.test.ts(54,5): error TS2304: Cannot find name 'expect'.
src/app/api/units/__tests__/route.test.ts(55,5): error TS2304: Cannot find name 'expect'.
src/app/api/units/__tests__/route.test.ts(56,5): error TS2304: Cannot find name 'expect'.
src/app/api/units/__tests__/route.test.ts(59,3): error TS2582: Cannot find name 'it'. Do you need to install type definitions for a test runner? Try `npm i --save-dev @types/jest` or `npm i --save-dev @types/mocha`.
src/app/api/units/__tests__/route.test.ts(60,14): error TS2503: Cannot find namespace 'jest'.
src/app/api/units/__tests__/route.test.ts(63,5): error TS2304: Cannot find name 'expect'.
src/app/auth/signin/page.tsx(27,25): error TS2304: Cannot find name 'Branding'.
src/app/dashboard/accounting/expenses/new/page.tsx(273,17): error TS2339: Property 'replace' does not exist on type 'never'.
src/app/dashboard/accounting/expenses/page.tsx(547,15): error TS2322: Type '{ currentPage: number; totalPages: number; totalItems: number; pageSize: number; onPageChange: Dispatch<SetStateAction<number>>; onPageSizeChange: (newLimit: number) => void; ... 6 more ...; disabled: false; }' is not assignable to type 'IntrinsicAttributes & GlobalPaginationProps'.
  Property 'surLabel' does not exist on type 'IntrinsicAttributes & GlobalPaginationProps'.
src/app/dashboard/accounting/invoices/page.tsx(276,15): error TS2304: Cannot find name 'fullInvoice'.
src/app/dashboard/accounting/invoices/page.tsx(386,15): error TS2304: Cannot find name 'fullInvoice'.
src/app/dashboard/accounting/invoices/page.tsx(792,29): error TS2304: Cannot find name 'Invoice'.
src/app/dashboard/accounting/invoices/page.tsx(1660,24): error TS2304: Cannot find name 'Invoice'.
src/app/dashboard/accounting/invoices/page.tsx(1663,36): error TS2304: Cannot find name 'Invoice'.
src/app/dashboard/accounting/invoices/page.tsx(1685,43): error TS2304: Cannot find name 'Invoice'.
src/app/dashboard/accounting/transactions/page.tsx(63,3): error TS2353: Object literal may only specify known properties, and 'netMontant' does not exist in type 'ITransactionSummary'.
src/app/dashboard/accounting/transactions/page.tsx(69,11): error TS2339: Property 'isLocataire' does not exist on type '{ accessProfile: AccessProfile; permissions: string[]; isLoading: boolean; error: string | null; refreshPermissions: () => Promise<void>; canViewUsers: boolean; ... 7 more ...; isCompanyStaff: boolean; }'.
src/app/dashboard/accounting/transactions/page.tsx(567,41): error TS2339: Property 'netMontant' does not exist on type 'ITransactionSummary'.
src/app/dashboard/accounting/transactions/page.tsx(767,15): error TS2322: Type '{ currentPage: number; totalPages: number; totalItems: number; pageSize: number; onPageChange: Dispatch<SetStateAction<number>>; onPageSizeChange: (newLimit: number) => void; ... 6 more ...; disabled: false; }' is not assignable to type 'IntrinsicAttributes & GlobalPaginationProps'.
  Property 'surLabel' does not exist on type 'IntrinsicAttributes & GlobalPaginationProps'.
src/app/dashboard/layout.tsx(172,19): error TS2322: Type '{ isCollapsed: false; onNavigate: () => void; }' is not assignable to type 'IntrinsicAttributes & SidebarProps'.
  Property 'onNavigate' does not exist on type 'IntrinsicAttributes & SidebarProps'.
src/app/dashboard/leases/[id]/payments/page.tsx(156,34): error TS2339: Property 'name' does not exist on type 'ObjectId'.
src/app/dashboard/leases/[id]/payments/page.tsx(156,59): error TS2339: Property 'firstName' does not exist on type 'ObjectId'.
src/app/dashboard/leases/[id]/payments/page.tsx(157,32): error TS2339: Property 'lastName' does not exist on type 'ObjectId'.
src/app/dashboard/leases/[id]/payments/page.tsx(193,61): error TS2339: Property 'name' does not exist on type 'ObjectId'.
src/app/dashboard/leases/[id]/payments/page.tsx(195,36): error TS2339: Property 'address' does not exist on type 'ObjectId'.
src/app/dashboard/leases/[id]/payments/page.tsx(201,34): error TS2339: Property 'firstName' does not exist on type 'ObjectId'.
src/app/dashboard/leases/[id]/payments/page.tsx(201,62): error TS2339: Property 'lastName' does not exist on type 'ObjectId'.
src/app/dashboard/leases/[id]/payments/page.tsx(204,34): error TS2339: Property 'email' does not exist on type 'ObjectId'.
src/app/dashboard/leases/[id]/payments/page.tsx(252,13): error TS2322: Type 'ILease' is not assignable to type 'LeaseResponse'.
  Types of property '_id' are incompatible.
    Type 'ObjectId' is not assignable to type 'string'.
src/app/dashboard/leases/[id]/payments/page.tsx(261,13): error TS2322: Type 'ILease' is not assignable to type 'LeaseResponse'.
  Types of property '_id' are incompatible.
    Type 'ObjectId' is not assignable to type 'string'.
src/app/dashboard/leases/[id]/payments/page.tsx(262,13): error TS2322: Type '(payment: IPayment) => void' is not assignable to type '() => void'.
  Target signature provides too few arguments. Expected 1 or more, but got 0.
src/app/dashboard/leases/[id]/payments/page.tsx(276,17): error TS2322: Type 'ILease' is not assignable to type 'LeaseResponse'.
  Types of property '_id' are incompatible.
    Type 'ObjectId' is not assignable to type 'string'.
src/app/dashboard/leases/management/documents/page.tsx(314,11): error TS2322: Type 'Document[]' is not assignable to type 'TenantDocument[]'.
  Type 'Document' is not assignable to type 'TenantDocument'.
    Types of property 'propertyId' are incompatible.
      Type '{ _id: string; name: string; }' is not assignable to type 'string'.
src/app/dashboard/leases/management/invoices/page.tsx(300,11): error TS2719: Type 'Invoice[]' is not assignable to type 'Invoice[]'. Two different types with this name exist, but they are unrelated.
  Type 'Invoice' is missing the following properties from type 'Invoice': totalMontant, joursEnRetard
src/app/dashboard/leases/management/invoices/page.tsx(301,11): error TS2719: Type '(action: string, invoice: Invoice) => void' is not assignable to type '(action: string, invoice: Invoice) => void'. Two different types with this name exist, but they are unrelated.
  Types of parameters 'invoice' and 'invoice' are incompatible.
    Type 'Invoice' is missing the following properties from type 'Invoice': totalAmount, daysOverdue
src/app/dashboard/properties/[id]/units/[unitId]/page.tsx(835,16): error TS18048: 'unit.images.length' is possibly 'undefined'.
src/app/dashboard/properties/[id]/units/[unitId]/page.tsx(837,20): error TS18048: 'unit.images' is possibly 'undefined'.
src/app/dashboard/properties/[id]/units/[unitId]/page.tsx(1383,16): error TS18048: 'unit.attachments.length' is possibly 'undefined'.
src/app/dashboard/properties/[id]/units/[unitId]/page.tsx(1385,20): error TS18048: 'unit.attachments' is possibly 'undefined'.
src/app/dashboard/properties/page.tsx(132,25): error TS2339: Property 'APARTMENT' does not exist on type 'typeof PropertyType'.
src/app/dashboard/properties/page.tsx(134,25): error TS2339: Property 'HOUSE' does not exist on type 'typeof PropertyType'.
src/app/dashboard/properties/page.tsx(136,25): error TS2339: Property 'CONDO' does not exist on type 'typeof PropertyType'.
src/app/dashboard/properties/page.tsx(138,25): error TS2339: Property 'TOWNHOUSE' does not exist on type 'typeof PropertyType'.
src/components/audit/audit-dashboard.tsx(24,26): error TS2307: Cannot find module '@/hooks/use-toast' or its corresponding type declarations.
src/components/audit/audit-dashboard.tsx(99,25): error TS2304: Cannot find name 'Settings'.
src/components/audit/audit-dashboard.tsx(326,13): error TS2322: Type '{ children: Element[]; defaultValue: string; className: string; }' is not assignable to type 'IntrinsicAttributes & TabsProps & RefAttributes<HTMLDivElement>'.
  Property 'defaultValue' does not exist on type 'IntrinsicAttributes & TabsProps & RefAttributes<HTMLDivElement>'.
src/components/automation/AutomatedPaymentDashboard.tsx(369,13): error TS2322: Type '{ children: Element[]; defaultValue: string; className: string; }' is not assignable to type 'IntrinsicAttributes & TabsProps & RefAttributes<HTMLDivElement>'.
  Property 'defaultValue' does not exist on type 'IntrinsicAttributes & TabsProps & RefAttributes<HTMLDivElement>'.
src/components/communication/CommunicationCenter.tsx(324,13): error TS2322: Type '{ children: Element[]; defaultValue: string; className: string; }' is not assignable to type 'IntrinsicAttributes & TabsProps & RefAttributes<HTMLDivElement>'.
  Property 'defaultValue' does not exist on type 'IntrinsicAttributes & TabsProps & RefAttributes<HTMLDivElement>'.
src/components/configuration/SystemConfigurationPanel.tsx(368,13): error TS2322: Type '{ children: Element[]; defaultValue: string; className: string; }' is not assignable to type 'IntrinsicAttributes & TabsProps & RefAttributes<HTMLDivElement>'.
  Property 'defaultValue' does not exist on type 'IntrinsicAttributes & TabsProps & RefAttributes<HTMLDivElement>'.
src/components/emergency/emergency-analytics.tsx(210,11): error TS2367: This comparison appears to be unintentional because the types 'string' and 'number' have no overlap.
src/components/emergency/emergency-analytics.tsx(212,11): error TS2367: This comparison appears to be unintentional because the types 'string' and 'number' have no overlap.
src/components/emergency/emergency-analytics.tsx(214,11): error TS2367: This comparison appears to be unintentional because the types 'string' and 'number' have no overlap.
src/components/emergency/emergency-analytics.tsx(216,11): error TS2367: This comparison appears to be unintentional because the types 'string' and 'number' have no overlap.
src/components/emergency/emergency-analytics.tsx(218,11): error TS2367: This comparison appears to be unintentional because the types 'string' and 'number' have no overlap.
src/components/emergency/emergency-analytics.tsx(395,29): error TS2339: Property 'category' does not exist on type 'PieLabelRenderProps'.
src/components/emergency/emergency-analytics.tsx(396,37): error TS18048: 'percent' is possibly 'undefined'.
src/components/emergency/emergency-status-management.tsx(324,20): error TS2304: Cannot find name 'AlertTriangle'.
src/components/feedback/UserFeedbackWidget.tsx(385,17): error TS2322: Type '{ children: Element[]; defaultValue: string; className: string; }' is not assignable to type 'IntrinsicAttributes & TabsProps & RefAttributes<HTMLDivElement>'.
  Property 'defaultValue' does not exist on type 'IntrinsicAttributes & TabsProps & RefAttributes<HTMLDivElement>'.
src/components/forms/LeaseForm.tsx(170,5): error TS2322: Type 'Resolver<{ startDate: string; propertyId: string; unitId: string; tenantId: string; endDate: string; terms: { rentAmount: number; securityDeposit: number; lateFee: number; utilities?: string[] | undefined; petDeposit?: number | undefined; restrictions?: string[] | undefined; paymentConfig?: { ...; } | undefined; }; ...' is not assignable to type 'Resolver<{ startDate: string; propertyId: string; unitId: string; tenantId: string; endDate: string; terms: { rentAmount: number; securityDeposit: number; utilities: string[]; lateFee: number; restrictions: string[]; petDeposit?: number | undefined; paymentConfig?: { ...; } | undefined; }; status?: "pending" | ... 4...'.
  Types of parameters 'options' and 'options' are incompatible.
    Type 'ResolverOptions<{ startDate: string; propertyId: string; unitId: string; tenantId: string; endDate: string; terms: { rentAmount: number; securityDeposit: number; utilities: string[]; lateFee: number; restrictions: string[]; petDeposit?: number | undefined; paymentConfig?: { ...; } | undefined; }; status?: "pending" ...' is not assignable to type 'ResolverOptions<{ startDate: string; propertyId: string; unitId: string; tenantId: string; endDate: string; terms: { rentAmount: number; securityDeposit: number; lateFee: number; utilities?: string[] | undefined; petDeposit?: number | undefined; restrictions?: string[] | undefined; paymentConfig?: { ...; } | undefin...'.
      Type 'string[] | undefined' is not assignable to type 'string[]'.
        Type 'undefined' is not assignable to type 'string[]'.
src/components/forms/LeaseForm.tsx(179,7): error TS2322: Type 'LeaseStatus | "draft"' is not assignable to type '"pending" | "active" | "terminated" | "draft" | "expired" | undefined'.
  Type 'LeaseStatus.PENDING_SIGNATURE' is not assignable to type '"pending" | "active" | "terminated" | "draft" | "expired" | undefined'.
src/components/forms/LeaseForm.tsx(188,43): error TS2339: Property 'paymentConfig' does not exist on type '{ rentAmount: number; securityDeposit: number; lateFee: number; petDeposit?: number | undefined; utilities: string[]; restrictions: string[]; }'.
src/components/forms/LeaseForm.tsx(191,35): error TS2339: Property 'paymentConfig' does not exist on type '{ rentAmount: number; securityDeposit: number; lateFee: number; petDeposit?: number | undefined; utilities: string[]; restrictions: string[]; }'.
src/components/forms/LeaseForm.tsx(194,35): error TS2339: Property 'paymentConfig' does not exist on type '{ rentAmount: number; securityDeposit: number; lateFee: number; petDeposit?: number | undefined; utilities: string[]; restrictions: string[]; }'.
src/components/forms/LeaseForm.tsx(197,35): error TS2339: Property 'paymentConfig' does not exist on type '{ rentAmount: number; securityDeposit: number; lateFee: number; petDeposit?: number | undefined; utilities: string[]; restrictions: string[]; }'.
src/components/forms/LeaseForm.tsx(200,35): error TS2339: Property 'paymentConfig' does not exist on type '{ rentAmount: number; securityDeposit: number; lateFee: number; petDeposit?: number | undefined; utilities: string[]; restrictions: string[]; }'.
src/components/forms/LeaseForm.tsx(202,35): error TS2339: Property 'paymentConfig' does not exist on type '{ rentAmount: number; securityDeposit: number; lateFee: number; petDeposit?: number | undefined; utilities: string[]; restrictions: string[]; }'.
src/components/forms/LeaseForm.tsx(205,35): error TS2339: Property 'paymentConfig' does not exist on type '{ rentAmount: number; securityDeposit: number; lateFee: number; petDeposit?: number | undefined; utilities: string[]; restrictions: string[]; }'.
src/components/forms/LeaseForm.tsx(207,51): error TS2339: Property 'paymentConfig' does not exist on type '{ rentAmount: number; securityDeposit: number; lateFee: number; petDeposit?: number | undefined; utilities: string[]; restrictions: string[]; }'.
src/components/forms/LeaseForm.tsx(210,55): error TS2339: Property 'paymentConfig' does not exist on type '{ rentAmount: number; securityDeposit: number; lateFee: number; petDeposit?: number | undefined; utilities: string[]; restrictions: string[]; }'.
src/components/forms/LeaseForm.tsx(216,33): error TS2339: Property 'paymentConfig' does not exist on type '{ rentAmount: number; securityDeposit: number; lateFee: number; petDeposit?: number | undefined; utilities: string[]; restrictions: string[]; }'.
src/components/forms/LeaseForm.tsx(218,33): error TS2339: Property 'paymentConfig' does not exist on type '{ rentAmount: number; securityDeposit: number; lateFee: number; petDeposit?: number | undefined; utilities: string[]; restrictions: string[]; }'.
src/components/forms/LeaseForm.tsx(220,33): error TS2339: Property 'paymentConfig' does not exist on type '{ rentAmount: number; securityDeposit: number; lateFee: number; petDeposit?: number | undefined; utilities: string[]; restrictions: string[]; }'.
src/components/forms/LeaseForm.tsx(222,33): error TS2339: Property 'paymentConfig' does not exist on type '{ rentAmount: number; securityDeposit: number; lateFee: number; petDeposit?: number | undefined; utilities: string[]; restrictions: string[]; }'.
src/components/forms/LeaseForm.tsx(224,33): error TS2339: Property 'paymentConfig' does not exist on type '{ rentAmount: number; securityDeposit: number; lateFee: number; petDeposit?: number | undefined; utilities: string[]; restrictions: string[]; }'.
src/components/forms/LeaseForm.tsx(330,13): error TS2322: Type '{ terms: { petDeposit: number; rentAmount: number; securityDeposit: number; utilities: string[]; lateFee: number; restrictions: string[]; paymentConfig?: { rentDueDay: number; lateFeeConfig: { enabled: boolean; ... 5 more ...; maxFeeAmount?: number | undefined; }; ... 5 more ...; autoEmailInvoices: boolean; } | unde...' is not assignable to type 'LeaseFormData'.
  Types of property 'status' are incompatible.
    Type '"pending" | "active" | "terminated" | "draft" | "expired" | undefined' is not assignable to type 'LeaseStatus | undefined'.
      Type '"pending"' is not assignable to type 'LeaseStatus | undefined'.
src/components/forms/LeaseForm.tsx(343,54): error TS2339: Property '_id' does not exist on type 'never'.
src/components/forms/LeaseForm.tsx(343,69): error TS2339: Property 'id' does not exist on type 'never'.
src/components/forms/LeaseForm.tsx(501,41): error TS2345: Argument of type '(data: LeaseFormValues) => Promise<void>' is not assignable to parameter of type 'SubmitHandler<TFieldValues>'.
  Types of parameters 'data' and 'data' are incompatible.
    Type 'TFieldValues' is not assignable to type '{ startDate: string; propertyId: string; unitId: string; tenantId: string; endDate: string; terms: { rentAmount: number; securityDeposit: number; utilities: string[]; lateFee: number; restrictions: string[]; petDeposit?: number | undefined; paymentConfig?: { ...; } | undefined; }; status?: "pending" | ... 4 more ......'.
      Type 'FieldValues' is missing the following properties from type '{ startDate: string; propertyId: string; unitId: string; tenantId: string; endDate: string; terms: { rentAmount: number; securityDeposit: number; utilities: string[]; lateFee: number; restrictions: string[]; petDeposit?: number | undefined; paymentConfig?: { ...; } | undefined; }; status?: "pending" | ... 4 more ......': startDate, propertyId, unitId, tenantId, and 2 more.
src/components/forms/LeaseForm.tsx(516,17): error TS2719: Type 'import("/home/akatola/Projects/propertypro-app/node_modules/.pnpm/react-hook-form@7.80.0_react@19.2.7/node_modules/react-hook-form/dist/types/form").Control<{ startDate: string; propertyId: string; unitId: string; tenantId: string; endDate: string; terms: { rentAmount: number; securityDeposit: number; utilities: str...' is not assignable to type 'import("/home/akatola/Projects/propertypro-app/node_modules/.pnpm/react-hook-form@7.80.0_react@19.2.7/node_modules/react-hook-form/dist/types/form").Control<{ startDate: string; propertyId: string; unitId: string; tenantId: string; endDate: string; terms: { rentAmount: number; securityDeposit: number; utilities: str...'. Two different types with this name exist, but they are unrelated.
  The types of '_options.resolver' are incompatible between these types.
    Type 'import("/home/akatola/Projects/propertypro-app/node_modules/.pnpm/react-hook-form@7.80.0_react@19.2.7/node_modules/react-hook-form/dist/types/resolvers").Resolver<{ startDate: string; propertyId: string; unitId: string; tenantId: string; endDate: string; terms: { rentAmount: number; securityDeposit: number; utilitie...' is not assignable to type 'import("/home/akatola/Projects/propertypro-app/node_modules/.pnpm/react-hook-form@7.80.0_react@19.2.7/node_modules/react-hook-form/dist/types/resolvers").Resolver<{ startDate: string; propertyId: string; unitId: string; tenantId: string; endDate: string; terms: { rentAmount: number; securityDeposit: number; utilitie...'. Two different types with this name exist, but they are unrelated.
      Type 'import("/home/akatola/Projects/propertypro-app/node_modules/.pnpm/react-hook-form@7.80.0_react@19.2.7/node_modules/react-hook-form/dist/types/resolvers").Resolver<{ startDate: string; propertyId: string; unitId: string; tenantId: string; endDate: string; terms: { rentAmount: number; securityDeposit: number; utilitie...' is not assignable to type 'import("/home/akatola/Projects/propertypro-app/node_modules/.pnpm/react-hook-form@7.80.0_react@19.2.7/node_modules/react-hook-form/dist/types/resolvers").Resolver<{ startDate: string; propertyId: string; unitId: string; tenantId: string; endDate: string; terms: { rentAmount: number; securityDeposit: number; utilitie...'. Two different types with this name exist, but they are unrelated.
        Type 'import("/home/akatola/Projects/propertypro-app/node_modules/.pnpm/react-hook-form@7.80.0_react@19.2.7/node_modules/react-hook-form/dist/types/resolvers").ResolverResult<{ startDate: string; propertyId: string; unitId: string; tenantId: string; endDate: string; terms: { rentAmount: number; securityDeposit: number; ut...' is not assignable to type 'import("/home/akatola/Projects/propertypro-app/node_modules/.pnpm/react-hook-form@7.80.0_react@19.2.7/node_modules/react-hook-form/dist/types/resolvers").ResolverResult<{ startDate: string; propertyId: string; unitId: string; tenantId: string; endDate: string; terms: { rentAmount: number; securityDeposit: number; ut...'. Two different types with this name exist, but they are unrelated.
          Type 'ResolverSuccess<TFieldValues>' is not assignable to type 'ResolverResult<{ startDate: string; propertyId: string; unitId: string; tenantId: string; endDate: string; terms: { rentAmount: number; securityDeposit: number; utilities: string[]; lateFee: number; restrictions: string[]; petDeposit?: number | undefined; paymentConfig?: { ...; } | undefined; }; status?: "pending" |...'.
            Type 'ResolverSuccess<TFieldValues>' is not assignable to type 'ResolverSuccess<{ startDate: string; propertyId: string; unitId: string; tenantId: string; endDate: string; terms: { rentAmount: number; securityDeposit: number; utilities: string[]; lateFee: number; restrictions: string[]; petDeposit?: number | undefined; paymentConfig?: { ...; } | undefined; }; status?: "pending" ...'.
              Type 'TFieldValues' is not assignable to type '{ startDate: string; propertyId: string; unitId: string; tenantId: string; endDate: string; terms: { rentAmount: number; securityDeposit: number; utilities: string[]; lateFee: number; restrictions: string[]; petDeposit?: number | undefined; paymentConfig?: { ...; } | undefined; }; status?: "pending" | ... 4 more ......'.
                Type 'FieldValues' is missing the following properties from type '{ startDate: string; propertyId: string; unitId: string; tenantId: string; endDate: string; terms: { rentAmount: number; securityDeposit: number; utilities: string[]; lateFee: number; restrictions: string[]; petDeposit?: number | undefined; paymentConfig?: { ...; } | undefined; }; status?: "pending" | ... 4 more ......': startDate, propertyId, unitId, tenantId, and 2 more.
src/components/forms/LeaseForm.tsx(550,17): error TS2719: Type 'import("/home/akatola/Projects/propertypro-app/node_modules/.pnpm/react-hook-form@7.80.0_react@19.2.7/node_modules/react-hook-form/dist/types/form").Control<{ startDate: string; propertyId: string; unitId: string; tenantId: string; endDate: string; terms: { rentAmount: number; securityDeposit: number; utilities: str...' is not assignable to type 'import("/home/akatola/Projects/propertypro-app/node_modules/.pnpm/react-hook-form@7.80.0_react@19.2.7/node_modules/react-hook-form/dist/types/form").Control<{ startDate: string; propertyId: string; unitId: string; tenantId: string; endDate: string; terms: { rentAmount: number; securityDeposit: number; utilities: str...'. Two different types with this name exist, but they are unrelated.
  The types of '_options.resolver' are incompatible between these types.
    Type 'import("/home/akatola/Projects/propertypro-app/node_modules/.pnpm/react-hook-form@7.80.0_react@19.2.7/node_modules/react-hook-form/dist/types/resolvers").Resolver<{ startDate: string; propertyId: string; unitId: string; tenantId: string; endDate: string; terms: { rentAmount: number; securityDeposit: number; utilitie...' is not assignable to type 'import("/home/akatola/Projects/propertypro-app/node_modules/.pnpm/react-hook-form@7.80.0_react@19.2.7/node_modules/react-hook-form/dist/types/resolvers").Resolver<{ startDate: string; propertyId: string; unitId: string; tenantId: string; endDate: string; terms: { rentAmount: number; securityDeposit: number; utilitie...'. Two different types with this name exist, but they are unrelated.
      Type 'import("/home/akatola/Projects/propertypro-app/node_modules/.pnpm/react-hook-form@7.80.0_react@19.2.7/node_modules/react-hook-form/dist/types/resolvers").Resolver<{ startDate: string; propertyId: string; unitId: string; tenantId: string; endDate: string; terms: { rentAmount: number; securityDeposit: number; utilitie...' is not assignable to type 'import("/home/akatola/Projects/propertypro-app/node_modules/.pnpm/react-hook-form@7.80.0_react@19.2.7/node_modules/react-hook-form/dist/types/resolvers").Resolver<{ startDate: string; propertyId: string; unitId: string; tenantId: string; endDate: string; terms: { rentAmount: number; securityDeposit: number; utilitie...'. Two different types with this name exist, but they are unrelated.
        Type 'import("/home/akatola/Projects/propertypro-app/node_modules/.pnpm/react-hook-form@7.80.0_react@19.2.7/node_modules/react-hook-form/dist/types/resolvers").ResolverResult<{ startDate: string; propertyId: string; unitId: string; tenantId: string; endDate: string; terms: { rentAmount: number; securityDeposit: number; ut...' is not assignable to type 'import("/home/akatola/Projects/propertypro-app/node_modules/.pnpm/react-hook-form@7.80.0_react@19.2.7/node_modules/react-hook-form/dist/types/resolvers").ResolverResult<{ startDate: string; propertyId: string; unitId: string; tenantId: string; endDate: string; terms: { rentAmount: number; securityDeposit: number; ut...'. Two different types with this name exist, but they are unrelated.
          Type 'ResolverSuccess<TFieldValues>' is not assignable to type 'ResolverResult<{ startDate: string; propertyId: string; unitId: string; tenantId: string; endDate: string; terms: { rentAmount: number; securityDeposit: number; utilities: string[]; lateFee: number; restrictions: string[]; petDeposit?: number | undefined; paymentConfig?: { ...; } | undefined; }; status?: "pending" |...'.
            Type 'ResolverSuccess<TFieldValues>' is not assignable to type 'ResolverSuccess<{ startDate: string; propertyId: string; unitId: string; tenantId: string; endDate: string; terms: { rentAmount: number; securityDeposit: number; utilities: string[]; lateFee: number; restrictions: string[]; petDeposit?: number | undefined; paymentConfig?: { ...; } | undefined; }; status?: "pending" ...'.
              Type 'TFieldValues' is not assignable to type '{ startDate: string; propertyId: string; unitId: string; tenantId: string; endDate: string; terms: { rentAmount: number; securityDeposit: number; utilities: string[]; lateFee: number; restrictions: string[]; petDeposit?: number | undefined; paymentConfig?: { ...; } | undefined; }; status?: "pending" | ... 4 more ......'.
                Type 'FieldValues' is missing the following properties from type '{ startDate: string; propertyId: string; unitId: string; tenantId: string; endDate: string; terms: { rentAmount: number; securityDeposit: number; utilities: string[]; lateFee: number; restrictions: string[]; petDeposit?: number | undefined; paymentConfig?: { ...; } | undefined; }; status?: "pending" | ... 4 more ......': startDate, propertyId, unitId, tenantId, and 2 more.
src/components/forms/LeaseForm.tsx(632,17): error TS2719: Type 'import("/home/akatola/Projects/propertypro-app/node_modules/.pnpm/react-hook-form@7.80.0_react@19.2.7/node_modules/react-hook-form/dist/types/form").Control<{ startDate: string; propertyId: string; unitId: string; tenantId: string; endDate: string; terms: { rentAmount: number; securityDeposit: number; utilities: str...' is not assignable to type 'import("/home/akatola/Projects/propertypro-app/node_modules/.pnpm/react-hook-form@7.80.0_react@19.2.7/node_modules/react-hook-form/dist/types/form").Control<{ startDate: string; propertyId: string; unitId: string; tenantId: string; endDate: string; terms: { rentAmount: number; securityDeposit: number; utilities: str...'. Two different types with this name exist, but they are unrelated.
  The types of '_options.resolver' are incompatible between these types.
    Type 'import("/home/akatola/Projects/propertypro-app/node_modules/.pnpm/react-hook-form@7.80.0_react@19.2.7/node_modules/react-hook-form/dist/types/resolvers").Resolver<{ startDate: string; propertyId: string; unitId: string; tenantId: string; endDate: string; terms: { rentAmount: number; securityDeposit: number; utilitie...' is not assignable to type 'import("/home/akatola/Projects/propertypro-app/node_modules/.pnpm/react-hook-form@7.80.0_react@19.2.7/node_modules/react-hook-form/dist/types/resolvers").Resolver<{ startDate: string; propertyId: string; unitId: string; tenantId: string; endDate: string; terms: { rentAmount: number; securityDeposit: number; utilitie...'. Two different types with this name exist, but they are unrelated.
      Type 'import("/home/akatola/Projects/propertypro-app/node_modules/.pnpm/react-hook-form@7.80.0_react@19.2.7/node_modules/react-hook-form/dist/types/resolvers").Resolver<{ startDate: string; propertyId: string; unitId: string; tenantId: string; endDate: string; terms: { rentAmount: number; securityDeposit: number; utilitie...' is not assignable to type 'import("/home/akatola/Projects/propertypro-app/node_modules/.pnpm/react-hook-form@7.80.0_react@19.2.7/node_modules/react-hook-form/dist/types/resolvers").Resolver<{ startDate: string; propertyId: string; unitId: string; tenantId: string; endDate: string; terms: { rentAmount: number; securityDeposit: number; utilitie...'. Two different types with this name exist, but they are unrelated.
        Type 'import("/home/akatola/Projects/propertypro-app/node_modules/.pnpm/react-hook-form@7.80.0_react@19.2.7/node_modules/react-hook-form/dist/types/resolvers").ResolverResult<{ startDate: string; propertyId: string; unitId: string; tenantId: string; endDate: string; terms: { rentAmount: number; securityDeposit: number; ut...' is not assignable to type 'import("/home/akatola/Projects/propertypro-app/node_modules/.pnpm/react-hook-form@7.80.0_react@19.2.7/node_modules/react-hook-form/dist/types/resolvers").ResolverResult<{ startDate: string; propertyId: string; unitId: string; tenantId: string; endDate: string; terms: { rentAmount: number; securityDeposit: number; ut...'. Two different types with this name exist, but they are unrelated.
          Type 'ResolverSuccess<TFieldValues>' is not assignable to type 'ResolverResult<{ startDate: string; propertyId: string; unitId: string; tenantId: string; endDate: string; terms: { rentAmount: number; securityDeposit: number; utilities: string[]; lateFee: number; restrictions: string[]; petDeposit?: number | undefined; paymentConfig?: { ...; } | undefined; }; status?: "pending" |...'.
            Type 'ResolverSuccess<TFieldValues>' is not assignable to type 'ResolverSuccess<{ startDate: string; propertyId: string; unitId: string; tenantId: string; endDate: string; terms: { rentAmount: number; securityDeposit: number; utilities: string[]; lateFee: number; restrictions: string[]; petDeposit?: number | undefined; paymentConfig?: { ...; } | undefined; }; status?: "pending" ...'.
              Type 'TFieldValues' is not assignable to type '{ startDate: string; propertyId: string; unitId: string; tenantId: string; endDate: string; terms: { rentAmount: number; securityDeposit: number; utilities: string[]; lateFee: number; restrictions: string[]; petDeposit?: number | undefined; paymentConfig?: { ...; } | undefined; }; status?: "pending" | ... 4 more ......'.
                Type 'FieldValues' is missing the following properties from type '{ startDate: string; propertyId: string; unitId: string; tenantId: string; endDate: string; terms: { rentAmount: number; securityDeposit: number; utilities: string[]; lateFee: number; restrictions: string[]; petDeposit?: number | undefined; paymentConfig?: { ...; } | undefined; }; status?: "pending" | ... 4 more ......': startDate, propertyId, unitId, tenantId, and 2 more.
src/components/forms/LeaseForm.tsx(744,17): error TS2719: Type 'import("/home/akatola/Projects/propertypro-app/node_modules/.pnpm/react-hook-form@7.80.0_react@19.2.7/node_modules/react-hook-form/dist/types/form").Control<{ startDate: string; propertyId: string; unitId: string; tenantId: string; endDate: string; terms: { rentAmount: number; securityDeposit: number; utilities: str...' is not assignable to type 'import("/home/akatola/Projects/propertypro-app/node_modules/.pnpm/react-hook-form@7.80.0_react@19.2.7/node_modules/react-hook-form/dist/types/form").Control<{ startDate: string; propertyId: string; unitId: string; tenantId: string; endDate: string; terms: { rentAmount: number; securityDeposit: number; utilities: str...'. Two different types with this name exist, but they are unrelated.
  The types of '_options.resolver' are incompatible between these types.
    Type 'import("/home/akatola/Projects/propertypro-app/node_modules/.pnpm/react-hook-form@7.80.0_react@19.2.7/node_modules/react-hook-form/dist/types/resolvers").Resolver<{ startDate: string; propertyId: string; unitId: string; tenantId: string; endDate: string; terms: { rentAmount: number; securityDeposit: number; utilitie...' is not assignable to type 'import("/home/akatola/Projects/propertypro-app/node_modules/.pnpm/react-hook-form@7.80.0_react@19.2.7/node_modules/react-hook-form/dist/types/resolvers").Resolver<{ startDate: string; propertyId: string; unitId: string; tenantId: string; endDate: string; terms: { rentAmount: number; securityDeposit: number; utilitie...'. Two different types with this name exist, but they are unrelated.
      Type 'import("/home/akatola/Projects/propertypro-app/node_modules/.pnpm/react-hook-form@7.80.0_react@19.2.7/node_modules/react-hook-form/dist/types/resolvers").Resolver<{ startDate: string; propertyId: string; unitId: string; tenantId: string; endDate: string; terms: { rentAmount: number; securityDeposit: number; utilitie...' is not assignable to type 'import("/home/akatola/Projects/propertypro-app/node_modules/.pnpm/react-hook-form@7.80.0_react@19.2.7/node_modules/react-hook-form/dist/types/resolvers").Resolver<{ startDate: string; propertyId: string; unitId: string; tenantId: string; endDate: string; terms: { rentAmount: number; securityDeposit: number; utilitie...'. Two different types with this name exist, but they are unrelated.
        Type 'import("/home/akatola/Projects/propertypro-app/node_modules/.pnpm/react-hook-form@7.80.0_react@19.2.7/node_modules/react-hook-form/dist/types/resolvers").ResolverResult<{ startDate: string; propertyId: string; unitId: string; tenantId: string; endDate: string; terms: { rentAmount: number; securityDeposit: number; ut...' is not assignable to type 'import("/home/akatola/Projects/propertypro-app/node_modules/.pnpm/react-hook-form@7.80.0_react@19.2.7/node_modules/react-hook-form/dist/types/resolvers").ResolverResult<{ startDate: string; propertyId: string; unitId: string; tenantId: string; endDate: string; terms: { rentAmount: number; securityDeposit: number; ut...'. Two different types with this name exist, but they are unrelated.
          Type 'ResolverSuccess<TFieldValues>' is not assignable to type 'ResolverResult<{ startDate: string; propertyId: string; unitId: string; tenantId: string; endDate: string; terms: { rentAmount: number; securityDeposit: number; utilities: string[]; lateFee: number; restrictions: string[]; petDeposit?: number | undefined; paymentConfig?: { ...; } | undefined; }; status?: "pending" |...'.
            Type 'ResolverSuccess<TFieldValues>' is not assignable to type 'ResolverSuccess<{ startDate: string; propertyId: string; unitId: string; tenantId: string; endDate: string; terms: { rentAmount: number; securityDeposit: number; utilities: string[]; lateFee: number; restrictions: string[]; petDeposit?: number | undefined; paymentConfig?: { ...; } | undefined; }; status?: "pending" ...'.
              Type 'TFieldValues' is not assignable to type '{ startDate: string; propertyId: string; unitId: string; tenantId: string; endDate: string; terms: { rentAmount: number; securityDeposit: number; utilities: string[]; lateFee: number; restrictions: string[]; petDeposit?: number | undefined; paymentConfig?: { ...; } | undefined; }; status?: "pending" | ... 4 more ......'.
                Type 'FieldValues' is missing the following properties from type '{ startDate: string; propertyId: string; unitId: string; tenantId: string; endDate: string; terms: { rentAmount: number; securityDeposit: number; utilities: string[]; lateFee: number; restrictions: string[]; petDeposit?: number | undefined; paymentConfig?: { ...; } | undefined; }; status?: "pending" | ... 4 more ......': startDate, propertyId, unitId, tenantId, and 2 more.
src/components/forms/LeaseForm.tsx(772,17): error TS2719: Type 'import("/home/akatola/Projects/propertypro-app/node_modules/.pnpm/react-hook-form@7.80.0_react@19.2.7/node_modules/react-hook-form/dist/types/form").Control<{ startDate: string; propertyId: string; unitId: string; tenantId: string; endDate: string; terms: { rentAmount: number; securityDeposit: number; utilities: str...' is not assignable to type 'import("/home/akatola/Projects/propertypro-app/node_modules/.pnpm/react-hook-form@7.80.0_react@19.2.7/node_modules/react-hook-form/dist/types/form").Control<{ startDate: string; propertyId: string; unitId: string; tenantId: string; endDate: string; terms: { rentAmount: number; securityDeposit: number; utilities: str...'. Two different types with this name exist, but they are unrelated.
  The types of '_options.resolver' are incompatible between these types.
    Type 'import("/home/akatola/Projects/propertypro-app/node_modules/.pnpm/react-hook-form@7.80.0_react@19.2.7/node_modules/react-hook-form/dist/types/resolvers").Resolver<{ startDate: string; propertyId: string; unitId: string; tenantId: string; endDate: string; terms: { rentAmount: number; securityDeposit: number; utilitie...' is not assignable to type 'import("/home/akatola/Projects/propertypro-app/node_modules/.pnpm/react-hook-form@7.80.0_react@19.2.7/node_modules/react-hook-form/dist/types/resolvers").Resolver<{ startDate: string; propertyId: string; unitId: string; tenantId: string; endDate: string; terms: { rentAmount: number; securityDeposit: number; utilitie...'. Two different types with this name exist, but they are unrelated.
      Type 'import("/home/akatola/Projects/propertypro-app/node_modules/.pnpm/react-hook-form@7.80.0_react@19.2.7/node_modules/react-hook-form/dist/types/resolvers").Resolver<{ startDate: string; propertyId: string; unitId: string; tenantId: string; endDate: string; terms: { rentAmount: number; securityDeposit: number; utilitie...' is not assignable to type 'import("/home/akatola/Projects/propertypro-app/node_modules/.pnpm/react-hook-form@7.80.0_react@19.2.7/node_modules/react-hook-form/dist/types/resolvers").Resolver<{ startDate: string; propertyId: string; unitId: string; tenantId: string; endDate: string; terms: { rentAmount: number; securityDeposit: number; utilitie...'. Two different types with this name exist, but they are unrelated.
        Type 'import("/home/akatola/Projects/propertypro-app/node_modules/.pnpm/react-hook-form@7.80.0_react@19.2.7/node_modules/react-hook-form/dist/types/resolvers").ResolverResult<{ startDate: string; propertyId: string; unitId: string; tenantId: string; endDate: string; terms: { rentAmount: number; securityDeposit: number; ut...' is not assignable to type 'import("/home/akatola/Projects/propertypro-app/node_modules/.pnpm/react-hook-form@7.80.0_react@19.2.7/node_modules/react-hook-form/dist/types/resolvers").ResolverResult<{ startDate: string; propertyId: string; unitId: string; tenantId: string; endDate: string; terms: { rentAmount: number; securityDeposit: number; ut...'. Two different types with this name exist, but they are unrelated.
          Type 'ResolverSuccess<TFieldValues>' is not assignable to type 'ResolverResult<{ startDate: string; propertyId: string; unitId: string; tenantId: string; endDate: string; terms: { rentAmount: number; securityDeposit: number; utilities: string[]; lateFee: number; restrictions: string[]; petDeposit?: number | undefined; paymentConfig?: { ...; } | undefined; }; status?: "pending" |...'.
            Type 'ResolverSuccess<TFieldValues>' is not assignable to type 'ResolverSuccess<{ startDate: string; propertyId: string; unitId: string; tenantId: string; endDate: string; terms: { rentAmount: number; securityDeposit: number; utilities: string[]; lateFee: number; restrictions: string[]; petDeposit?: number | undefined; paymentConfig?: { ...; } | undefined; }; status?: "pending" ...'.
              Type 'TFieldValues' is not assignable to type '{ startDate: string; propertyId: string; unitId: string; tenantId: string; endDate: string; terms: { rentAmount: number; securityDeposit: number; utilities: string[]; lateFee: number; restrictions: string[]; petDeposit?: number | undefined; paymentConfig?: { ...; } | undefined; }; status?: "pending" | ... 4 more ......'.
                Type 'FieldValues' is missing the following properties from type '{ startDate: string; propertyId: string; unitId: string; tenantId: string; endDate: string; terms: { rentAmount: number; securityDeposit: number; utilities: string[]; lateFee: number; restrictions: string[]; petDeposit?: number | undefined; paymentConfig?: { ...; } | undefined; }; status?: "pending" | ... 4 more ......': startDate, propertyId, unitId, tenantId, and 2 more.
src/components/forms/LeaseForm.tsx(806,17): error TS2719: Type 'import("/home/akatola/Projects/propertypro-app/node_modules/.pnpm/react-hook-form@7.80.0_react@19.2.7/node_modules/react-hook-form/dist/types/form").Control<{ startDate: string; propertyId: string; unitId: string; tenantId: string; endDate: string; terms: { rentAmount: number; securityDeposit: number; utilities: str...' is not assignable to type 'import("/home/akatola/Projects/propertypro-app/node_modules/.pnpm/react-hook-form@7.80.0_react@19.2.7/node_modules/react-hook-form/dist/types/form").Control<{ startDate: string; propertyId: string; unitId: string; tenantId: string; endDate: string; terms: { rentAmount: number; securityDeposit: number; utilities: str...'. Two different types with this name exist, but they are unrelated.
  The types of '_options.resolver' are incompatible between these types.
    Type 'import("/home/akatola/Projects/propertypro-app/node_modules/.pnpm/react-hook-form@7.80.0_react@19.2.7/node_modules/react-hook-form/dist/types/resolvers").Resolver<{ startDate: string; propertyId: string; unitId: string; tenantId: string; endDate: string; terms: { rentAmount: number; securityDeposit: number; utilitie...' is not assignable to type 'import("/home/akatola/Projects/propertypro-app/node_modules/.pnpm/react-hook-form@7.80.0_react@19.2.7/node_modules/react-hook-form/dist/types/resolvers").Resolver<{ startDate: string; propertyId: string; unitId: string; tenantId: string; endDate: string; terms: { rentAmount: number; securityDeposit: number; utilitie...'. Two different types with this name exist, but they are unrelated.
      Type 'import("/home/akatola/Projects/propertypro-app/node_modules/.pnpm/react-hook-form@7.80.0_react@19.2.7/node_modules/react-hook-form/dist/types/resolvers").Resolver<{ startDate: string; propertyId: string; unitId: string; tenantId: string; endDate: string; terms: { rentAmount: number; securityDeposit: number; utilitie...' is not assignable to type 'import("/home/akatola/Projects/propertypro-app/node_modules/.pnpm/react-hook-form@7.80.0_react@19.2.7/node_modules/react-hook-form/dist/types/resolvers").Resolver<{ startDate: string; propertyId: string; unitId: string; tenantId: string; endDate: string; terms: { rentAmount: number; securityDeposit: number; utilitie...'. Two different types with this name exist, but they are unrelated.
        Type 'import("/home/akatola/Projects/propertypro-app/node_modules/.pnpm/react-hook-form@7.80.0_react@19.2.7/node_modules/react-hook-form/dist/types/resolvers").ResolverResult<{ startDate: string; propertyId: string; unitId: string; tenantId: string; endDate: string; terms: { rentAmount: number; securityDeposit: number; ut...' is not assignable to type 'import("/home/akatola/Projects/propertypro-app/node_modules/.pnpm/react-hook-form@7.80.0_react@19.2.7/node_modules/react-hook-form/dist/types/resolvers").ResolverResult<{ startDate: string; propertyId: string; unitId: string; tenantId: string; endDate: string; terms: { rentAmount: number; securityDeposit: number; ut...'. Two different types with this name exist, but they are unrelated.
          Type 'ResolverSuccess<TFieldValues>' is not assignable to type 'ResolverResult<{ startDate: string; propertyId: string; unitId: string; tenantId: string; endDate: string; terms: { rentAmount: number; securityDeposit: number; utilities: string[]; lateFee: number; restrictions: string[]; petDeposit?: number | undefined; paymentConfig?: { ...; } | undefined; }; status?: "pending" |...'.
            Type 'ResolverSuccess<TFieldValues>' is not assignable to type 'ResolverSuccess<{ startDate: string; propertyId: string; unitId: string; tenantId: string; endDate: string; terms: { rentAmount: number; securityDeposit: number; utilities: string[]; lateFee: number; restrictions: string[]; petDeposit?: number | undefined; paymentConfig?: { ...; } | undefined; }; status?: "pending" ...'.
              Type 'TFieldValues' is not assignable to type '{ startDate: string; propertyId: string; unitId: string; tenantId: string; endDate: string; terms: { rentAmount: number; securityDeposit: number; utilities: string[]; lateFee: number; restrictions: string[]; petDeposit?: number | undefined; paymentConfig?: { ...; } | undefined; }; status?: "pending" | ... 4 more ......'.
                Type 'FieldValues' is missing the following properties from type '{ startDate: string; propertyId: string; unitId: string; tenantId: string; endDate: string; terms: { rentAmount: number; securityDeposit: number; utilities: string[]; lateFee: number; restrictions: string[]; petDeposit?: number | undefined; paymentConfig?: { ...; } | undefined; }; status?: "pending" | ... 4 more ......': startDate, propertyId, unitId, tenantId, and 2 more.
src/components/forms/LeaseForm.tsx(875,17): error TS2719: Type 'import("/home/akatola/Projects/propertypro-app/node_modules/.pnpm/react-hook-form@7.80.0_react@19.2.7/node_modules/react-hook-form/dist/types/form").Control<{ startDate: string; propertyId: string; unitId: string; tenantId: string; endDate: string; terms: { rentAmount: number; securityDeposit: number; utilities: str...' is not assignable to type 'import("/home/akatola/Projects/propertypro-app/node_modules/.pnpm/react-hook-form@7.80.0_react@19.2.7/node_modules/react-hook-form/dist/types/form").Control<{ startDate: string; propertyId: string; unitId: string; tenantId: string; endDate: string; terms: { rentAmount: number; securityDeposit: number; utilities: str...'. Two different types with this name exist, but they are unrelated.
  The types of '_options.resolver' are incompatible between these types.
    Type 'import("/home/akatola/Projects/propertypro-app/node_modules/.pnpm/react-hook-form@7.80.0_react@19.2.7/node_modules/react-hook-form/dist/types/resolvers").Resolver<{ startDate: string; propertyId: string; unitId: string; tenantId: string; endDate: string; terms: { rentAmount: number; securityDeposit: number; utilitie...' is not assignable to type 'import("/home/akatola/Projects/propertypro-app/node_modules/.pnpm/react-hook-form@7.80.0_react@19.2.7/node_modules/react-hook-form/dist/types/resolvers").Resolver<{ startDate: string; propertyId: string; unitId: string; tenantId: string; endDate: string; terms: { rentAmount: number; securityDeposit: number; utilitie...'. Two different types with this name exist, but they are unrelated.
      Type 'import("/home/akatola/Projects/propertypro-app/node_modules/.pnpm/react-hook-form@7.80.0_react@19.2.7/node_modules/react-hook-form/dist/types/resolvers").Resolver<{ startDate: string; propertyId: string; unitId: string; tenantId: string; endDate: string; terms: { rentAmount: number; securityDeposit: number; utilitie...' is not assignable to type 'import("/home/akatola/Projects/propertypro-app/node_modules/.pnpm/react-hook-form@7.80.0_react@19.2.7/node_modules/react-hook-form/dist/types/resolvers").Resolver<{ startDate: string; propertyId: string; unitId: string; tenantId: string; endDate: string; terms: { rentAmount: number; securityDeposit: number; utilitie...'. Two different types with this name exist, but they are unrelated.
        Type 'import("/home/akatola/Projects/propertypro-app/node_modules/.pnpm/react-hook-form@7.80.0_react@19.2.7/node_modules/react-hook-form/dist/types/resolvers").ResolverResult<{ startDate: string; propertyId: string; unitId: string; tenantId: string; endDate: string; terms: { rentAmount: number; securityDeposit: number; ut...' is not assignable to type 'import("/home/akatola/Projects/propertypro-app/node_modules/.pnpm/react-hook-form@7.80.0_react@19.2.7/node_modules/react-hook-form/dist/types/resolvers").ResolverResult<{ startDate: string; propertyId: string; unitId: string; tenantId: string; endDate: string; terms: { rentAmount: number; securityDeposit: number; ut...'. Two different types with this name exist, but they are unrelated.
          Type 'ResolverSuccess<TFieldValues>' is not assignable to type 'ResolverResult<{ startDate: string; propertyId: string; unitId: string; tenantId: string; endDate: string; terms: { rentAmount: number; securityDeposit: number; utilities: string[]; lateFee: number; restrictions: string[]; petDeposit?: number | undefined; paymentConfig?: { ...; } | undefined; }; status?: "pending" |...'.
            Type 'ResolverSuccess<TFieldValues>' is not assignable to type 'ResolverSuccess<{ startDate: string; propertyId: string; unitId: string; tenantId: string; endDate: string; terms: { rentAmount: number; securityDeposit: number; utilities: string[]; lateFee: number; restrictions: string[]; petDeposit?: number | undefined; paymentConfig?: { ...; } | undefined; }; status?: "pending" ...'.
              Type 'TFieldValues' is not assignable to type '{ startDate: string; propertyId: string; unitId: string; tenantId: string; endDate: string; terms: { rentAmount: number; securityDeposit: number; utilities: string[]; lateFee: number; restrictions: string[]; petDeposit?: number | undefined; paymentConfig?: { ...; } | undefined; }; status?: "pending" | ... 4 more ......'.
                Type 'FieldValues' is missing the following properties from type '{ startDate: string; propertyId: string; unitId: string; tenantId: string; endDate: string; terms: { rentAmount: number; securityDeposit: number; utilities: string[]; lateFee: number; restrictions: string[]; petDeposit?: number | undefined; paymentConfig?: { ...; } | undefined; }; status?: "pending" | ... 4 more ......': startDate, propertyId, unitId, tenantId, and 2 more.
src/components/forms/LeaseForm.tsx(897,17): error TS2719: Type 'import("/home/akatola/Projects/propertypro-app/node_modules/.pnpm/react-hook-form@7.80.0_react@19.2.7/node_modules/react-hook-form/dist/types/form").Control<{ startDate: string; propertyId: string; unitId: string; tenantId: string; endDate: string; terms: { rentAmount: number; securityDeposit: number; utilities: str...' is not assignable to type 'import("/home/akatola/Projects/propertypro-app/node_modules/.pnpm/react-hook-form@7.80.0_react@19.2.7/node_modules/react-hook-form/dist/types/form").Control<{ startDate: string; propertyId: string; unitId: string; tenantId: string; endDate: string; terms: { rentAmount: number; securityDeposit: number; utilities: str...'. Two different types with this name exist, but they are unrelated.
  The types of '_options.resolver' are incompatible between these types.
    Type 'import("/home/akatola/Projects/propertypro-app/node_modules/.pnpm/react-hook-form@7.80.0_react@19.2.7/node_modules/react-hook-form/dist/types/resolvers").Resolver<{ startDate: string; propertyId: string; unitId: string; tenantId: string; endDate: string; terms: { rentAmount: number; securityDeposit: number; utilitie...' is not assignable to type 'import("/home/akatola/Projects/propertypro-app/node_modules/.pnpm/react-hook-form@7.80.0_react@19.2.7/node_modules/react-hook-form/dist/types/resolvers").Resolver<{ startDate: string; propertyId: string; unitId: string; tenantId: string; endDate: string; terms: { rentAmount: number; securityDeposit: number; utilitie...'. Two different types with this name exist, but they are unrelated.
      Type 'import("/home/akatola/Projects/propertypro-app/node_modules/.pnpm/react-hook-form@7.80.0_react@19.2.7/node_modules/react-hook-form/dist/types/resolvers").Resolver<{ startDate: string; propertyId: string; unitId: string; tenantId: string; endDate: string; terms: { rentAmount: number; securityDeposit: number; utilitie...' is not assignable to type 'import("/home/akatola/Projects/propertypro-app/node_modules/.pnpm/react-hook-form@7.80.0_react@19.2.7/node_modules/react-hook-form/dist/types/resolvers").Resolver<{ startDate: string; propertyId: string; unitId: string; tenantId: string; endDate: string; terms: { rentAmount: number; securityDeposit: number; utilitie...'. Two different types with this name exist, but they are unrelated.
        Type 'import("/home/akatola/Projects/propertypro-app/node_modules/.pnpm/react-hook-form@7.80.0_react@19.2.7/node_modules/react-hook-form/dist/types/resolvers").ResolverResult<{ startDate: string; propertyId: string; unitId: string; tenantId: string; endDate: string; terms: { rentAmount: number; securityDeposit: number; ut...' is not assignable to type 'import("/home/akatola/Projects/propertypro-app/node_modules/.pnpm/react-hook-form@7.80.0_react@19.2.7/node_modules/react-hook-form/dist/types/resolvers").ResolverResult<{ startDate: string; propertyId: string; unitId: string; tenantId: string; endDate: string; terms: { rentAmount: number; securityDeposit: number; ut...'. Two different types with this name exist, but they are unrelated.
          Type 'ResolverSuccess<TFieldValues>' is not assignable to type 'ResolverResult<{ startDate: string; propertyId: string; unitId: string; tenantId: string; endDate: string; terms: { rentAmount: number; securityDeposit: number; utilities: string[]; lateFee: number; restrictions: string[]; petDeposit?: number | undefined; paymentConfig?: { ...; } | undefined; }; status?: "pending" |...'.
            Type 'ResolverSuccess<TFieldValues>' is not assignable to type 'ResolverSuccess<{ startDate: string; propertyId: string; unitId: string; tenantId: string; endDate: string; terms: { rentAmount: number; securityDeposit: number; utilities: string[]; lateFee: number; restrictions: string[]; petDeposit?: number | undefined; paymentConfig?: { ...; } | undefined; }; status?: "pending" ...'.
              Type 'TFieldValues' is not assignable to type '{ startDate: string; propertyId: string; unitId: string; tenantId: string; endDate: string; terms: { rentAmount: number; securityDeposit: number; utilities: string[]; lateFee: number; restrictions: string[]; petDeposit?: number | undefined; paymentConfig?: { ...; } | undefined; }; status?: "pending" | ... 4 more ......'.
                Type 'FieldValues' is missing the following properties from type '{ startDate: string; propertyId: string; unitId: string; tenantId: string; endDate: string; terms: { rentAmount: number; securityDeposit: number; utilities: string[]; lateFee: number; restrictions: string[]; petDeposit?: number | undefined; paymentConfig?: { ...; } | undefined; }; status?: "pending" | ... 4 more ......': startDate, propertyId, unitId, tenantId, and 2 more.
src/components/forms/LeaseForm.tsx(919,17): error TS2719: Type 'import("/home/akatola/Projects/propertypro-app/node_modules/.pnpm/react-hook-form@7.80.0_react@19.2.7/node_modules/react-hook-form/dist/types/form").Control<{ startDate: string; propertyId: string; unitId: string; tenantId: string; endDate: string; terms: { rentAmount: number; securityDeposit: number; utilities: str...' is not assignable to type 'import("/home/akatola/Projects/propertypro-app/node_modules/.pnpm/react-hook-form@7.80.0_react@19.2.7/node_modules/react-hook-form/dist/types/form").Control<{ startDate: string; propertyId: string; unitId: string; tenantId: string; endDate: string; terms: { rentAmount: number; securityDeposit: number; utilities: str...'. Two different types with this name exist, but they are unrelated.
  The types of '_options.resolver' are incompatible between these types.
    Type 'import("/home/akatola/Projects/propertypro-app/node_modules/.pnpm/react-hook-form@7.80.0_react@19.2.7/node_modules/react-hook-form/dist/types/resolvers").Resolver<{ startDate: string; propertyId: string; unitId: string; tenantId: string; endDate: string; terms: { rentAmount: number; securityDeposit: number; utilitie...' is not assignable to type 'import("/home/akatola/Projects/propertypro-app/node_modules/.pnpm/react-hook-form@7.80.0_react@19.2.7/node_modules/react-hook-form/dist/types/resolvers").Resolver<{ startDate: string; propertyId: string; unitId: string; tenantId: string; endDate: string; terms: { rentAmount: number; securityDeposit: number; utilitie...'. Two different types with this name exist, but they are unrelated.
      Type 'import("/home/akatola/Projects/propertypro-app/node_modules/.pnpm/react-hook-form@7.80.0_react@19.2.7/node_modules/react-hook-form/dist/types/resolvers").Resolver<{ startDate: string; propertyId: string; unitId: string; tenantId: string; endDate: string; terms: { rentAmount: number; securityDeposit: number; utilitie...' is not assignable to type 'import("/home/akatola/Projects/propertypro-app/node_modules/.pnpm/react-hook-form@7.80.0_react@19.2.7/node_modules/react-hook-form/dist/types/resolvers").Resolver<{ startDate: string; propertyId: string; unitId: string; tenantId: string; endDate: string; terms: { rentAmount: number; securityDeposit: number; utilitie...'. Two different types with this name exist, but they are unrelated.
        Type 'import("/home/akatola/Projects/propertypro-app/node_modules/.pnpm/react-hook-form@7.80.0_react@19.2.7/node_modules/react-hook-form/dist/types/resolvers").ResolverResult<{ startDate: string; propertyId: string; unitId: string; tenantId: string; endDate: string; terms: { rentAmount: number; securityDeposit: number; ut...' is not assignable to type 'import("/home/akatola/Projects/propertypro-app/node_modules/.pnpm/react-hook-form@7.80.0_react@19.2.7/node_modules/react-hook-form/dist/types/resolvers").ResolverResult<{ startDate: string; propertyId: string; unitId: string; tenantId: string; endDate: string; terms: { rentAmount: number; securityDeposit: number; ut...'. Two different types with this name exist, but they are unrelated.
          Type 'ResolverSuccess<TFieldValues>' is not assignable to type 'ResolverResult<{ startDate: string; propertyId: string; unitId: string; tenantId: string; endDate: string; terms: { rentAmount: number; securityDeposit: number; utilities: string[]; lateFee: number; restrictions: string[]; petDeposit?: number | undefined; paymentConfig?: { ...; } | undefined; }; status?: "pending" |...'.
            Type 'ResolverSuccess<TFieldValues>' is not assignable to type 'ResolverSuccess<{ startDate: string; propertyId: string; unitId: string; tenantId: string; endDate: string; terms: { rentAmount: number; securityDeposit: number; utilities: string[]; lateFee: number; restrictions: string[]; petDeposit?: number | undefined; paymentConfig?: { ...; } | undefined; }; status?: "pending" ...'.
              Type 'TFieldValues' is not assignable to type '{ startDate: string; propertyId: string; unitId: string; tenantId: string; endDate: string; terms: { rentAmount: number; securityDeposit: number; utilities: string[]; lateFee: number; restrictions: string[]; petDeposit?: number | undefined; paymentConfig?: { ...; } | undefined; }; status?: "pending" | ... 4 more ......'.
                Type 'FieldValues' is missing the following properties from type '{ startDate: string; propertyId: string; unitId: string; tenantId: string; endDate: string; terms: { rentAmount: number; securityDeposit: number; utilities: string[]; lateFee: number; restrictions: string[]; petDeposit?: number | undefined; paymentConfig?: { ...; } | undefined; }; status?: "pending" | ... 4 more ......': startDate, propertyId, unitId, tenantId, and 2 more.
src/components/forms/LeaseForm.tsx(941,17): error TS2719: Type 'import("/home/akatola/Projects/propertypro-app/node_modules/.pnpm/react-hook-form@7.80.0_react@19.2.7/node_modules/react-hook-form/dist/types/form").Control<{ startDate: string; propertyId: string; unitId: string; tenantId: string; endDate: string; terms: { rentAmount: number; securityDeposit: number; utilities: str...' is not assignable to type 'import("/home/akatola/Projects/propertypro-app/node_modules/.pnpm/react-hook-form@7.80.0_react@19.2.7/node_modules/react-hook-form/dist/types/form").Control<{ startDate: string; propertyId: string; unitId: string; tenantId: string; endDate: string; terms: { rentAmount: number; securityDeposit: number; utilities: str...'. Two different types with this name exist, but they are unrelated.
  The types of '_options.resolver' are incompatible between these types.
    Type 'import("/home/akatola/Projects/propertypro-app/node_modules/.pnpm/react-hook-form@7.80.0_react@19.2.7/node_modules/react-hook-form/dist/types/resolvers").Resolver<{ startDate: string; propertyId: string; unitId: string; tenantId: string; endDate: string; terms: { rentAmount: number; securityDeposit: number; utilitie...' is not assignable to type 'import("/home/akatola/Projects/propertypro-app/node_modules/.pnpm/react-hook-form@7.80.0_react@19.2.7/node_modules/react-hook-form/dist/types/resolvers").Resolver<{ startDate: string; propertyId: string; unitId: string; tenantId: string; endDate: string; terms: { rentAmount: number; securityDeposit: number; utilitie...'. Two different types with this name exist, but they are unrelated.
      Type 'import("/home/akatola/Projects/propertypro-app/node_modules/.pnpm/react-hook-form@7.80.0_react@19.2.7/node_modules/react-hook-form/dist/types/resolvers").Resolver<{ startDate: string; propertyId: string; unitId: string; tenantId: string; endDate: string; terms: { rentAmount: number; securityDeposit: number; utilitie...' is not assignable to type 'import("/home/akatola/Projects/propertypro-app/node_modules/.pnpm/react-hook-form@7.80.0_react@19.2.7/node_modules/react-hook-form/dist/types/resolvers").Resolver<{ startDate: string; propertyId: string; unitId: string; tenantId: string; endDate: string; terms: { rentAmount: number; securityDeposit: number; utilitie...'. Two different types with this name exist, but they are unrelated.
        Type 'import("/home/akatola/Projects/propertypro-app/node_modules/.pnpm/react-hook-form@7.80.0_react@19.2.7/node_modules/react-hook-form/dist/types/resolvers").ResolverResult<{ startDate: string; propertyId: string; unitId: string; tenantId: string; endDate: string; terms: { rentAmount: number; securityDeposit: number; ut...' is not assignable to type 'import("/home/akatola/Projects/propertypro-app/node_modules/.pnpm/react-hook-form@7.80.0_react@19.2.7/node_modules/react-hook-form/dist/types/resolvers").ResolverResult<{ startDate: string; propertyId: string; unitId: string; tenantId: string; endDate: string; terms: { rentAmount: number; securityDeposit: number; ut...'. Two different types with this name exist, but they are unrelated.
          Type 'ResolverSuccess<TFieldValues>' is not assignable to type 'ResolverResult<{ startDate: string; propertyId: string; unitId: string; tenantId: string; endDate: string; terms: { rentAmount: number; securityDeposit: number; utilities: string[]; lateFee: number; restrictions: string[]; petDeposit?: number | undefined; paymentConfig?: { ...; } | undefined; }; status?: "pending" |...'.
            Type 'ResolverSuccess<TFieldValues>' is not assignable to type 'ResolverSuccess<{ startDate: string; propertyId: string; unitId: string; tenantId: string; endDate: string; terms: { rentAmount: number; securityDeposit: number; utilities: string[]; lateFee: number; restrictions: string[]; petDeposit?: number | undefined; paymentConfig?: { ...; } | undefined; }; status?: "pending" ...'.
              Type 'TFieldValues' is not assignable to type '{ startDate: string; propertyId: string; unitId: string; tenantId: string; endDate: string; terms: { rentAmount: number; securityDeposit: number; utilities: string[]; lateFee: number; restrictions: string[]; petDeposit?: number | undefined; paymentConfig?: { ...; } | undefined; }; status?: "pending" | ... 4 more ......'.
                Type 'FieldValues' is missing the following properties from type '{ startDate: string; propertyId: string; unitId: string; tenantId: string; endDate: string; terms: { rentAmount: number; securityDeposit: number; utilities: string[]; lateFee: number; restrictions: string[]; petDeposit?: number | undefined; paymentConfig?: { ...; } | undefined; }; status?: "pending" | ... 4 more ......': startDate, propertyId, unitId, tenantId, and 2 more.
src/components/forms/LeaseForm.tsx(982,19): error TS2719: Type 'import("/home/akatola/Projects/propertypro-app/node_modules/.pnpm/react-hook-form@7.80.0_react@19.2.7/node_modules/react-hook-form/dist/types/form").Control<{ startDate: string; propertyId: string; unitId: string; tenantId: string; endDate: string; terms: { rentAmount: number; securityDeposit: number; utilities: str...' is not assignable to type 'import("/home/akatola/Projects/propertypro-app/node_modules/.pnpm/react-hook-form@7.80.0_react@19.2.7/node_modules/react-hook-form/dist/types/form").Control<{ startDate: string; propertyId: string; unitId: string; tenantId: string; endDate: string; terms: { rentAmount: number; securityDeposit: number; utilities: str...'. Two different types with this name exist, but they are unrelated.
  The types of '_options.resolver' are incompatible between these types.
    Type 'import("/home/akatola/Projects/propertypro-app/node_modules/.pnpm/react-hook-form@7.80.0_react@19.2.7/node_modules/react-hook-form/dist/types/resolvers").Resolver<{ startDate: string; propertyId: string; unitId: string; tenantId: string; endDate: string; terms: { rentAmount: number; securityDeposit: number; utilitie...' is not assignable to type 'import("/home/akatola/Projects/propertypro-app/node_modules/.pnpm/react-hook-form@7.80.0_react@19.2.7/node_modules/react-hook-form/dist/types/resolvers").Resolver<{ startDate: string; propertyId: string; unitId: string; tenantId: string; endDate: string; terms: { rentAmount: number; securityDeposit: number; utilitie...'. Two different types with this name exist, but they are unrelated.
      Type 'import("/home/akatola/Projects/propertypro-app/node_modules/.pnpm/react-hook-form@7.80.0_react@19.2.7/node_modules/react-hook-form/dist/types/resolvers").Resolver<{ startDate: string; propertyId: string; unitId: string; tenantId: string; endDate: string; terms: { rentAmount: number; securityDeposit: number; utilitie...' is not assignable to type 'import("/home/akatola/Projects/propertypro-app/node_modules/.pnpm/react-hook-form@7.80.0_react@19.2.7/node_modules/react-hook-form/dist/types/resolvers").Resolver<{ startDate: string; propertyId: string; unitId: string; tenantId: string; endDate: string; terms: { rentAmount: number; securityDeposit: number; utilitie...'. Two different types with this name exist, but they are unrelated.
        Type 'import("/home/akatola/Projects/propertypro-app/node_modules/.pnpm/react-hook-form@7.80.0_react@19.2.7/node_modules/react-hook-form/dist/types/resolvers").ResolverResult<{ startDate: string; propertyId: string; unitId: string; tenantId: string; endDate: string; terms: { rentAmount: number; securityDeposit: number; ut...' is not assignable to type 'import("/home/akatola/Projects/propertypro-app/node_modules/.pnpm/react-hook-form@7.80.0_react@19.2.7/node_modules/react-hook-form/dist/types/resolvers").ResolverResult<{ startDate: string; propertyId: string; unitId: string; tenantId: string; endDate: string; terms: { rentAmount: number; securityDeposit: number; ut...'. Two different types with this name exist, but they are unrelated.
          Type 'ResolverSuccess<TFieldValues>' is not assignable to type 'ResolverResult<{ startDate: string; propertyId: string; unitId: string; tenantId: string; endDate: string; terms: { rentAmount: number; securityDeposit: number; utilities: string[]; lateFee: number; restrictions: string[]; petDeposit?: number | undefined; paymentConfig?: { ...; } | undefined; }; status?: "pending" |...'.
            Type 'ResolverSuccess<TFieldValues>' is not assignable to type 'ResolverSuccess<{ startDate: string; propertyId: string; unitId: string; tenantId: string; endDate: string; terms: { rentAmount: number; securityDeposit: number; utilities: string[]; lateFee: number; restrictions: string[]; petDeposit?: number | undefined; paymentConfig?: { ...; } | undefined; }; status?: "pending" ...'.
              Type 'TFieldValues' is not assignable to type '{ startDate: string; propertyId: string; unitId: string; tenantId: string; endDate: string; terms: { rentAmount: number; securityDeposit: number; utilities: string[]; lateFee: number; restrictions: string[]; petDeposit?: number | undefined; paymentConfig?: { ...; } | undefined; }; status?: "pending" | ... 4 more ......'.
                Type 'FieldValues' is missing the following properties from type '{ startDate: string; propertyId: string; unitId: string; tenantId: string; endDate: string; terms: { rentAmount: number; securityDeposit: number; utilities: string[]; lateFee: number; restrictions: string[]; petDeposit?: number | undefined; paymentConfig?: { ...; } | undefined; }; status?: "pending" | ... 4 more ......': startDate, propertyId, unitId, tenantId, and 2 more.
src/components/forms/LeaseForm.tsx(1017,19): error TS2719: Type 'import("/home/akatola/Projects/propertypro-app/node_modules/.pnpm/react-hook-form@7.80.0_react@19.2.7/node_modules/react-hook-form/dist/types/form").Control<{ startDate: string; propertyId: string; unitId: string; tenantId: string; endDate: string; terms: { rentAmount: number; securityDeposit: number; utilities: str...' is not assignable to type 'import("/home/akatola/Projects/propertypro-app/node_modules/.pnpm/react-hook-form@7.80.0_react@19.2.7/node_modules/react-hook-form/dist/types/form").Control<{ startDate: string; propertyId: string; unitId: string; tenantId: string; endDate: string; terms: { rentAmount: number; securityDeposit: number; utilities: str...'. Two different types with this name exist, but they are unrelated.
  The types of '_options.resolver' are incompatible between these types.
    Type 'import("/home/akatola/Projects/propertypro-app/node_modules/.pnpm/react-hook-form@7.80.0_react@19.2.7/node_modules/react-hook-form/dist/types/resolvers").Resolver<{ startDate: string; propertyId: string; unitId: string; tenantId: string; endDate: string; terms: { rentAmount: number; securityDeposit: number; utilitie...' is not assignable to type 'import("/home/akatola/Projects/propertypro-app/node_modules/.pnpm/react-hook-form@7.80.0_react@19.2.7/node_modules/react-hook-form/dist/types/resolvers").Resolver<{ startDate: string; propertyId: string; unitId: string; tenantId: string; endDate: string; terms: { rentAmount: number; securityDeposit: number; utilitie...'. Two different types with this name exist, but they are unrelated.
      Type 'import("/home/akatola/Projects/propertypro-app/node_modules/.pnpm/react-hook-form@7.80.0_react@19.2.7/node_modules/react-hook-form/dist/types/resolvers").Resolver<{ startDate: string; propertyId: string; unitId: string; tenantId: string; endDate: string; terms: { rentAmount: number; securityDeposit: number; utilitie...' is not assignable to type 'import("/home/akatola/Projects/propertypro-app/node_modules/.pnpm/react-hook-form@7.80.0_react@19.2.7/node_modules/react-hook-form/dist/types/resolvers").Resolver<{ startDate: string; propertyId: string; unitId: string; tenantId: string; endDate: string; terms: { rentAmount: number; securityDeposit: number; utilitie...'. Two different types with this name exist, but they are unrelated.
        Type 'import("/home/akatola/Projects/propertypro-app/node_modules/.pnpm/react-hook-form@7.80.0_react@19.2.7/node_modules/react-hook-form/dist/types/resolvers").ResolverResult<{ startDate: string; propertyId: string; unitId: string; tenantId: string; endDate: string; terms: { rentAmount: number; securityDeposit: number; ut...' is not assignable to type 'import("/home/akatola/Projects/propertypro-app/node_modules/.pnpm/react-hook-form@7.80.0_react@19.2.7/node_modules/react-hook-form/dist/types/resolvers").ResolverResult<{ startDate: string; propertyId: string; unitId: string; tenantId: string; endDate: string; terms: { rentAmount: number; securityDeposit: number; ut...'. Two different types with this name exist, but they are unrelated.
          Type 'ResolverSuccess<TFieldValues>' is not assignable to type 'ResolverResult<{ startDate: string; propertyId: string; unitId: string; tenantId: string; endDate: string; terms: { rentAmount: number; securityDeposit: number; utilities: string[]; lateFee: number; restrictions: string[]; petDeposit?: number | undefined; paymentConfig?: { ...; } | undefined; }; status?: "pending" |...'.
            Type 'ResolverSuccess<TFieldValues>' is not assignable to type 'ResolverSuccess<{ startDate: string; propertyId: string; unitId: string; tenantId: string; endDate: string; terms: { rentAmount: number; securityDeposit: number; utilities: string[]; lateFee: number; restrictions: string[]; petDeposit?: number | undefined; paymentConfig?: { ...; } | undefined; }; status?: "pending" ...'.
              Type 'TFieldValues' is not assignable to type '{ startDate: string; propertyId: string; unitId: string; tenantId: string; endDate: string; terms: { rentAmount: number; securityDeposit: number; utilities: string[]; lateFee: number; restrictions: string[]; petDeposit?: number | undefined; paymentConfig?: { ...; } | undefined; }; status?: "pending" | ... 4 more ......'.
                Type 'FieldValues' is missing the following properties from type '{ startDate: string; propertyId: string; unitId: string; tenantId: string; endDate: string; terms: { rentAmount: number; securityDeposit: number; utilities: string[]; lateFee: number; restrictions: string[]; petDeposit?: number | undefined; paymentConfig?: { ...; } | undefined; }; status?: "pending" | ... 4 more ......': startDate, propertyId, unitId, tenantId, and 2 more.
src/components/forms/LeaseForm.tsx(1038,19): error TS2719: Type 'import("/home/akatola/Projects/propertypro-app/node_modules/.pnpm/react-hook-form@7.80.0_react@19.2.7/node_modules/react-hook-form/dist/types/form").Control<{ startDate: string; propertyId: string; unitId: string; tenantId: string; endDate: string; terms: { rentAmount: number; securityDeposit: number; utilities: str...' is not assignable to type 'import("/home/akatola/Projects/propertypro-app/node_modules/.pnpm/react-hook-form@7.80.0_react@19.2.7/node_modules/react-hook-form/dist/types/form").Control<{ startDate: string; propertyId: string; unitId: string; tenantId: string; endDate: string; terms: { rentAmount: number; securityDeposit: number; utilities: str...'. Two different types with this name exist, but they are unrelated.
  The types of '_options.resolver' are incompatible between these types.
    Type 'import("/home/akatola/Projects/propertypro-app/node_modules/.pnpm/react-hook-form@7.80.0_react@19.2.7/node_modules/react-hook-form/dist/types/resolvers").Resolver<{ startDate: string; propertyId: string; unitId: string; tenantId: string; endDate: string; terms: { rentAmount: number; securityDeposit: number; utilitie...' is not assignable to type 'import("/home/akatola/Projects/propertypro-app/node_modules/.pnpm/react-hook-form@7.80.0_react@19.2.7/node_modules/react-hook-form/dist/types/resolvers").Resolver<{ startDate: string; propertyId: string; unitId: string; tenantId: string; endDate: string; terms: { rentAmount: number; securityDeposit: number; utilitie...'. Two different types with this name exist, but they are unrelated.
      Type 'import("/home/akatola/Projects/propertypro-app/node_modules/.pnpm/react-hook-form@7.80.0_react@19.2.7/node_modules/react-hook-form/dist/types/resolvers").Resolver<{ startDate: string; propertyId: string; unitId: string; tenantId: string; endDate: string; terms: { rentAmount: number; securityDeposit: number; utilitie...' is not assignable to type 'import("/home/akatola/Projects/propertypro-app/node_modules/.pnpm/react-hook-form@7.80.0_react@19.2.7/node_modules/react-hook-form/dist/types/resolvers").Resolver<{ startDate: string; propertyId: string; unitId: string; tenantId: string; endDate: string; terms: { rentAmount: number; securityDeposit: number; utilitie...'. Two different types with this name exist, but they are unrelated.
        Type 'import("/home/akatola/Projects/propertypro-app/node_modules/.pnpm/react-hook-form@7.80.0_react@19.2.7/node_modules/react-hook-form/dist/types/resolvers").ResolverResult<{ startDate: string; propertyId: string; unitId: string; tenantId: string; endDate: string; terms: { rentAmount: number; securityDeposit: number; ut...' is not assignable to type 'import("/home/akatola/Projects/propertypro-app/node_modules/.pnpm/react-hook-form@7.80.0_react@19.2.7/node_modules/react-hook-form/dist/types/resolvers").ResolverResult<{ startDate: string; propertyId: string; unitId: string; tenantId: string; endDate: string; terms: { rentAmount: number; securityDeposit: number; ut...'. Two different types with this name exist, but they are unrelated.
          Type 'ResolverSuccess<TFieldValues>' is not assignable to type 'ResolverResult<{ startDate: string; propertyId: string; unitId: string; tenantId: string; endDate: string; terms: { rentAmount: number; securityDeposit: number; utilities: string[]; lateFee: number; restrictions: string[]; petDeposit?: number | undefined; paymentConfig?: { ...; } | undefined; }; status?: "pending" |...'.
            Type 'ResolverSuccess<TFieldValues>' is not assignable to type 'ResolverSuccess<{ startDate: string; propertyId: string; unitId: string; tenantId: string; endDate: string; terms: { rentAmount: number; securityDeposit: number; utilities: string[]; lateFee: number; restrictions: string[]; petDeposit?: number | undefined; paymentConfig?: { ...; } | undefined; }; status?: "pending" ...'.
              Type 'TFieldValues' is not assignable to type '{ startDate: string; propertyId: string; unitId: string; tenantId: string; endDate: string; terms: { rentAmount: number; securityDeposit: number; utilities: string[]; lateFee: number; restrictions: string[]; petDeposit?: number | undefined; paymentConfig?: { ...; } | undefined; }; status?: "pending" | ... 4 more ......'.
                Type 'FieldValues' is missing the following properties from type '{ startDate: string; propertyId: string; unitId: string; tenantId: string; endDate: string; terms: { rentAmount: number; securityDeposit: number; utilities: string[]; lateFee: number; restrictions: string[]; petDeposit?: number | undefined; paymentConfig?: { ...; } | undefined; }; status?: "pending" | ... 4 more ......': startDate, propertyId, unitId, tenantId, and 2 more.
src/components/forms/LeaseForm.tsx(1060,19): error TS2719: Type 'import("/home/akatola/Projects/propertypro-app/node_modules/.pnpm/react-hook-form@7.80.0_react@19.2.7/node_modules/react-hook-form/dist/types/form").Control<{ startDate: string; propertyId: string; unitId: string; tenantId: string; endDate: string; terms: { rentAmount: number; securityDeposit: number; utilities: str...' is not assignable to type 'import("/home/akatola/Projects/propertypro-app/node_modules/.pnpm/react-hook-form@7.80.0_react@19.2.7/node_modules/react-hook-form/dist/types/form").Control<{ startDate: string; propertyId: string; unitId: string; tenantId: string; endDate: string; terms: { rentAmount: number; securityDeposit: number; utilities: str...'. Two different types with this name exist, but they are unrelated.
  The types of '_options.resolver' are incompatible between these types.
    Type 'import("/home/akatola/Projects/propertypro-app/node_modules/.pnpm/react-hook-form@7.80.0_react@19.2.7/node_modules/react-hook-form/dist/types/resolvers").Resolver<{ startDate: string; propertyId: string; unitId: string; tenantId: string; endDate: string; terms: { rentAmount: number; securityDeposit: number; utilitie...' is not assignable to type 'import("/home/akatola/Projects/propertypro-app/node_modules/.pnpm/react-hook-form@7.80.0_react@19.2.7/node_modules/react-hook-form/dist/types/resolvers").Resolver<{ startDate: string; propertyId: string; unitId: string; tenantId: string; endDate: string; terms: { rentAmount: number; securityDeposit: number; utilitie...'. Two different types with this name exist, but they are unrelated.
      Type 'import("/home/akatola/Projects/propertypro-app/node_modules/.pnpm/react-hook-form@7.80.0_react@19.2.7/node_modules/react-hook-form/dist/types/resolvers").Resolver<{ startDate: string; propertyId: string; unitId: string; tenantId: string; endDate: string; terms: { rentAmount: number; securityDeposit: number; utilitie...' is not assignable to type 'import("/home/akatola/Projects/propertypro-app/node_modules/.pnpm/react-hook-form@7.80.0_react@19.2.7/node_modules/react-hook-form/dist/types/resolvers").Resolver<{ startDate: string; propertyId: string; unitId: string; tenantId: string; endDate: string; terms: { rentAmount: number; securityDeposit: number; utilitie...'. Two different types with this name exist, but they are unrelated.
        Type 'import("/home/akatola/Projects/propertypro-app/node_modules/.pnpm/react-hook-form@7.80.0_react@19.2.7/node_modules/react-hook-form/dist/types/resolvers").ResolverResult<{ startDate: string; propertyId: string; unitId: string; tenantId: string; endDate: string; terms: { rentAmount: number; securityDeposit: number; ut...' is not assignable to type 'import("/home/akatola/Projects/propertypro-app/node_modules/.pnpm/react-hook-form@7.80.0_react@19.2.7/node_modules/react-hook-form/dist/types/resolvers").ResolverResult<{ startDate: string; propertyId: string; unitId: string; tenantId: string; endDate: string; terms: { rentAmount: number; securityDeposit: number; ut...'. Two different types with this name exist, but they are unrelated.
          Type 'ResolverSuccess<TFieldValues>' is not assignable to type 'ResolverResult<{ startDate: string; propertyId: string; unitId: string; tenantId: string; endDate: string; terms: { rentAmount: number; securityDeposit: number; utilities: string[]; lateFee: number; restrictions: string[]; petDeposit?: number | undefined; paymentConfig?: { ...; } | undefined; }; status?: "pending" |...'.
            Type 'ResolverSuccess<TFieldValues>' is not assignable to type 'ResolverSuccess<{ startDate: string; propertyId: string; unitId: string; tenantId: string; endDate: string; terms: { rentAmount: number; securityDeposit: number; utilities: string[]; lateFee: number; restrictions: string[]; petDeposit?: number | undefined; paymentConfig?: { ...; } | undefined; }; status?: "pending" ...'.
              Type 'TFieldValues' is not assignable to type '{ startDate: string; propertyId: string; unitId: string; tenantId: string; endDate: string; terms: { rentAmount: number; securityDeposit: number; utilities: string[]; lateFee: number; restrictions: string[]; petDeposit?: number | undefined; paymentConfig?: { ...; } | undefined; }; status?: "pending" | ... 4 more ......'.
                Type 'FieldValues' is missing the following properties from type '{ startDate: string; propertyId: string; unitId: string; tenantId: string; endDate: string; terms: { rentAmount: number; securityDeposit: number; utilities: string[]; lateFee: number; restrictions: string[]; petDeposit?: number | undefined; paymentConfig?: { ...; } | undefined; }; status?: "pending" | ... 4 more ......': startDate, propertyId, unitId, tenantId, and 2 more.
src/components/forms/LeaseForm.tsx(1081,19): error TS2719: Type 'import("/home/akatola/Projects/propertypro-app/node_modules/.pnpm/react-hook-form@7.80.0_react@19.2.7/node_modules/react-hook-form/dist/types/form").Control<{ startDate: string; propertyId: string; unitId: string; tenantId: string; endDate: string; terms: { rentAmount: number; securityDeposit: number; utilities: str...' is not assignable to type 'import("/home/akatola/Projects/propertypro-app/node_modules/.pnpm/react-hook-form@7.80.0_react@19.2.7/node_modules/react-hook-form/dist/types/form").Control<{ startDate: string; propertyId: string; unitId: string; tenantId: string; endDate: string; terms: { rentAmount: number; securityDeposit: number; utilities: str...'. Two different types with this name exist, but they are unrelated.
  The types of '_options.resolver' are incompatible between these types.
    Type 'import("/home/akatola/Projects/propertypro-app/node_modules/.pnpm/react-hook-form@7.80.0_react@19.2.7/node_modules/react-hook-form/dist/types/resolvers").Resolver<{ startDate: string; propertyId: string; unitId: string; tenantId: string; endDate: string; terms: { rentAmount: number; securityDeposit: number; utilitie...' is not assignable to type 'import("/home/akatola/Projects/propertypro-app/node_modules/.pnpm/react-hook-form@7.80.0_react@19.2.7/node_modules/react-hook-form/dist/types/resolvers").Resolver<{ startDate: string; propertyId: string; unitId: string; tenantId: string; endDate: string; terms: { rentAmount: number; securityDeposit: number; utilitie...'. Two different types with this name exist, but they are unrelated.
      Type 'import("/home/akatola/Projects/propertypro-app/node_modules/.pnpm/react-hook-form@7.80.0_react@19.2.7/node_modules/react-hook-form/dist/types/resolvers").Resolver<{ startDate: string; propertyId: string; unitId: string; tenantId: string; endDate: string; terms: { rentAmount: number; securityDeposit: number; utilitie...' is not assignable to type 'import("/home/akatola/Projects/propertypro-app/node_modules/.pnpm/react-hook-form@7.80.0_react@19.2.7/node_modules/react-hook-form/dist/types/resolvers").Resolver<{ startDate: string; propertyId: string; unitId: string; tenantId: string; endDate: string; terms: { rentAmount: number; securityDeposit: number; utilitie...'. Two different types with this name exist, but they are unrelated.
        Type 'import("/home/akatola/Projects/propertypro-app/node_modules/.pnpm/react-hook-form@7.80.0_react@19.2.7/node_modules/react-hook-form/dist/types/resolvers").ResolverResult<{ startDate: string; propertyId: string; unitId: string; tenantId: string; endDate: string; terms: { rentAmount: number; securityDeposit: number; ut...' is not assignable to type 'import("/home/akatola/Projects/propertypro-app/node_modules/.pnpm/react-hook-form@7.80.0_react@19.2.7/node_modules/react-hook-form/dist/types/resolvers").ResolverResult<{ startDate: string; propertyId: string; unitId: string; tenantId: string; endDate: string; terms: { rentAmount: number; securityDeposit: number; ut...'. Two different types with this name exist, but they are unrelated.
          Type 'ResolverSuccess<TFieldValues>' is not assignable to type 'ResolverResult<{ startDate: string; propertyId: string; unitId: string; tenantId: string; endDate: string; terms: { rentAmount: number; securityDeposit: number; utilities: string[]; lateFee: number; restrictions: string[]; petDeposit?: number | undefined; paymentConfig?: { ...; } | undefined; }; status?: "pending" |...'.
            Type 'ResolverSuccess<TFieldValues>' is not assignable to type 'ResolverSuccess<{ startDate: string; propertyId: string; unitId: string; tenantId: string; endDate: string; terms: { rentAmount: number; securityDeposit: number; utilities: string[]; lateFee: number; restrictions: string[]; petDeposit?: number | undefined; paymentConfig?: { ...; } | undefined; }; status?: "pending" ...'.
              Type 'TFieldValues' is not assignable to type '{ startDate: string; propertyId: string; unitId: string; tenantId: string; endDate: string; terms: { rentAmount: number; securityDeposit: number; utilities: string[]; lateFee: number; restrictions: string[]; petDeposit?: number | undefined; paymentConfig?: { ...; } | undefined; }; status?: "pending" | ... 4 more ......'.
                Type 'FieldValues' is missing the following properties from type '{ startDate: string; propertyId: string; unitId: string; tenantId: string; endDate: string; terms: { rentAmount: number; securityDeposit: number; utilities: string[]; lateFee: number; restrictions: string[]; petDeposit?: number | undefined; paymentConfig?: { ...; } | undefined; }; status?: "pending" | ... 4 more ......': startDate, propertyId, unitId, tenantId, and 2 more.
src/components/forms/LeaseForm.tsx(1103,17): error TS2719: Type 'import("/home/akatola/Projects/propertypro-app/node_modules/.pnpm/react-hook-form@7.80.0_react@19.2.7/node_modules/react-hook-form/dist/types/form").Control<{ startDate: string; propertyId: string; unitId: string; tenantId: string; endDate: string; terms: { rentAmount: number; securityDeposit: number; utilities: str...' is not assignable to type 'import("/home/akatola/Projects/propertypro-app/node_modules/.pnpm/react-hook-form@7.80.0_react@19.2.7/node_modules/react-hook-form/dist/types/form").Control<{ startDate: string; propertyId: string; unitId: string; tenantId: string; endDate: string; terms: { rentAmount: number; securityDeposit: number; utilities: str...'. Two different types with this name exist, but they are unrelated.
  The types of '_options.resolver' are incompatible between these types.
    Type 'import("/home/akatola/Projects/propertypro-app/node_modules/.pnpm/react-hook-form@7.80.0_react@19.2.7/node_modules/react-hook-form/dist/types/resolvers").Resolver<{ startDate: string; propertyId: string; unitId: string; tenantId: string; endDate: string; terms: { rentAmount: number; securityDeposit: number; utilitie...' is not assignable to type 'import("/home/akatola/Projects/propertypro-app/node_modules/.pnpm/react-hook-form@7.80.0_react@19.2.7/node_modules/react-hook-form/dist/types/resolvers").Resolver<{ startDate: string; propertyId: string; unitId: string; tenantId: string; endDate: string; terms: { rentAmount: number; securityDeposit: number; utilitie...'. Two different types with this name exist, but they are unrelated.
      Type 'import("/home/akatola/Projects/propertypro-app/node_modules/.pnpm/react-hook-form@7.80.0_react@19.2.7/node_modules/react-hook-form/dist/types/resolvers").Resolver<{ startDate: string; propertyId: string; unitId: string; tenantId: string; endDate: string; terms: { rentAmount: number; securityDeposit: number; utilitie...' is not assignable to type 'import("/home/akatola/Projects/propertypro-app/node_modules/.pnpm/react-hook-form@7.80.0_react@19.2.7/node_modules/react-hook-form/dist/types/resolvers").Resolver<{ startDate: string; propertyId: string; unitId: string; tenantId: string; endDate: string; terms: { rentAmount: number; securityDeposit: number; utilitie...'. Two different types with this name exist, but they are unrelated.
        Type 'import("/home/akatola/Projects/propertypro-app/node_modules/.pnpm/react-hook-form@7.80.0_react@19.2.7/node_modules/react-hook-form/dist/types/resolvers").ResolverResult<{ startDate: string; propertyId: string; unitId: string; tenantId: string; endDate: string; terms: { rentAmount: number; securityDeposit: number; ut...' is not assignable to type 'import("/home/akatola/Projects/propertypro-app/node_modules/.pnpm/react-hook-form@7.80.0_react@19.2.7/node_modules/react-hook-form/dist/types/resolvers").ResolverResult<{ startDate: string; propertyId: string; unitId: string; tenantId: string; endDate: string; terms: { rentAmount: number; securityDeposit: number; ut...'. Two different types with this name exist, but they are unrelated.
          Type 'ResolverSuccess<TFieldValues>' is not assignable to type 'ResolverResult<{ startDate: string; propertyId: string; unitId: string; tenantId: string; endDate: string; terms: { rentAmount: number; securityDeposit: number; utilities: string[]; lateFee: number; restrictions: string[]; petDeposit?: number | undefined; paymentConfig?: { ...; } | undefined; }; status?: "pending" |...'.
            Type 'ResolverSuccess<TFieldValues>' is not assignable to type 'ResolverSuccess<{ startDate: string; propertyId: string; unitId: string; tenantId: string; endDate: string; terms: { rentAmount: number; securityDeposit: number; utilities: string[]; lateFee: number; restrictions: string[]; petDeposit?: number | undefined; paymentConfig?: { ...; } | undefined; }; status?: "pending" ...'.
              Type 'TFieldValues' is not assignable to type '{ startDate: string; propertyId: string; unitId: string; tenantId: string; endDate: string; terms: { rentAmount: number; securityDeposit: number; utilities: string[]; lateFee: number; restrictions: string[]; petDeposit?: number | undefined; paymentConfig?: { ...; } | undefined; }; status?: "pending" | ... 4 more ......'.
                Type 'FieldValues' is missing the following properties from type '{ startDate: string; propertyId: string; unitId: string; tenantId: string; endDate: string; terms: { rentAmount: number; securityDeposit: number; utilities: string[]; lateFee: number; restrictions: string[]; petDeposit?: number | undefined; paymentConfig?: { ...; } | undefined; }; status?: "pending" | ... 4 more ......': startDate, propertyId, unitId, tenantId, and 2 more.
src/components/forms/LeaseForm.tsx(1136,19): error TS2719: Type 'import("/home/akatola/Projects/propertypro-app/node_modules/.pnpm/react-hook-form@7.80.0_react@19.2.7/node_modules/react-hook-form/dist/types/form").Control<{ startDate: string; propertyId: string; unitId: string; tenantId: string; endDate: string; terms: { rentAmount: number; securityDeposit: number; utilities: str...' is not assignable to type 'import("/home/akatola/Projects/propertypro-app/node_modules/.pnpm/react-hook-form@7.80.0_react@19.2.7/node_modules/react-hook-form/dist/types/form").Control<{ startDate: string; propertyId: string; unitId: string; tenantId: string; endDate: string; terms: { rentAmount: number; securityDeposit: number; utilities: str...'. Two different types with this name exist, but they are unrelated.
  The types of '_options.resolver' are incompatible between these types.
    Type 'import("/home/akatola/Projects/propertypro-app/node_modules/.pnpm/react-hook-form@7.80.0_react@19.2.7/node_modules/react-hook-form/dist/types/resolvers").Resolver<{ startDate: string; propertyId: string; unitId: string; tenantId: string; endDate: string; terms: { rentAmount: number; securityDeposit: number; utilitie...' is not assignable to type 'import("/home/akatola/Projects/propertypro-app/node_modules/.pnpm/react-hook-form@7.80.0_react@19.2.7/node_modules/react-hook-form/dist/types/resolvers").Resolver<{ startDate: string; propertyId: string; unitId: string; tenantId: string; endDate: string; terms: { rentAmount: number; securityDeposit: number; utilitie...'. Two different types with this name exist, but they are unrelated.
      Type 'import("/home/akatola/Projects/propertypro-app/node_modules/.pnpm/react-hook-form@7.80.0_react@19.2.7/node_modules/react-hook-form/dist/types/resolvers").Resolver<{ startDate: string; propertyId: string; unitId: string; tenantId: string; endDate: string; terms: { rentAmount: number; securityDeposit: number; utilitie...' is not assignable to type 'import("/home/akatola/Projects/propertypro-app/node_modules/.pnpm/react-hook-form@7.80.0_react@19.2.7/node_modules/react-hook-form/dist/types/resolvers").Resolver<{ startDate: string; propertyId: string; unitId: string; tenantId: string; endDate: string; terms: { rentAmount: number; securityDeposit: number; utilitie...'. Two different types with this name exist, but they are unrelated.
        Type 'import("/home/akatola/Projects/propertypro-app/node_modules/.pnpm/react-hook-form@7.80.0_react@19.2.7/node_modules/react-hook-form/dist/types/resolvers").ResolverResult<{ startDate: string; propertyId: string; unitId: string; tenantId: string; endDate: string; terms: { rentAmount: number; securityDeposit: number; ut...' is not assignable to type 'import("/home/akatola/Projects/propertypro-app/node_modules/.pnpm/react-hook-form@7.80.0_react@19.2.7/node_modules/react-hook-form/dist/types/resolvers").ResolverResult<{ startDate: string; propertyId: string; unitId: string; tenantId: string; endDate: string; terms: { rentAmount: number; securityDeposit: number; ut...'. Two different types with this name exist, but they are unrelated.
          Type 'ResolverSuccess<TFieldValues>' is not assignable to type 'ResolverResult<{ startDate: string; propertyId: string; unitId: string; tenantId: string; endDate: string; terms: { rentAmount: number; securityDeposit: number; utilities: string[]; lateFee: number; restrictions: string[]; petDeposit?: number | undefined; paymentConfig?: { ...; } | undefined; }; status?: "pending" |...'.
            Type 'ResolverSuccess<TFieldValues>' is not assignable to type 'ResolverSuccess<{ startDate: string; propertyId: string; unitId: string; tenantId: string; endDate: string; terms: { rentAmount: number; securityDeposit: number; utilities: string[]; lateFee: number; restrictions: string[]; petDeposit?: number | undefined; paymentConfig?: { ...; } | undefined; }; status?: "pending" ...'.
              Type 'TFieldValues' is not assignable to type '{ startDate: string; propertyId: string; unitId: string; tenantId: string; endDate: string; terms: { rentAmount: number; securityDeposit: number; utilities: string[]; lateFee: number; restrictions: string[]; petDeposit?: number | undefined; paymentConfig?: { ...; } | undefined; }; status?: "pending" | ... 4 more ......'.
                Type 'FieldValues' is missing the following properties from type '{ startDate: string; propertyId: string; unitId: string; tenantId: string; endDate: string; terms: { rentAmount: number; securityDeposit: number; utilities: string[]; lateFee: number; restrictions: string[]; petDeposit?: number | undefined; paymentConfig?: { ...; } | undefined; }; status?: "pending" | ... 4 more ......': startDate, propertyId, unitId, tenantId, and 2 more.
src/components/forms/LeaseForm.tsx(1157,21): error TS2719: Type 'import("/home/akatola/Projects/propertypro-app/node_modules/.pnpm/react-hook-form@7.80.0_react@19.2.7/node_modules/react-hook-form/dist/types/form").Control<{ startDate: string; propertyId: string; unitId: string; tenantId: string; endDate: string; terms: { rentAmount: number; securityDeposit: number; utilities: str...' is not assignable to type 'import("/home/akatola/Projects/propertypro-app/node_modules/.pnpm/react-hook-form@7.80.0_react@19.2.7/node_modules/react-hook-form/dist/types/form").Control<{ startDate: string; propertyId: string; unitId: string; tenantId: string; endDate: string; terms: { rentAmount: number; securityDeposit: number; utilities: str...'. Two different types with this name exist, but they are unrelated.
  The types of '_options.resolver' are incompatible between these types.
    Type 'import("/home/akatola/Projects/propertypro-app/node_modules/.pnpm/react-hook-form@7.80.0_react@19.2.7/node_modules/react-hook-form/dist/types/resolvers").Resolver<{ startDate: string; propertyId: string; unitId: string; tenantId: string; endDate: string; terms: { rentAmount: number; securityDeposit: number; utilitie...' is not assignable to type 'import("/home/akatola/Projects/propertypro-app/node_modules/.pnpm/react-hook-form@7.80.0_react@19.2.7/node_modules/react-hook-form/dist/types/resolvers").Resolver<{ startDate: string; propertyId: string; unitId: string; tenantId: string; endDate: string; terms: { rentAmount: number; securityDeposit: number; utilitie...'. Two different types with this name exist, but they are unrelated.
      Type 'import("/home/akatola/Projects/propertypro-app/node_modules/.pnpm/react-hook-form@7.80.0_react@19.2.7/node_modules/react-hook-form/dist/types/resolvers").Resolver<{ startDate: string; propertyId: string; unitId: string; tenantId: string; endDate: string; terms: { rentAmount: number; securityDeposit: number; utilitie...' is not assignable to type 'import("/home/akatola/Projects/propertypro-app/node_modules/.pnpm/react-hook-form@7.80.0_react@19.2.7/node_modules/react-hook-form/dist/types/resolvers").Resolver<{ startDate: string; propertyId: string; unitId: string; tenantId: string; endDate: string; terms: { rentAmount: number; securityDeposit: number; utilitie...'. Two different types with this name exist, but they are unrelated.
        Type 'import("/home/akatola/Projects/propertypro-app/node_modules/.pnpm/react-hook-form@7.80.0_react@19.2.7/node_modules/react-hook-form/dist/types/resolvers").ResolverResult<{ startDate: string; propertyId: string; unitId: string; tenantId: string; endDate: string; terms: { rentAmount: number; securityDeposit: number; ut...' is not assignable to type 'import("/home/akatola/Projects/propertypro-app/node_modules/.pnpm/react-hook-form@7.80.0_react@19.2.7/node_modules/react-hook-form/dist/types/resolvers").ResolverResult<{ startDate: string; propertyId: string; unitId: string; tenantId: string; endDate: string; terms: { rentAmount: number; securityDeposit: number; ut...'. Two different types with this name exist, but they are unrelated.
          Type 'ResolverSuccess<TFieldValues>' is not assignable to type 'ResolverResult<{ startDate: string; propertyId: string; unitId: string; tenantId: string; endDate: string; terms: { rentAmount: number; securityDeposit: number; utilities: string[]; lateFee: number; restrictions: string[]; petDeposit?: number | undefined; paymentConfig?: { ...; } | undefined; }; status?: "pending" |...'.
            Type 'ResolverSuccess<TFieldValues>' is not assignable to type 'ResolverSuccess<{ startDate: string; propertyId: string; unitId: string; tenantId: string; endDate: string; terms: { rentAmount: number; securityDeposit: number; utilities: string[]; lateFee: number; restrictions: string[]; petDeposit?: number | undefined; paymentConfig?: { ...; } | undefined; }; status?: "pending" ...'.
              Type 'TFieldValues' is not assignable to type '{ startDate: string; propertyId: string; unitId: string; tenantId: string; endDate: string; terms: { rentAmount: number; securityDeposit: number; utilities: string[]; lateFee: number; restrictions: string[]; petDeposit?: number | undefined; paymentConfig?: { ...; } | undefined; }; status?: "pending" | ... 4 more ......'.
                Type 'FieldValues' is missing the following properties from type '{ startDate: string; propertyId: string; unitId: string; tenantId: string; endDate: string; terms: { rentAmount: number; securityDeposit: number; utilities: string[]; lateFee: number; restrictions: string[]; petDeposit?: number | undefined; paymentConfig?: { ...; } | undefined; }; status?: "pending" | ... 4 more ......': startDate, propertyId, unitId, tenantId, and 2 more.
src/components/forms/LeaseForm.tsx(1182,21): error TS2719: Type 'import("/home/akatola/Projects/propertypro-app/node_modules/.pnpm/react-hook-form@7.80.0_react@19.2.7/node_modules/react-hook-form/dist/types/form").Control<{ startDate: string; propertyId: string; unitId: string; tenantId: string; endDate: string; terms: { rentAmount: number; securityDeposit: number; utilities: str...' is not assignable to type 'import("/home/akatola/Projects/propertypro-app/node_modules/.pnpm/react-hook-form@7.80.0_react@19.2.7/node_modules/react-hook-form/dist/types/form").Control<{ startDate: string; propertyId: string; unitId: string; tenantId: string; endDate: string; terms: { rentAmount: number; securityDeposit: number; utilities: str...'. Two different types with this name exist, but they are unrelated.
  The types of '_options.resolver' are incompatible between these types.
    Type 'import("/home/akatola/Projects/propertypro-app/node_modules/.pnpm/react-hook-form@7.80.0_react@19.2.7/node_modules/react-hook-form/dist/types/resolvers").Resolver<{ startDate: string; propertyId: string; unitId: string; tenantId: string; endDate: string; terms: { rentAmount: number; securityDeposit: number; utilitie...' is not assignable to type 'import("/home/akatola/Projects/propertypro-app/node_modules/.pnpm/react-hook-form@7.80.0_react@19.2.7/node_modules/react-hook-form/dist/types/resolvers").Resolver<{ startDate: string; propertyId: string; unitId: string; tenantId: string; endDate: string; terms: { rentAmount: number; securityDeposit: number; utilitie...'. Two different types with this name exist, but they are unrelated.
      Type 'import("/home/akatola/Projects/propertypro-app/node_modules/.pnpm/react-hook-form@7.80.0_react@19.2.7/node_modules/react-hook-form/dist/types/resolvers").Resolver<{ startDate: string; propertyId: string; unitId: string; tenantId: string; endDate: string; terms: { rentAmount: number; securityDeposit: number; utilitie...' is not assignable to type 'import("/home/akatola/Projects/propertypro-app/node_modules/.pnpm/react-hook-form@7.80.0_react@19.2.7/node_modules/react-hook-form/dist/types/resolvers").Resolver<{ startDate: string; propertyId: string; unitId: string; tenantId: string; endDate: string; terms: { rentAmount: number; securityDeposit: number; utilitie...'. Two different types with this name exist, but they are unrelated.
        Type 'import("/home/akatola/Projects/propertypro-app/node_modules/.pnpm/react-hook-form@7.80.0_react@19.2.7/node_modules/react-hook-form/dist/types/resolvers").ResolverResult<{ startDate: string; propertyId: string; unitId: string; tenantId: string; endDate: string; terms: { rentAmount: number; securityDeposit: number; ut...' is not assignable to type 'import("/home/akatola/Projects/propertypro-app/node_modules/.pnpm/react-hook-form@7.80.0_react@19.2.7/node_modules/react-hook-form/dist/types/resolvers").ResolverResult<{ startDate: string; propertyId: string; unitId: string; tenantId: string; endDate: string; terms: { rentAmount: number; securityDeposit: number; ut...'. Two different types with this name exist, but they are unrelated.
          Type 'ResolverSuccess<TFieldValues>' is not assignable to type 'ResolverResult<{ startDate: string; propertyId: string; unitId: string; tenantId: string; endDate: string; terms: { rentAmount: number; securityDeposit: number; utilities: string[]; lateFee: number; restrictions: string[]; petDeposit?: number | undefined; paymentConfig?: { ...; } | undefined; }; status?: "pending" |...'.
            Type 'ResolverSuccess<TFieldValues>' is not assignable to type 'ResolverSuccess<{ startDate: string; propertyId: string; unitId: string; tenantId: string; endDate: string; terms: { rentAmount: number; securityDeposit: number; utilities: string[]; lateFee: number; restrictions: string[]; petDeposit?: number | undefined; paymentConfig?: { ...; } | undefined; }; status?: "pending" ...'.
              Type 'TFieldValues' is not assignable to type '{ startDate: string; propertyId: string; unitId: string; tenantId: string; endDate: string; terms: { rentAmount: number; securityDeposit: number; utilities: string[]; lateFee: number; restrictions: string[]; petDeposit?: number | undefined; paymentConfig?: { ...; } | undefined; }; status?: "pending" | ... 4 more ......'.
                Type 'FieldValues' is missing the following properties from type '{ startDate: string; propertyId: string; unitId: string; tenantId: string; endDate: string; terms: { rentAmount: number; securityDeposit: number; utilities: string[]; lateFee: number; restrictions: string[]; petDeposit?: number | undefined; paymentConfig?: { ...; } | undefined; }; status?: "pending" | ... 4 more ......': startDate, propertyId, unitId, tenantId, and 2 more.
src/components/forms/LeaseForm.tsx(1209,21): error TS2719: Type 'import("/home/akatola/Projects/propertypro-app/node_modules/.pnpm/react-hook-form@7.80.0_react@19.2.7/node_modules/react-hook-form/dist/types/form").Control<{ startDate: string; propertyId: string; unitId: string; tenantId: string; endDate: string; terms: { rentAmount: number; securityDeposit: number; utilities: str...' is not assignable to type 'import("/home/akatola/Projects/propertypro-app/node_modules/.pnpm/react-hook-form@7.80.0_react@19.2.7/node_modules/react-hook-form/dist/types/form").Control<{ startDate: string; propertyId: string; unitId: string; tenantId: string; endDate: string; terms: { rentAmount: number; securityDeposit: number; utilities: str...'. Two different types with this name exist, but they are unrelated.
  The types of '_options.resolver' are incompatible between these types.
    Type 'import("/home/akatola/Projects/propertypro-app/node_modules/.pnpm/react-hook-form@7.80.0_react@19.2.7/node_modules/react-hook-form/dist/types/resolvers").Resolver<{ startDate: string; propertyId: string; unitId: string; tenantId: string; endDate: string; terms: { rentAmount: number; securityDeposit: number; utilitie...' is not assignable to type 'import("/home/akatola/Projects/propertypro-app/node_modules/.pnpm/react-hook-form@7.80.0_react@19.2.7/node_modules/react-hook-form/dist/types/resolvers").Resolver<{ startDate: string; propertyId: string; unitId: string; tenantId: string; endDate: string; terms: { rentAmount: number; securityDeposit: number; utilitie...'. Two different types with this name exist, but they are unrelated.
      Type 'import("/home/akatola/Projects/propertypro-app/node_modules/.pnpm/react-hook-form@7.80.0_react@19.2.7/node_modules/react-hook-form/dist/types/resolvers").Resolver<{ startDate: string; propertyId: string; unitId: string; tenantId: string; endDate: string; terms: { rentAmount: number; securityDeposit: number; utilitie...' is not assignable to type 'import("/home/akatola/Projects/propertypro-app/node_modules/.pnpm/react-hook-form@7.80.0_react@19.2.7/node_modules/react-hook-form/dist/types/resolvers").Resolver<{ startDate: string; propertyId: string; unitId: string; tenantId: string; endDate: string; terms: { rentAmount: number; securityDeposit: number; utilitie...'. Two different types with this name exist, but they are unrelated.
        Type 'import("/home/akatola/Projects/propertypro-app/node_modules/.pnpm/react-hook-form@7.80.0_react@19.2.7/node_modules/react-hook-form/dist/types/resolvers").ResolverResult<{ startDate: string; propertyId: string; unitId: string; tenantId: string; endDate: string; terms: { rentAmount: number; securityDeposit: number; ut...' is not assignable to type 'import("/home/akatola/Projects/propertypro-app/node_modules/.pnpm/react-hook-form@7.80.0_react@19.2.7/node_modules/react-hook-form/dist/types/resolvers").ResolverResult<{ startDate: string; propertyId: string; unitId: string; tenantId: string; endDate: string; terms: { rentAmount: number; securityDeposit: number; ut...'. Two different types with this name exist, but they are unrelated.
          Type 'ResolverSuccess<TFieldValues>' is not assignable to type 'ResolverResult<{ startDate: string; propertyId: string; unitId: string; tenantId: string; endDate: string; terms: { rentAmount: number; securityDeposit: number; utilities: string[]; lateFee: number; restrictions: string[]; petDeposit?: number | undefined; paymentConfig?: { ...; } | undefined; }; status?: "pending" |...'.
            Type 'ResolverSuccess<TFieldValues>' is not assignable to type 'ResolverSuccess<{ startDate: string; propertyId: string; unitId: string; tenantId: string; endDate: string; terms: { rentAmount: number; securityDeposit: number; utilities: string[]; lateFee: number; restrictions: string[]; petDeposit?: number | undefined; paymentConfig?: { ...; } | undefined; }; status?: "pending" ...'.
              Type 'TFieldValues' is not assignable to type '{ startDate: string; propertyId: string; unitId: string; tenantId: string; endDate: string; terms: { rentAmount: number; securityDeposit: number; utilities: string[]; lateFee: number; restrictions: string[]; petDeposit?: number | undefined; paymentConfig?: { ...; } | undefined; }; status?: "pending" | ... 4 more ......'.
                Type 'FieldValues' is missing the following properties from type '{ startDate: string; propertyId: string; unitId: string; tenantId: string; endDate: string; terms: { rentAmount: number; securityDeposit: number; utilities: string[]; lateFee: number; restrictions: string[]; petDeposit?: number | undefined; paymentConfig?: { ...; } | undefined; }; status?: "pending" | ... 4 more ......': startDate, propertyId, unitId, tenantId, and 2 more.
src/components/forms/LeaseForm.tsx(1247,23): error TS2719: Type 'import("/home/akatola/Projects/propertypro-app/node_modules/.pnpm/react-hook-form@7.80.0_react@19.2.7/node_modules/react-hook-form/dist/types/form").Control<{ startDate: string; propertyId: string; unitId: string; tenantId: string; endDate: string; terms: { rentAmount: number; securityDeposit: number; utilities: str...' is not assignable to type 'import("/home/akatola/Projects/propertypro-app/node_modules/.pnpm/react-hook-form@7.80.0_react@19.2.7/node_modules/react-hook-form/dist/types/form").Control<{ startDate: string; propertyId: string; unitId: string; tenantId: string; endDate: string; terms: { rentAmount: number; securityDeposit: number; utilities: str...'. Two different types with this name exist, but they are unrelated.
  The types of '_options.resolver' are incompatible between these types.
    Type 'import("/home/akatola/Projects/propertypro-app/node_modules/.pnpm/react-hook-form@7.80.0_react@19.2.7/node_modules/react-hook-form/dist/types/resolvers").Resolver<{ startDate: string; propertyId: string; unitId: string; tenantId: string; endDate: string; terms: { rentAmount: number; securityDeposit: number; utilitie...' is not assignable to type 'import("/home/akatola/Projects/propertypro-app/node_modules/.pnpm/react-hook-form@7.80.0_react@19.2.7/node_modules/react-hook-form/dist/types/resolvers").Resolver<{ startDate: string; propertyId: string; unitId: string; tenantId: string; endDate: string; terms: { rentAmount: number; securityDeposit: number; utilitie...'. Two different types with this name exist, but they are unrelated.
      Type 'import("/home/akatola/Projects/propertypro-app/node_modules/.pnpm/react-hook-form@7.80.0_react@19.2.7/node_modules/react-hook-form/dist/types/resolvers").Resolver<{ startDate: string; propertyId: string; unitId: string; tenantId: string; endDate: string; terms: { rentAmount: number; securityDeposit: number; utilitie...' is not assignable to type 'import("/home/akatola/Projects/propertypro-app/node_modules/.pnpm/react-hook-form@7.80.0_react@19.2.7/node_modules/react-hook-form/dist/types/resolvers").Resolver<{ startDate: string; propertyId: string; unitId: string; tenantId: string; endDate: string; terms: { rentAmount: number; securityDeposit: number; utilitie...'. Two different types with this name exist, but they are unrelated.
        Type 'import("/home/akatola/Projects/propertypro-app/node_modules/.pnpm/react-hook-form@7.80.0_react@19.2.7/node_modules/react-hook-form/dist/types/resolvers").ResolverResult<{ startDate: string; propertyId: string; unitId: string; tenantId: string; endDate: string; terms: { rentAmount: number; securityDeposit: number; ut...' is not assignable to type 'import("/home/akatola/Projects/propertypro-app/node_modules/.pnpm/react-hook-form@7.80.0_react@19.2.7/node_modules/react-hook-form/dist/types/resolvers").ResolverResult<{ startDate: string; propertyId: string; unitId: string; tenantId: string; endDate: string; terms: { rentAmount: number; securityDeposit: number; ut...'. Two different types with this name exist, but they are unrelated.
          Type 'ResolverSuccess<TFieldValues>' is not assignable to type 'ResolverResult<{ startDate: string; propertyId: string; unitId: string; tenantId: string; endDate: string; terms: { rentAmount: number; securityDeposit: number; utilities: string[]; lateFee: number; restrictions: string[]; petDeposit?: number | undefined; paymentConfig?: { ...; } | undefined; }; status?: "pending" |...'.
            Type 'ResolverSuccess<TFieldValues>' is not assignable to type 'ResolverSuccess<{ startDate: string; propertyId: string; unitId: string; tenantId: string; endDate: string; terms: { rentAmount: number; securityDeposit: number; utilities: string[]; lateFee: number; restrictions: string[]; petDeposit?: number | undefined; paymentConfig?: { ...; } | undefined; }; status?: "pending" ...'.
              Type 'TFieldValues' is not assignable to type '{ startDate: string; propertyId: string; unitId: string; tenantId: string; endDate: string; terms: { rentAmount: number; securityDeposit: number; utilities: string[]; lateFee: number; restrictions: string[]; petDeposit?: number | undefined; paymentConfig?: { ...; } | undefined; }; status?: "pending" | ... 4 more ......'.
                Type 'FieldValues' is missing the following properties from type '{ startDate: string; propertyId: string; unitId: string; tenantId: string; endDate: string; terms: { rentAmount: number; securityDeposit: number; utilities: string[]; lateFee: number; restrictions: string[]; petDeposit?: number | undefined; paymentConfig?: { ...; } | undefined; }; status?: "pending" | ... 4 more ......': startDate, propertyId, unitId, tenantId, and 2 more.
src/components/forms/LeaseForm.tsx(1274,21): error TS2719: Type 'import("/home/akatola/Projects/propertypro-app/node_modules/.pnpm/react-hook-form@7.80.0_react@19.2.7/node_modules/react-hook-form/dist/types/form").Control<{ startDate: string; propertyId: string; unitId: string; tenantId: string; endDate: string; terms: { rentAmount: number; securityDeposit: number; utilities: str...' is not assignable to type 'import("/home/akatola/Projects/propertypro-app/node_modules/.pnpm/react-hook-form@7.80.0_react@19.2.7/node_modules/react-hook-form/dist/types/form").Control<{ startDate: string; propertyId: string; unitId: string; tenantId: string; endDate: string; terms: { rentAmount: number; securityDeposit: number; utilities: str...'. Two different types with this name exist, but they are unrelated.
  The types of '_options.resolver' are incompatible between these types.
    Type 'import("/home/akatola/Projects/propertypro-app/node_modules/.pnpm/react-hook-form@7.80.0_react@19.2.7/node_modules/react-hook-form/dist/types/resolvers").Resolver<{ startDate: string; propertyId: string; unitId: string; tenantId: string; endDate: string; terms: { rentAmount: number; securityDeposit: number; utilitie...' is not assignable to type 'import("/home/akatola/Projects/propertypro-app/node_modules/.pnpm/react-hook-form@7.80.0_react@19.2.7/node_modules/react-hook-form/dist/types/resolvers").Resolver<{ startDate: string; propertyId: string; unitId: string; tenantId: string; endDate: string; terms: { rentAmount: number; securityDeposit: number; utilitie...'. Two different types with this name exist, but they are unrelated.
      Type 'import("/home/akatola/Projects/propertypro-app/node_modules/.pnpm/react-hook-form@7.80.0_react@19.2.7/node_modules/react-hook-form/dist/types/resolvers").Resolver<{ startDate: string; propertyId: string; unitId: string; tenantId: string; endDate: string; terms: { rentAmount: number; securityDeposit: number; utilitie...' is not assignable to type 'import("/home/akatola/Projects/propertypro-app/node_modules/.pnpm/react-hook-form@7.80.0_react@19.2.7/node_modules/react-hook-form/dist/types/resolvers").Resolver<{ startDate: string; propertyId: string; unitId: string; tenantId: string; endDate: string; terms: { rentAmount: number; securityDeposit: number; utilitie...'. Two different types with this name exist, but they are unrelated.
        Type 'import("/home/akatola/Projects/propertypro-app/node_modules/.pnpm/react-hook-form@7.80.0_react@19.2.7/node_modules/react-hook-form/dist/types/resolvers").ResolverResult<{ startDate: string; propertyId: string; unitId: string; tenantId: string; endDate: string; terms: { rentAmount: number; securityDeposit: number; ut...' is not assignable to type 'import("/home/akatola/Projects/propertypro-app/node_modules/.pnpm/react-hook-form@7.80.0_react@19.2.7/node_modules/react-hook-form/dist/types/resolvers").ResolverResult<{ startDate: string; propertyId: string; unitId: string; tenantId: string; endDate: string; terms: { rentAmount: number; securityDeposit: number; ut...'. Two different types with this name exist, but they are unrelated.
          Type 'ResolverSuccess<TFieldValues>' is not assignable to type 'ResolverResult<{ startDate: string; propertyId: string; unitId: string; tenantId: string; endDate: string; terms: { rentAmount: number; securityDeposit: number; utilities: string[]; lateFee: number; restrictions: string[]; petDeposit?: number | undefined; paymentConfig?: { ...; } | undefined; }; status?: "pending" |...'.
            Type 'ResolverSuccess<TFieldValues>' is not assignable to type 'ResolverSuccess<{ startDate: string; propertyId: string; unitId: string; tenantId: string; endDate: string; terms: { rentAmount: number; securityDeposit: number; utilities: string[]; lateFee: number; restrictions: string[]; petDeposit?: number | undefined; paymentConfig?: { ...; } | undefined; }; status?: "pending" ...'.
              Type 'TFieldValues' is not assignable to type '{ startDate: string; propertyId: string; unitId: string; tenantId: string; endDate: string; terms: { rentAmount: number; securityDeposit: number; utilities: string[]; lateFee: number; restrictions: string[]; petDeposit?: number | undefined; paymentConfig?: { ...; } | undefined; }; status?: "pending" | ... 4 more ......'.
                Type 'FieldValues' is missing the following properties from type '{ startDate: string; propertyId: string; unitId: string; tenantId: string; endDate: string; terms: { rentAmount: number; securityDeposit: number; utilities: string[]; lateFee: number; restrictions: string[]; petDeposit?: number | undefined; paymentConfig?: { ...; } | undefined; }; status?: "pending" | ... 4 more ......': startDate, propertyId, unitId, tenantId, and 2 more.
src/components/forms/LeaseForm.tsx(1307,32): error TS2532: Object is possibly 'undefined'.
src/components/forms/LeaseForm.tsx(1317,33): error TS2488: Type 'PaymentMethod[] | undefined' must have a '[Symbol.iterator]()' method that returns an iterator.
src/components/forms/LeaseForm.tsx(1322,29): error TS18048: 'currentMethods' is possibly 'undefined'.
src/components/forms/LeaseForm.tsx(1379,27): error TS2322: Type 'unknown' is not assignable to type 'ReactNode'.
src/components/forms/LeaseForm.tsx(1535,15): error TS2719: Type 'import("/home/akatola/Projects/propertypro-app/node_modules/.pnpm/react-hook-form@7.80.0_react@19.2.7/node_modules/react-hook-form/dist/types/form").Control<{ startDate: string; propertyId: string; unitId: string; tenantId: string; endDate: string; terms: { rentAmount: number; securityDeposit: number; utilities: str...' is not assignable to type 'import("/home/akatola/Projects/propertypro-app/node_modules/.pnpm/react-hook-form@7.80.0_react@19.2.7/node_modules/react-hook-form/dist/types/form").Control<{ startDate: string; propertyId: string; unitId: string; tenantId: string; endDate: string; terms: { rentAmount: number; securityDeposit: number; utilities: str...'. Two different types with this name exist, but they are unrelated.
  The types of '_options.resolver' are incompatible between these types.
    Type 'import("/home/akatola/Projects/propertypro-app/node_modules/.pnpm/react-hook-form@7.80.0_react@19.2.7/node_modules/react-hook-form/dist/types/resolvers").Resolver<{ startDate: string; propertyId: string; unitId: string; tenantId: string; endDate: string; terms: { rentAmount: number; securityDeposit: number; utilitie...' is not assignable to type 'import("/home/akatola/Projects/propertypro-app/node_modules/.pnpm/react-hook-form@7.80.0_react@19.2.7/node_modules/react-hook-form/dist/types/resolvers").Resolver<{ startDate: string; propertyId: string; unitId: string; tenantId: string; endDate: string; terms: { rentAmount: number; securityDeposit: number; utilitie...'. Two different types with this name exist, but they are unrelated.
      Type 'import("/home/akatola/Projects/propertypro-app/node_modules/.pnpm/react-hook-form@7.80.0_react@19.2.7/node_modules/react-hook-form/dist/types/resolvers").Resolver<{ startDate: string; propertyId: string; unitId: string; tenantId: string; endDate: string; terms: { rentAmount: number; securityDeposit: number; utilitie...' is not assignable to type 'import("/home/akatola/Projects/propertypro-app/node_modules/.pnpm/react-hook-form@7.80.0_react@19.2.7/node_modules/react-hook-form/dist/types/resolvers").Resolver<{ startDate: string; propertyId: string; unitId: string; tenantId: string; endDate: string; terms: { rentAmount: number; securityDeposit: number; utilitie...'. Two different types with this name exist, but they are unrelated.
        Type 'import("/home/akatola/Projects/propertypro-app/node_modules/.pnpm/react-hook-form@7.80.0_react@19.2.7/node_modules/react-hook-form/dist/types/resolvers").ResolverResult<{ startDate: string; propertyId: string; unitId: string; tenantId: string; endDate: string; terms: { rentAmount: number; securityDeposit: number; ut...' is not assignable to type 'import("/home/akatola/Projects/propertypro-app/node_modules/.pnpm/react-hook-form@7.80.0_react@19.2.7/node_modules/react-hook-form/dist/types/resolvers").ResolverResult<{ startDate: string; propertyId: string; unitId: string; tenantId: string; endDate: string; terms: { rentAmount: number; securityDeposit: number; ut...'. Two different types with this name exist, but they are unrelated.
          Type 'ResolverSuccess<TFieldValues>' is not assignable to type 'ResolverResult<{ startDate: string; propertyId: string; unitId: string; tenantId: string; endDate: string; terms: { rentAmount: number; securityDeposit: number; utilities: string[]; lateFee: number; restrictions: string[]; petDeposit?: number | undefined; paymentConfig?: { ...; } | undefined; }; status?: "pending" |...'.
            Type 'ResolverSuccess<TFieldValues>' is not assignable to type 'ResolverSuccess<{ startDate: string; propertyId: string; unitId: string; tenantId: string; endDate: string; terms: { rentAmount: number; securityDeposit: number; utilities: string[]; lateFee: number; restrictions: string[]; petDeposit?: number | undefined; paymentConfig?: { ...; } | undefined; }; status?: "pending" ...'.
              Type 'TFieldValues' is not assignable to type '{ startDate: string; propertyId: string; unitId: string; tenantId: string; endDate: string; terms: { rentAmount: number; securityDeposit: number; utilities: string[]; lateFee: number; restrictions: string[]; petDeposit?: number | undefined; paymentConfig?: { ...; } | undefined; }; status?: "pending" | ... 4 more ......'.
                Type 'FieldValues' is missing the following properties from type '{ startDate: string; propertyId: string; unitId: string; tenantId: string; endDate: string; terms: { rentAmount: number; securityDeposit: number; utilities: string[]; lateFee: number; restrictions: string[]; petDeposit?: number | undefined; paymentConfig?: { ...; } | undefined; }; status?: "pending" | ... 4 more ......': startDate, propertyId, unitId, tenantId, and 2 more.
src/components/forms/LeaseForm.tsx(1557,17): error TS2719: Type 'import("/home/akatola/Projects/propertypro-app/node_modules/.pnpm/react-hook-form@7.80.0_react@19.2.7/node_modules/react-hook-form/dist/types/form").Control<{ startDate: string; propertyId: string; unitId: string; tenantId: string; endDate: string; terms: { rentAmount: number; securityDeposit: number; utilities: str...' is not assignable to type 'import("/home/akatola/Projects/propertypro-app/node_modules/.pnpm/react-hook-form@7.80.0_react@19.2.7/node_modules/react-hook-form/dist/types/form").Control<{ startDate: string; propertyId: string; unitId: string; tenantId: string; endDate: string; terms: { rentAmount: number; securityDeposit: number; utilities: str...'. Two different types with this name exist, but they are unrelated.
  The types of '_options.resolver' are incompatible between these types.
    Type 'import("/home/akatola/Projects/propertypro-app/node_modules/.pnpm/react-hook-form@7.80.0_react@19.2.7/node_modules/react-hook-form/dist/types/resolvers").Resolver<{ startDate: string; propertyId: string; unitId: string; tenantId: string; endDate: string; terms: { rentAmount: number; securityDeposit: number; utilitie...' is not assignable to type 'import("/home/akatola/Projects/propertypro-app/node_modules/.pnpm/react-hook-form@7.80.0_react@19.2.7/node_modules/react-hook-form/dist/types/resolvers").Resolver<{ startDate: string; propertyId: string; unitId: string; tenantId: string; endDate: string; terms: { rentAmount: number; securityDeposit: number; utilitie...'. Two different types with this name exist, but they are unrelated.
      Type 'import("/home/akatola/Projects/propertypro-app/node_modules/.pnpm/react-hook-form@7.80.0_react@19.2.7/node_modules/react-hook-form/dist/types/resolvers").Resolver<{ startDate: string; propertyId: string; unitId: string; tenantId: string; endDate: string; terms: { rentAmount: number; securityDeposit: number; utilitie...' is not assignable to type 'import("/home/akatola/Projects/propertypro-app/node_modules/.pnpm/react-hook-form@7.80.0_react@19.2.7/node_modules/react-hook-form/dist/types/resolvers").Resolver<{ startDate: string; propertyId: string; unitId: string; tenantId: string; endDate: string; terms: { rentAmount: number; securityDeposit: number; utilitie...'. Two different types with this name exist, but they are unrelated.
        Type 'import("/home/akatola/Projects/propertypro-app/node_modules/.pnpm/react-hook-form@7.80.0_react@19.2.7/node_modules/react-hook-form/dist/types/resolvers").ResolverResult<{ startDate: string; propertyId: string; unitId: string; tenantId: string; endDate: string; terms: { rentAmount: number; securityDeposit: number; ut...' is not assignable to type 'import("/home/akatola/Projects/propertypro-app/node_modules/.pnpm/react-hook-form@7.80.0_react@19.2.7/node_modules/react-hook-form/dist/types/resolvers").ResolverResult<{ startDate: string; propertyId: string; unitId: string; tenantId: string; endDate: string; terms: { rentAmount: number; securityDeposit: number; ut...'. Two different types with this name exist, but they are unrelated.
          Type 'ResolverSuccess<TFieldValues>' is not assignable to type 'ResolverResult<{ startDate: string; propertyId: string; unitId: string; tenantId: string; endDate: string; terms: { rentAmount: number; securityDeposit: number; utilities: string[]; lateFee: number; restrictions: string[]; petDeposit?: number | undefined; paymentConfig?: { ...; } | undefined; }; status?: "pending" |...'.
            Type 'ResolverSuccess<TFieldValues>' is not assignable to type 'ResolverSuccess<{ startDate: string; propertyId: string; unitId: string; tenantId: string; endDate: string; terms: { rentAmount: number; securityDeposit: number; utilities: string[]; lateFee: number; restrictions: string[]; petDeposit?: number | undefined; paymentConfig?: { ...; } | undefined; }; status?: "pending" ...'.
              Type 'TFieldValues' is not assignable to type '{ startDate: string; propertyId: string; unitId: string; tenantId: string; endDate: string; terms: { rentAmount: number; securityDeposit: number; utilities: string[]; lateFee: number; restrictions: string[]; petDeposit?: number | undefined; paymentConfig?: { ...; } | undefined; }; status?: "pending" | ... 4 more ......'.
                Type 'FieldValues' is missing the following properties from type '{ startDate: string; propertyId: string; unitId: string; tenantId: string; endDate: string; terms: { rentAmount: number; securityDeposit: number; utilities: string[]; lateFee: number; restrictions: string[]; petDeposit?: number | undefined; paymentConfig?: { ...; } | undefined; }; status?: "pending" | ... 4 more ......': startDate, propertyId, unitId, tenantId, and 2 more.
src/components/forms/LeaseForm.tsx(1679,15): error TS2719: Type 'import("/home/akatola/Projects/propertypro-app/node_modules/.pnpm/react-hook-form@7.80.0_react@19.2.7/node_modules/react-hook-form/dist/types/form").Control<{ startDate: string; propertyId: string; unitId: string; tenantId: string; endDate: string; terms: { rentAmount: number; securityDeposit: number; utilities: str...' is not assignable to type 'import("/home/akatola/Projects/propertypro-app/node_modules/.pnpm/react-hook-form@7.80.0_react@19.2.7/node_modules/react-hook-form/dist/types/form").Control<{ startDate: string; propertyId: string; unitId: string; tenantId: string; endDate: string; terms: { rentAmount: number; securityDeposit: number; utilities: str...'. Two different types with this name exist, but they are unrelated.
  The types of '_options.resolver' are incompatible between these types.
    Type 'import("/home/akatola/Projects/propertypro-app/node_modules/.pnpm/react-hook-form@7.80.0_react@19.2.7/node_modules/react-hook-form/dist/types/resolvers").Resolver<{ startDate: string; propertyId: string; unitId: string; tenantId: string; endDate: string; terms: { rentAmount: number; securityDeposit: number; utilitie...' is not assignable to type 'import("/home/akatola/Projects/propertypro-app/node_modules/.pnpm/react-hook-form@7.80.0_react@19.2.7/node_modules/react-hook-form/dist/types/resolvers").Resolver<{ startDate: string; propertyId: string; unitId: string; tenantId: string; endDate: string; terms: { rentAmount: number; securityDeposit: number; utilitie...'. Two different types with this name exist, but they are unrelated.
      Type 'import("/home/akatola/Projects/propertypro-app/node_modules/.pnpm/react-hook-form@7.80.0_react@19.2.7/node_modules/react-hook-form/dist/types/resolvers").Resolver<{ startDate: string; propertyId: string; unitId: string; tenantId: string; endDate: string; terms: { rentAmount: number; securityDeposit: number; utilitie...' is not assignable to type 'import("/home/akatola/Projects/propertypro-app/node_modules/.pnpm/react-hook-form@7.80.0_react@19.2.7/node_modules/react-hook-form/dist/types/resolvers").Resolver<{ startDate: string; propertyId: string; unitId: string; tenantId: string; endDate: string; terms: { rentAmount: number; securityDeposit: number; utilitie...'. Two different types with this name exist, but they are unrelated.
        Type 'import("/home/akatola/Projects/propertypro-app/node_modules/.pnpm/react-hook-form@7.80.0_react@19.2.7/node_modules/react-hook-form/dist/types/resolvers").ResolverResult<{ startDate: string; propertyId: string; unitId: string; tenantId: string; endDate: string; terms: { rentAmount: number; securityDeposit: number; ut...' is not assignable to type 'import("/home/akatola/Projects/propertypro-app/node_modules/.pnpm/react-hook-form@7.80.0_react@19.2.7/node_modules/react-hook-form/dist/types/resolvers").ResolverResult<{ startDate: string; propertyId: string; unitId: string; tenantId: string; endDate: string; terms: { rentAmount: number; securityDeposit: number; ut...'. Two different types with this name exist, but they are unrelated.
          Type 'ResolverSuccess<TFieldValues>' is not assignable to type 'ResolverResult<{ startDate: string; propertyId: string; unitId: string; tenantId: string; endDate: string; terms: { rentAmount: number; securityDeposit: number; utilities: string[]; lateFee: number; restrictions: string[]; petDeposit?: number | undefined; paymentConfig?: { ...; } | undefined; }; status?: "pending" |...'.
            Type 'ResolverSuccess<TFieldValues>' is not assignable to type 'ResolverSuccess<{ startDate: string; propertyId: string; unitId: string; tenantId: string; endDate: string; terms: { rentAmount: number; securityDeposit: number; utilities: string[]; lateFee: number; restrictions: string[]; petDeposit?: number | undefined; paymentConfig?: { ...; } | undefined; }; status?: "pending" ...'.
              Type 'TFieldValues' is not assignable to type '{ startDate: string; propertyId: string; unitId: string; tenantId: string; endDate: string; terms: { rentAmount: number; securityDeposit: number; utilities: string[]; lateFee: number; restrictions: string[]; petDeposit?: number | undefined; paymentConfig?: { ...; } | undefined; }; status?: "pending" | ... 4 more ......'.
                Type 'FieldValues' is missing the following properties from type '{ startDate: string; propertyId: string; unitId: string; tenantId: string; endDate: string; terms: { rentAmount: number; securityDeposit: number; utilities: string[]; lateFee: number; restrictions: string[]; petDeposit?: number | undefined; paymentConfig?: { ...; } | undefined; }; status?: "pending" | ... 4 more ......': startDate, propertyId, unitId, tenantId, and 2 more.
src/components/forms/document-upload-form.tsx(96,5): error TS2322: Type 'Resolver<{ type: DocumentType; category: string; title: string; description?: string | undefined; notes?: string | undefined; propertyId?: string | undefined; tenantId?: string | undefined; tags?: string[] | undefined; isPublic?: boolean | undefined; isShared?: boolean | undefined; }, any, { ...; }>' is not assignable to type 'Resolver<{ type: DocumentType; category: string; title: string; isPublic: boolean; isShared: boolean; description?: string | undefined; notes?: string | undefined; propertyId?: string | undefined; tenantId?: string | undefined; tags?: string[] | undefined; }, any, { ...; }>'.
  Types of parameters 'options' and 'options' are incompatible.
    Type 'ResolverOptions<{ type: DocumentType; category: string; title: string; isPublic: boolean; isShared: boolean; description?: string | undefined; notes?: string | undefined; propertyId?: string | undefined; tenantId?: string | undefined; tags?: string[] | undefined; }>' is not assignable to type 'ResolverOptions<{ type: DocumentType; category: string; title: string; description?: string | undefined; notes?: string | undefined; propertyId?: string | undefined; tenantId?: string | undefined; tags?: string[] | undefined; isPublic?: boolean | undefined; isShared?: boolean | undefined; }>'.
      Type 'boolean | undefined' is not assignable to type 'boolean'.
        Type 'undefined' is not assignable to type 'boolean'.
src/components/forms/document-upload-form.tsx(261,39): error TS2345: Argument of type '(data: DocumentUploadFormData) => void' is not assignable to parameter of type 'SubmitHandler<TFieldValues>'.
  Types of parameters 'data' and 'data' are incompatible.
    Type 'TFieldValues' is not assignable to type '{ type: DocumentType; category: string; title: string; isPublic: boolean; isShared: boolean; description?: string | undefined; notes?: string | undefined; propertyId?: string | undefined; tenantId?: string | undefined; tags?: string[] | undefined; }'.
      Type 'FieldValues' is missing the following properties from type '{ type: DocumentType; category: string; title: string; isPublic: boolean; isShared: boolean; description?: string | undefined; notes?: string | undefined; propertyId?: string | undefined; tenantId?: string | undefined; tags?: string[] | undefined; }': type, category, title, isPublic, isShared
src/components/forms/document-upload-form.tsx(363,17): error TS2322: Type 'Control<{ type: DocumentType; category: string; title: string; isPublic: boolean; isShared: boolean; description?: string | undefined; notes?: string | undefined; propertyId?: string | undefined; tenantId?: string | undefined; tags?: string[] | undefined; }, any, TFieldValues>' is not assignable to type 'Control<{ type: DocumentType; category: string; title: string; isPublic: boolean; isShared: boolean; description?: string | undefined; notes?: string | undefined; propertyId?: string | undefined; tenantId?: string | undefined; tags?: string[] | undefined; }, any, { ...; }>'.
  The types of '_options.resolver' are incompatible between these types.
    Type 'Resolver<{ type: DocumentType; category: string; title: string; isPublic: boolean; isShared: boolean; description?: string | undefined; notes?: string | undefined; propertyId?: string | undefined; tenantId?: string | undefined; tags?: string[] | undefined; }, any, TFieldValues> | undefined' is not assignable to type 'Resolver<{ type: DocumentType; category: string; title: string; isPublic: boolean; isShared: boolean; description?: string | undefined; notes?: string | undefined; propertyId?: string | undefined; tenantId?: string | undefined; tags?: string[] | undefined; }, any, { ...; }> | undefined'.
      Type 'Resolver<{ type: DocumentType; category: string; title: string; isPublic: boolean; isShared: boolean; description?: string | undefined; notes?: string | undefined; propertyId?: string | undefined; tenantId?: string | undefined; tags?: string[] | undefined; }, any, TFieldValues>' is not assignable to type 'Resolver<{ type: DocumentType; category: string; title: string; isPublic: boolean; isShared: boolean; description?: string | undefined; notes?: string | undefined; propertyId?: string | undefined; tenantId?: string | undefined; tags?: string[] | undefined; }, any, { ...; }>'.
        Type 'ResolverResult<{ type: DocumentType; category: string; title: string; isPublic: boolean; isShared: boolean; description?: string | undefined; notes?: string | undefined; propertyId?: string | undefined; tenantId?: string | undefined; tags?: string[] | undefined; }, TFieldValues> | Promise<...>' is not assignable to type 'ResolverResult<{ type: DocumentType; category: string; title: string; isPublic: boolean; isShared: boolean; description?: string | undefined; notes?: string | undefined; propertyId?: string | undefined; tenantId?: string | undefined; tags?: string[] | undefined; }, { ...; }> | Promise<...>'.
          Type 'ResolverSuccess<TFieldValues>' is not assignable to type 'ResolverResult<{ type: DocumentType; category: string; title: string; isPublic: boolean; isShared: boolean; description?: string | undefined; notes?: string | undefined; propertyId?: string | undefined; tenantId?: string | undefined; tags?: string[] | undefined; }, { ...; }> | Promise<...>'.
            Type 'ResolverSuccess<TFieldValues>' is not assignable to type 'ResolverSuccess<{ type: DocumentType; category: string; title: string; isPublic: boolean; isShared: boolean; description?: string | undefined; notes?: string | undefined; propertyId?: string | undefined; tenantId?: string | undefined; tags?: string[] | undefined; }>'.
              Type 'TFieldValues' is not assignable to type '{ type: DocumentType; category: string; title: string; isPublic: boolean; isShared: boolean; description?: string | undefined; notes?: string | undefined; propertyId?: string | undefined; tenantId?: string | undefined; tags?: string[] | undefined; }'.
                Type 'FieldValues' is missing the following properties from type '{ type: DocumentType; category: string; title: string; isPublic: boolean; isShared: boolean; description?: string | undefined; notes?: string | undefined; propertyId?: string | undefined; tenantId?: string | undefined; tags?: string[] | undefined; }': type, category, title, isPublic, isShared
src/components/forms/document-upload-form.tsx(381,19): error TS2322: Type 'Control<{ type: DocumentType; category: string; title: string; isPublic: boolean; isShared: boolean; description?: string | undefined; notes?: string | undefined; propertyId?: string | undefined; tenantId?: string | undefined; tags?: string[] | undefined; }, any, TFieldValues>' is not assignable to type 'Control<{ type: DocumentType; category: string; title: string; isPublic: boolean; isShared: boolean; description?: string | undefined; notes?: string | undefined; propertyId?: string | undefined; tenantId?: string | undefined; tags?: string[] | undefined; }, any, { ...; }>'.
  The types of '_options.resolver' are incompatible between these types.
    Type 'Resolver<{ type: DocumentType; category: string; title: string; isPublic: boolean; isShared: boolean; description?: string | undefined; notes?: string | undefined; propertyId?: string | undefined; tenantId?: string | undefined; tags?: string[] | undefined; }, any, TFieldValues> | undefined' is not assignable to type 'Resolver<{ type: DocumentType; category: string; title: string; isPublic: boolean; isShared: boolean; description?: string | undefined; notes?: string | undefined; propertyId?: string | undefined; tenantId?: string | undefined; tags?: string[] | undefined; }, any, { ...; }> | undefined'.
      Type 'Resolver<{ type: DocumentType; category: string; title: string; isPublic: boolean; isShared: boolean; description?: string | undefined; notes?: string | undefined; propertyId?: string | undefined; tenantId?: string | undefined; tags?: string[] | undefined; }, any, TFieldValues>' is not assignable to type 'Resolver<{ type: DocumentType; category: string; title: string; isPublic: boolean; isShared: boolean; description?: string | undefined; notes?: string | undefined; propertyId?: string | undefined; tenantId?: string | undefined; tags?: string[] | undefined; }, any, { ...; }>'.
        Type 'ResolverResult<{ type: DocumentType; category: string; title: string; isPublic: boolean; isShared: boolean; description?: string | undefined; notes?: string | undefined; propertyId?: string | undefined; tenantId?: string | undefined; tags?: string[] | undefined; }, TFieldValues> | Promise<...>' is not assignable to type 'ResolverResult<{ type: DocumentType; category: string; title: string; isPublic: boolean; isShared: boolean; description?: string | undefined; notes?: string | undefined; propertyId?: string | undefined; tenantId?: string | undefined; tags?: string[] | undefined; }, { ...; }> | Promise<...>'.
          Type 'ResolverSuccess<TFieldValues>' is not assignable to type 'ResolverResult<{ type: DocumentType; category: string; title: string; isPublic: boolean; isShared: boolean; description?: string | undefined; notes?: string | undefined; propertyId?: string | undefined; tenantId?: string | undefined; tags?: string[] | undefined; }, { ...; }> | Promise<...>'.
            Type 'ResolverSuccess<TFieldValues>' is not assignable to type 'ResolverSuccess<{ type: DocumentType; category: string; title: string; isPublic: boolean; isShared: boolean; description?: string | undefined; notes?: string | undefined; propertyId?: string | undefined; tenantId?: string | undefined; tags?: string[] | undefined; }>'.
              Type 'TFieldValues' is not assignable to type '{ type: DocumentType; category: string; title: string; isPublic: boolean; isShared: boolean; description?: string | undefined; notes?: string | undefined; propertyId?: string | undefined; tenantId?: string | undefined; tags?: string[] | undefined; }'.
                Type 'FieldValues' is missing the following properties from type '{ type: DocumentType; category: string; title: string; isPublic: boolean; isShared: boolean; description?: string | undefined; notes?: string | undefined; propertyId?: string | undefined; tenantId?: string | undefined; tags?: string[] | undefined; }': type, category, title, isPublic, isShared
src/components/forms/document-upload-form.tsx(428,19): error TS2322: Type 'Control<{ type: DocumentType; category: string; title: string; isPublic: boolean; isShared: boolean; description?: string | undefined; notes?: string | undefined; propertyId?: string | undefined; tenantId?: string | undefined; tags?: string[] | undefined; }, any, TFieldValues>' is not assignable to type 'Control<{ type: DocumentType; category: string; title: string; isPublic: boolean; isShared: boolean; description?: string | undefined; notes?: string | undefined; propertyId?: string | undefined; tenantId?: string | undefined; tags?: string[] | undefined; }, any, { ...; }>'.
  The types of '_options.resolver' are incompatible between these types.
    Type 'Resolver<{ type: DocumentType; category: string; title: string; isPublic: boolean; isShared: boolean; description?: string | undefined; notes?: string | undefined; propertyId?: string | undefined; tenantId?: string | undefined; tags?: string[] | undefined; }, any, TFieldValues> | undefined' is not assignable to type 'Resolver<{ type: DocumentType; category: string; title: string; isPublic: boolean; isShared: boolean; description?: string | undefined; notes?: string | undefined; propertyId?: string | undefined; tenantId?: string | undefined; tags?: string[] | undefined; }, any, { ...; }> | undefined'.
      Type 'Resolver<{ type: DocumentType; category: string; title: string; isPublic: boolean; isShared: boolean; description?: string | undefined; notes?: string | undefined; propertyId?: string | undefined; tenantId?: string | undefined; tags?: string[] | undefined; }, any, TFieldValues>' is not assignable to type 'Resolver<{ type: DocumentType; category: string; title: string; isPublic: boolean; isShared: boolean; description?: string | undefined; notes?: string | undefined; propertyId?: string | undefined; tenantId?: string | undefined; tags?: string[] | undefined; }, any, { ...; }>'.
        Type 'ResolverResult<{ type: DocumentType; category: string; title: string; isPublic: boolean; isShared: boolean; description?: string | undefined; notes?: string | undefined; propertyId?: string | undefined; tenantId?: string | undefined; tags?: string[] | undefined; }, TFieldValues> | Promise<...>' is not assignable to type 'ResolverResult<{ type: DocumentType; category: string; title: string; isPublic: boolean; isShared: boolean; description?: string | undefined; notes?: string | undefined; propertyId?: string | undefined; tenantId?: string | undefined; tags?: string[] | undefined; }, { ...; }> | Promise<...>'.
          Type 'ResolverSuccess<TFieldValues>' is not assignable to type 'ResolverResult<{ type: DocumentType; category: string; title: string; isPublic: boolean; isShared: boolean; description?: string | undefined; notes?: string | undefined; propertyId?: string | undefined; tenantId?: string | undefined; tags?: string[] | undefined; }, { ...; }> | Promise<...>'.
            Type 'ResolverSuccess<TFieldValues>' is not assignable to type 'ResolverSuccess<{ type: DocumentType; category: string; title: string; isPublic: boolean; isShared: boolean; description?: string | undefined; notes?: string | undefined; propertyId?: string | undefined; tenantId?: string | undefined; tags?: string[] | undefined; }>'.
              Type 'TFieldValues' is not assignable to type '{ type: DocumentType; category: string; title: string; isPublic: boolean; isShared: boolean; description?: string | undefined; notes?: string | undefined; propertyId?: string | undefined; tenantId?: string | undefined; tags?: string[] | undefined; }'.
                Type 'FieldValues' is missing the following properties from type '{ type: DocumentType; category: string; title: string; isPublic: boolean; isShared: boolean; description?: string | undefined; notes?: string | undefined; propertyId?: string | undefined; tenantId?: string | undefined; tags?: string[] | undefined; }': type, category, title, isPublic, isShared
src/components/forms/document-upload-form.tsx(457,17): error TS2322: Type 'Control<{ type: DocumentType; category: string; title: string; isPublic: boolean; isShared: boolean; description?: string | undefined; notes?: string | undefined; propertyId?: string | undefined; tenantId?: string | undefined; tags?: string[] | undefined; }, any, TFieldValues>' is not assignable to type 'Control<{ type: DocumentType; category: string; title: string; isPublic: boolean; isShared: boolean; description?: string | undefined; notes?: string | undefined; propertyId?: string | undefined; tenantId?: string | undefined; tags?: string[] | undefined; }, any, { ...; }>'.
  The types of '_options.resolver' are incompatible between these types.
    Type 'Resolver<{ type: DocumentType; category: string; title: string; isPublic: boolean; isShared: boolean; description?: string | undefined; notes?: string | undefined; propertyId?: string | undefined; tenantId?: string | undefined; tags?: string[] | undefined; }, any, TFieldValues> | undefined' is not assignable to type 'Resolver<{ type: DocumentType; category: string; title: string; isPublic: boolean; isShared: boolean; description?: string | undefined; notes?: string | undefined; propertyId?: string | undefined; tenantId?: string | undefined; tags?: string[] | undefined; }, any, { ...; }> | undefined'.
      Type 'Resolver<{ type: DocumentType; category: string; title: string; isPublic: boolean; isShared: boolean; description?: string | undefined; notes?: string | undefined; propertyId?: string | undefined; tenantId?: string | undefined; tags?: string[] | undefined; }, any, TFieldValues>' is not assignable to type 'Resolver<{ type: DocumentType; category: string; title: string; isPublic: boolean; isShared: boolean; description?: string | undefined; notes?: string | undefined; propertyId?: string | undefined; tenantId?: string | undefined; tags?: string[] | undefined; }, any, { ...; }>'.
        Type 'ResolverResult<{ type: DocumentType; category: string; title: string; isPublic: boolean; isShared: boolean; description?: string | undefined; notes?: string | undefined; propertyId?: string | undefined; tenantId?: string | undefined; tags?: string[] | undefined; }, TFieldValues> | Promise<...>' is not assignable to type 'ResolverResult<{ type: DocumentType; category: string; title: string; isPublic: boolean; isShared: boolean; description?: string | undefined; notes?: string | undefined; propertyId?: string | undefined; tenantId?: string | undefined; tags?: string[] | undefined; }, { ...; }> | Promise<...>'.
          Type 'ResolverSuccess<TFieldValues>' is not assignable to type 'ResolverResult<{ type: DocumentType; category: string; title: string; isPublic: boolean; isShared: boolean; description?: string | undefined; notes?: string | undefined; propertyId?: string | undefined; tenantId?: string | undefined; tags?: string[] | undefined; }, { ...; }> | Promise<...>'.
            Type 'ResolverSuccess<TFieldValues>' is not assignable to type 'ResolverSuccess<{ type: DocumentType; category: string; title: string; isPublic: boolean; isShared: boolean; description?: string | undefined; notes?: string | undefined; propertyId?: string | undefined; tenantId?: string | undefined; tags?: string[] | undefined; }>'.
              Type 'TFieldValues' is not assignable to type '{ type: DocumentType; category: string; title: string; isPublic: boolean; isShared: boolean; description?: string | undefined; notes?: string | undefined; propertyId?: string | undefined; tenantId?: string | undefined; tags?: string[] | undefined; }'.
                Type 'FieldValues' is missing the following properties from type '{ type: DocumentType; category: string; title: string; isPublic: boolean; isShared: boolean; description?: string | undefined; notes?: string | undefined; propertyId?: string | undefined; tenantId?: string | undefined; tags?: string[] | undefined; }': type, category, title, isPublic, isShared
src/components/invoices/CleanLeaseInvoice.tsx(246,31): error TS2339: Property 'userId' does not exist on type '{ _id: string; firstName: string; lastName: string; email: string; phone?: string | undefined; avatar?: string | undefined; dateOfBirth?: string | undefined; employmentInfo?: { employer: string; position: string; income: number; startDate: string; } | undefined; ... 6 more ...; tenantStatus?: string | undefined; }'.
src/components/invoices/CleanLeaseInvoice.tsx(246,65): error TS2339: Property 'userId' does not exist on type '{ _id: string; firstName: string; lastName: string; email: string; phone?: string | undefined; avatar?: string | undefined; dateOfBirth?: string | undefined; employmentInfo?: { employer: string; position: string; income: number; startDate: string; } | undefined; ... 6 more ...; tenantStatus?: string | undefined; }'.
src/components/invoices/CleanLeaseInvoice.tsx(254,31): error TS2339: Property 'userId' does not exist on type '{ _id: string; firstName: string; lastName: string; email: string; phone?: string | undefined; avatar?: string | undefined; dateOfBirth?: string | undefined; employmentInfo?: { employer: string; position: string; income: number; startDate: string; } | undefined; ... 6 more ...; tenantStatus?: string | undefined; }'.
src/components/invoices/CleanLeaseInvoice.tsx(254,62): error TS2339: Property 'userId' does not exist on type '{ _id: string; firstName: string; lastName: string; email: string; phone?: string | undefined; avatar?: string | undefined; dateOfBirth?: string | undefined; employmentInfo?: { employer: string; position: string; income: number; startDate: string; } | undefined; ... 6 more ...; tenantStatus?: string | undefined; }'.
src/components/invoices/EnhancedLeaseInvoice.tsx(82,58): error TS2339: Property 'userId' does not exist on type '{ _id: string; firstName: string; lastName: string; email: string; phone?: string | undefined; avatar?: string | undefined; dateOfBirth?: string | undefined; employmentInfo?: { employer: string; position: string; income: number; startDate: string; } | undefined; ... 6 more ...; tenantStatus?: string | undefined; }'.
src/components/invoices/EnhancedLeaseInvoice.tsx(88,23): error TS2339: Property 'userId' does not exist on type '{ _id: string; firstName: string; lastName: string; email: string; phone?: string | undefined; avatar?: string | undefined; dateOfBirth?: string | undefined; employmentInfo?: { employer: string; position: string; income: number; startDate: string; } | undefined; ... 6 more ...; tenantStatus?: string | undefined; }'.
src/components/invoices/LeaseInvoice.tsx(332,38): error TS2339: Property 'userId' does not exist on type '{ _id: string; firstName: string; lastName: string; email: string; phone?: string | undefined; avatar?: string | undefined; dateOfBirth?: string | undefined; employmentInfo?: { employer: string; position: string; income: number; startDate: string; } | undefined; ... 6 more ...; tenantStatus?: string | undefined; }'.
src/components/invoices/LeaseInvoice.tsx(333,38): error TS2339: Property 'userId' does not exist on type '{ _id: string; firstName: string; lastName: string; email: string; phone?: string | undefined; avatar?: string | undefined; dateOfBirth?: string | undefined; employmentInfo?: { employer: string; position: string; income: number; startDate: string; } | undefined; ... 6 more ...; tenantStatus?: string | undefined; }'.
src/components/invoices/LeaseInvoice.tsx(337,38): error TS2339: Property 'userId' does not exist on type '{ _id: string; firstName: string; lastName: string; email: string; phone?: string | undefined; avatar?: string | undefined; dateOfBirth?: string | undefined; employmentInfo?: { employer: string; position: string; income: number; startDate: string; } | undefined; ... 6 more ...; tenantStatus?: string | undefined; }'.
src/components/invoices/LeaseInvoice.tsx(339,36): error TS2339: Property 'userId' does not exist on type '{ _id: string; firstName: string; lastName: string; email: string; phone?: string | undefined; avatar?: string | undefined; dateOfBirth?: string | undefined; employmentInfo?: { employer: string; position: string; income: number; startDate: string; } | undefined; ... 6 more ...; tenantStatus?: string | undefined; }'.
src/components/invoices/LeaseInvoice.tsx(342,40): error TS2339: Property 'userId' does not exist on type '{ _id: string; firstName: string; lastName: string; email: string; phone?: string | undefined; avatar?: string | undefined; dateOfBirth?: string | undefined; employmentInfo?: { employer: string; position: string; income: number; startDate: string; } | undefined; ... 6 more ...; tenantStatus?: string | undefined; }'.
src/components/lease/EnhancedLeaseCreation.tsx(21,10): error TS2305: Module '"@/components/ui/checkbox"' has no exported member 'Chèquebox'.
src/components/lease/EnhancedLeaseCreation.tsx(31,3): error TS2305: Module '"lucide-react"' has no exported member 'ChèqueCircle'.
src/components/lease/EnhancedLeaseCreation.tsx(468,13): error TS2322: Type '{ children: Element[]; defaultValue: string; className: string; }' is not assignable to type 'IntrinsicAttributes & TabsProps & RefAttributes<HTMLDivElement>'.
  Property 'defaultValue' does not exist on type 'IntrinsicAttributes & TabsProps & RefAttributes<HTMLDivElement>'.
src/components/lease/EnhancedLeaseCreation.tsx(707,42): error TS7006: Parameter 'checked' implicitly has an 'any' type.
src/components/lease/EnhancedLeaseCreation.tsx(788,42): error TS7006: Parameter 'checked' implicitly has an 'any' type.
src/components/lease/EnhancedLeaseCreation.tsx(839,46): error TS7006: Parameter 'checked' implicitly has an 'any' type.
src/components/leases/LeaseCard.tsx(424,29): error TS2339: Property 'floor' does not exist on type '{ _id: string; unitNumber: string; unitType: string; bedrooms: number; bathrooms: number; squareFootage: number; rentAmount: number; securityDeposit: number; status: string; }'.
src/components/leases/LeaseCard.tsx(426,39): error TS2339: Property 'floor' does not exist on type '{ _id: string; unitNumber: string; unitType: string; bedrooms: number; bathrooms: number; squareFootage: number; rentAmount: number; securityDeposit: number; status: string; }'.
src/components/maintenance/maintenance-crud-operations.tsx(22,3): error TS2724: '"@/components/ui/dialog"' has no exported member named 'DialogTitre'. Did you mean 'DialogTitle'?
src/components/maintenance/maintenance-crud-operations.tsx(42,3): error TS2305: Module '"lucide-react"' has no exported member 'Modifier'.
src/components/maintenance/maintenance-crud-operations.tsx(46,3): error TS2305: Module '"lucide-react"' has no exported member 'ActualiserCw'.
src/components/maintenance/maintenance-crud-operations.tsx(49,10): error TS2724: '"@/types"' has no exported member named 'MaintenanceStatut'. Did you mean 'MaintenanceStatus'?
src/components/maintenance/maintenance-crud-operations.tsx(49,29): error TS2724: '"@/types"' has no exported member named 'MaintenancePriorité'. Did you mean 'MaintenancePriority'?
src/components/maintenance/maintenance-crud-operations.tsx(287,21): error TS2339: Property 'toFaibleerCase' does not exist on type 'string'.
src/components/maintenance/maintenance-crud-operations.tsx(287,58): error TS2339: Property 'toFaibleerCase' does not exist on type 'string'.
src/components/maintenance/maintenance-crud-operations.tsx(288,27): error TS2339: Property 'toFaibleerCase' does not exist on type 'string'.
src/components/maintenance/maintenance-crud-operations.tsx(288,64): error TS2339: Property 'toFaibleerCase' does not exist on type 'string'.
src/components/notifications/notification-test.tsx(28,26): error TS2307: Cannot find module '@/hooks/use-toast' or its corresponding type declarations.
src/components/payments/EnhancedPaymentDashboard.tsx(293,13): error TS2322: Type '{ children: Element[]; defaultValue: string; className: string; }' is not assignable to type 'IntrinsicAttributes & TabsProps & RefAttributes<HTMLDivElement>'.
  Property 'defaultValue' does not exist on type 'IntrinsicAttributes & TabsProps & RefAttributes<HTMLDivElement>'.
src/components/payments/PaymentManagementDashboard.tsx(358,13): error TS2322: Type '{ children: Element[]; defaultValue: string; className: string; }' is not assignable to type 'IntrinsicAttributes & TabsProps & RefAttributes<HTMLDivElement>'.
  Property 'defaultValue' does not exist on type 'IntrinsicAttributes & TabsProps & RefAttributes<HTMLDivElement>'.
src/components/payments/PaymentManagementDashboard.tsx(564,33): error TS2339: Property 'category' does not exist on type 'PieLabelRenderProps'.
src/components/payments/PaymentManagementDashboard.tsx(564,43): error TS2339: Property 'amount' does not exist on type 'PieLabelRenderProps'.
src/components/payments/PaymentRecordingForm.tsx(197,11): error TS2353: Object literal may only specify known properties, and 'errors' does not exist in type 'TranslateOptions'.
src/components/payments/PaymentRecordingForm.tsx(224,15): error TS2353: Object literal may only specify known properties, and 'count' does not exist in type 'TranslateOptions'.
src/components/payments/PaymentRecordingForm.tsx(262,58): error TS2353: Object literal may only specify known properties, and 'days' does not exist in type 'TranslateOptions'.
src/components/payments/PaymentRecordingForm.tsx(303,17): error TS2353: Object literal may only specify known properties, and 'amount' does not exist in type 'TranslateOptions'.
src/components/payments/PaymentRecordingForm.tsx(462,29): error TS2353: Object literal may only specify known properties, and 'amount' does not exist in type 'TranslateOptions'.
src/components/payments/payment-receipt.tsx(154,19): error TS2353: Object literal may only specify known properties, and 'receiptId' does not exist in type 'TranslateOptions'.
src/components/payments/payment-receipt.tsx(344,19): error TS2353: Object literal may only specify known properties, and 'date' does not exist in type 'TranslateOptions'.
src/components/payments/payment-receipt.tsx(349,19): error TS2353: Object literal may only specify known properties, and 'email' does not exist in type 'TranslateOptions'.
src/components/properties/PropertyRowCard.tsx(89,25): error TS2339: Property 'HOUSE' does not exist on type 'typeof PropertyType'.
src/components/properties/PropertyRowCard.tsx(91,25): error TS2339: Property 'APARTMENT' does not exist on type 'typeof PropertyType'.
src/components/properties/PropertyRowCard.tsx(93,25): error TS2339: Property 'CONDO' does not exist on type 'typeof PropertyType'.
src/components/properties/PropertyRowCard.tsx(95,25): error TS2339: Property 'TOWNHOUSE' does not exist on type 'typeof PropertyType'.
src/components/properties/PropertyRowCard.tsx(97,25): error TS2339: Property 'COMMERCIAL' does not exist on type 'typeof PropertyType'.
src/components/properties/PropertyStats.tsx(114,38): error TS2339: Property 'HOUSE' does not exist on type 'typeof PropertyType'.
src/components/properties/PropertyStats.tsx(117,38): error TS2339: Property 'APARTMENT' does not exist on type 'typeof PropertyType'.
src/components/properties/PropertyStats.tsx(120,38): error TS2339: Property 'CONDO' does not exist on type 'typeof PropertyType'.
src/components/properties/PropertyStats.tsx(123,38): error TS2339: Property 'TOWNHOUSE' does not exist on type 'typeof PropertyType'.
src/components/properties/PropertyStats.tsx(126,38): error TS2339: Property 'COMMERCIAL' does not exist on type 'typeof PropertyType'.
src/components/properties/PropertyStatusManager.tsx(167,17): error TS2353: Object literal may only specify known properties, and 'status' does not exist in type 'TranslateOptions'.
src/components/property/PropertyManagementDashboard.tsx(261,31): error TS2339: Property 'variant' does not exist on type 'never'.
src/components/property/PropertyManagementDashboard.tsx(261,56): error TS2339: Property 'label' does not exist on type 'never'.
src/components/property/PropertyManagementDashboard.tsx(480,13): error TS2322: Type '{ children: Element[]; defaultValue: string; className: string; }' is not assignable to type 'IntrinsicAttributes & TabsProps & RefAttributes<HTMLDivElement>'.
  Property 'defaultValue' does not exist on type 'IntrinsicAttributes & TabsProps & RefAttributes<HTMLDivElement>'.
src/components/reports/AdvancedReportingDashboard.tsx(333,13): error TS2322: Type '{ children: Element[]; defaultValue: string; className: string; }' is not assignable to type 'IntrinsicAttributes & TabsProps & RefAttributes<HTMLDivElement>'.
  Property 'defaultValue' does not exist on type 'IntrinsicAttributes & TabsProps & RefAttributes<HTMLDivElement>'.
src/components/tenant/CommunicationCenter.tsx(251,20): error TS2339: Property 'toFaibleerCase' does not exist on type 'string'.
src/components/tenant/CommunicationCenter.tsx(251,57): error TS2339: Property 'toFaibleerCase' does not exist on type 'string'.
src/components/tenant/CommunicationCenter.tsx(252,25): error TS2339: Property 'toFaibleerCase' does not exist on type 'string'.
src/components/tenant/CommunicationCenter.tsx(252,62): error TS2339: Property 'toFaibleerCase' does not exist on type 'string'.
src/components/tenant/CommunicationCenter.tsx(391,19): error TS2322: Type '{ children: Element[]; open: boolean; onOuvertChange: Dispatch<SetStateAction<boolean>>; }' is not assignable to type 'IntrinsicAttributes & DialogProps'.
  Property 'onOuvertChange' does not exist on type 'IntrinsicAttributes & DialogProps'.
src/components/tenant/InvoiceTable.tsx(155,17): error TS2339: Property 'daysEnRetard' does not exist on type 'Invoice'.
src/components/tenant/InvoiceTable.tsx(158,20): error TS2339: Property 'daysEnRetard' does not exist on type 'Invoice'.
src/components/tenant/LeaseManagement.tsx(223,22): error TS2339: Property 'active' does not exist on type '{ actifs: { variant: "default"; color: string; label: string; }; expired: { variant: "secondary"; color: string; label: string; }; upcoming: { variant: "outline"; color: string; label: string; }; terminated: { ...; }; }'.
src/components/tenant/LeaseManagement.tsx(471,23): error TS2719: Type 'Lease[]' is not assignable to type 'Lease[]'. Two different types with this name exist, but they are unrelated.
  Type 'Lease' is missing the following properties from type 'Lease': isActive, isUpcoming, isExpired
src/components/tenant/LeaseManagement.tsx(471,45): error TS2719: Type '(action: string, lease: Lease) => void' is not assignable to type '(action: string, lease: Lease) => void'. Two different types with this name exist, but they are unrelated.
  Types of parameters 'lease' and 'lease' are incompatible.
    Type 'Lease' is missing the following properties from type 'Lease': isActif, isAVenir, isExpire
src/components/tenant/LeaseManagement.tsx(476,13): error TS2719: Type 'Invoice[]' is not assignable to type 'Invoice[]'. Two different types with this name exist, but they are unrelated.
  Type 'Invoice' is missing the following properties from type 'Invoice': totalMontant, joursEnRetard
src/components/tenant/LeaseManagement.tsx(477,13): error TS2719: Type '(action: string, invoice: Invoice) => void' is not assignable to type '(action: string, invoice: Invoice) => void'. Two different types with this name exist, but they are unrelated.
  Types of parameters 'invoice' and 'invoice' are incompatible.
    Type 'Invoice' is missing the following properties from type 'Invoice': totalAmount, daysOverdue
src/components/tenant/LeaseTable.tsx(147,30): error TS2532: Object is possibly 'undefined'.
src/components/tenant/TenantLedger.tsx(360,29): error TS2551: Property 'entries' does not exist on type '{ summary: LedgerSummary; entrées: LedgerEntry[]; pagination: any; }'. Did you mean 'entrées'?
src/components/tenant/TenantLedger.tsx(360,42): error TS7006: Parameter 'entry' implicitly has an 'any' type.
src/components/tenant/TenantManagementDashboard.tsx(37,3): error TS2305: Module '"lucide-react"' has no exported member 'Téléphone'.
src/components/tenant/TenantManagementDashboard.tsx(456,13): error TS2322: Type '{ children: Element[]; defaultValue: string; className: string; }' is not assignable to type 'IntrinsicAttributes & TabsProps & RefAttributes<HTMLDivElement>'.
  Property 'defaultValue' does not exist on type 'IntrinsicAttributes & TabsProps & RefAttributes<HTMLDivElement>'.
src/components/tenants/TenantStatusManager.tsx(134,12): error TS7053: Element implicitly has an 'any' type because expression of type 'string' can't be used to index type '{ application_submitted: string[]; under_review: string[]; approved: string[]; active: string[]; inactive: string[]; moved_out: string[]; terminated: never[]; }'.
  No index signature with a parameter of type 'string' was found on type '{ application_submitted: string[]; under_review: string[]; approved: string[]; active: string[]; inactive: string[]; moved_out: string[]; terminated: never[]; }'.
src/components/tenants/TenantStatusManager.tsx(201,12): error TS7053: Element implicitly has an 'any' type because expression of type 'string' can't be used to index type '{ application_submitted: ForwardRefExoticComponent<Omit<LucideProps, "ref"> & RefAttributes<SVGSVGElement>>; ... 5 more ...; terminated: ForwardRefExoticComponent<...>; }'.
  No index signature with a parameter of type 'string' was found on type '{ application_submitted: ForwardRefExoticComponent<Omit<LucideProps, "ref"> & RefAttributes<SVGSVGElement>>; ... 5 more ...; terminated: ForwardRefExoticComponent<...>; }'.
src/components/tenants/TenantStatusManager.tsx(214,12): error TS7053: Element implicitly has an 'any' type because expression of type 'string' can't be used to index type '{ application_submitted: string; under_review: string; approved: string; active: string; inactive: string; moved_out: string; terminated: string; }'.
  No index signature with a parameter of type 'string' was found on type '{ application_submitted: string; under_review: string; approved: string; active: string; inactive: string; moved_out: string; terminated: string; }'.
src/components/tenants/TenantStatusManager.tsx(283,42): error TS7006: Parameter 'status' implicitly has an 'any' type.
src/components/tenants/TenantWorkflowDashboard.tsx(153,13): error TS7053: Element implicitly has an 'any' type because expression of type 'string' can't be used to index type '{ application_submitted: string; under_review: string; approved: string; active: string; inactive: string; moved_out: string; terminated: string; }'.
  No index signature with a parameter of type 'string' was found on type '{ application_submitted: string; under_review: string; approved: string; active: string; inactive: string; moved_out: string; terminated: string; }'.
src/components/tenants/TenantWorkflowDashboard.tsx(155,14): error TS7053: Element implicitly has an 'any' type because expression of type 'string' can't be used to index type '{ application_submitted: string; under_review: string; approved: string; active: string; inactive: string; moved_out: string; terminated: string; }'.
  No index signature with a parameter of type 'string' was found on type '{ application_submitted: string; under_review: string; approved: string; active: string; inactive: string; moved_out: string; terminated: string; }'.
src/components/tenants/TenantWorkflowDashboard.tsx(332,30): error TS7053: Element implicitly has an 'any' type because expression of type 'string' can't be used to index type '{ pending: ForwardRefExoticComponent<Omit<LucideProps, "ref"> & RefAttributes<SVGSVGElement>>; approved: ForwardRefExoticComponent<...>; rejected: ForwardRefExoticComponent<...>; }'.
  No index signature with a parameter of type 'string' was found on type '{ pending: ForwardRefExoticComponent<Omit<LucideProps, "ref"> & RefAttributes<SVGSVGElement>>; approved: ForwardRefExoticComponent<...>; rejected: ForwardRefExoticComponent<...>; }'.
src/components/tenants/TenantWorkflowDashboard.tsx(346,37): error TS7053: Element implicitly has an 'any' type because expression of type 'string' can't be used to index type '{ pending: string; approved: string; rejected: string; }'.
  No index signature with a parameter of type 'string' was found on type '{ pending: string; approved: string; rejected: string; }'.
src/components/theme/theme-provider.tsx(5,41): error TS2307: Cannot find module 'next-themes/dist/types' or its corresponding type declarations.
src/components/ui/pagination.tsx(5,10): error TS2305: Module '"@/components/ui/button"' has no exported member 'ButtonProps'.
src/components/ui/pagination.tsx(68,5): error TS2783: 'size' is specified more than once, so this usage will be overwritten.
src/components/ui/pagination.tsx(84,5): error TS2783: 'size' is specified more than once, so this usage will be overwritten.
src/components/ui/role-badge.tsx(199,28): error TS2345: Argument of type 'string' is not assignable to parameter of type 'UserRole'.
src/components/ui/role-badge.tsx(199,55): error TS2345: Argument of type 'string' is not assignable to parameter of type 'UserRole'.
src/components/users/bulk-operations.tsx(212,13): error TS2322: Type 'string | undefined' is not assignable to type 'string | number'.
  Type 'undefined' is not assignable to type 'string | number'.
src/hooks/use-localization.ts(187,5): error TS1117: An object literal cannot have multiple properties with the same name.
src/hooks/use-media-query.ts(125,19): error TS2339: Property 'connection' does not exist on type 'Navigator'.
src/hooks/use-media-query.ts(126,19): error TS2339: Property 'mozConnection' does not exist on type 'Navigator'.
src/hooks/use-media-query.ts(127,19): error TS2339: Property 'webkitConnection' does not exist on type 'Navigator'.
src/hooks/use-media-query.ts(143,17): error TS2339: Property 'connection' does not exist on type 'Navigator'.
src/hooks/use-media-query.ts(144,17): error TS2339: Property 'mozConnection' does not exist on type 'Navigator'.
src/hooks/use-media-query.ts(145,17): error TS2339: Property 'webkitConnection' does not exist on type 'Navigator'.
src/hooks/useRolePermissions.ts(149,11): error TS4104: The type 'readonly ("user_management" | "user_view" | "role_management" | "property_management" | "property_view" | "property_create" | "property_edit" | "property_delete" | "tenant_management" | ... 33 more ... | "profile_management")[]' is 'readonly' and cannot be assigned to the mutable type 'string[]'.
src/hooks/useRolePermissions.ts(164,11): error TS4104: The type 'readonly ("user_management" | "user_view" | "role_management" | "property_management" | "property_view" | "property_create" | "property_edit" | "property_delete" | "tenant_management" | ... 33 more ... | "profile_management")[]' is 'readonly' and cannot be assigned to the mutable type 'string[]'.
src/hooks/useRolePermissions.ts(253,5): error TS4104: The type 'readonly ("user_management" | "user_view" | "role_management" | "property_management" | "property_view" | "property_create" | "property_edit" | "property_delete" | "tenant_management" | ... 33 more ... | "profile_management")[]' is 'readonly' and cannot be assigned to the mutable type 'string[]'.
src/lib/api/payment-api.client.ts(67,9): error TS2322: Type 'null' is not assignable to type 'T'.
  'T' could be instantiated with an arbitrary type which could be unrelated to 'null'.
src/lib/audit-service.ts(83,39): error TS2339: Property 'logEvent' does not exist on type 'Model<IAuditLog, {}, {}, {}, Document<unknown, {}, IAuditLog, {}, {}> & IAuditLog & Required<{ _id: string; }> & { __v: number; }, any>'.
src/lib/audit-service.ts(141,22): error TS2339: Property 'addTag' does not exist on type 'IAuditLog'.
src/lib/audit-service.ts(449,21): error TS2339: Property 'getActivityForUser' does not exist on type 'Model<IAuditLog, {}, {}, {}, Document<unknown, {}, IAuditLog, {}, {}> & IAuditLog & Required<{ _id: string; }> & { __v: number; }, any>'.
src/lib/audit-service.ts(457,21): error TS2339: Property 'getActivityForResource' does not exist on type 'Model<IAuditLog, {}, {}, {}, Document<unknown, {}, IAuditLog, {}, {}> & IAuditLog & Required<{ _id: string; }> & { __v: number; }, any>'.
src/lib/audit-service.ts(465,21): error TS2339: Property 'getSecurityEvents' does not exist on type 'Model<IAuditLog, {}, {}, {}, Document<unknown, {}, IAuditLog, {}, {}> & IAuditLog & Required<{ _id: string; }> & { __v: number; }, any>'.
src/lib/audit-service.ts(470,21): error TS2339: Property 'cleanupExpiredLogs' does not exist on type 'Model<IAuditLog, {}, {}, {}, Document<unknown, {}, IAuditLog, {}, {}> & IAuditLog & Required<{ _id: string; }> & { __v: number; }, any>'.
src/lib/auth.ts(166,3): error TS2578: Unused '@ts-expect-error' directive.
src/lib/digital-signature.ts(106,22): error TS2551: Property 'addDigitalSignature' does not exist on type 'Document<unknown, {}, IDocument, {}, {}> & IDocument & Required<{ _id: string; }> & { __v: number; }'. Did you mean 'digitalSignatures'?
src/lib/digital-signature.ts(116,22): error TS2339: Property 'logAccess' does not exist on type 'Document<unknown, {}, IDocument, {}, {}> & IDocument & Required<{ _id: string; }> & { __v: number; }'.
src/lib/digital-signature.ts(171,22): error TS2339: Property 'verifySignature' does not exist on type 'Document<unknown, {}, IDocument, {}, {}> & IDocument & Required<{ _id: string; }> & { __v: number; }'.
src/lib/emergency-notifications.ts(176,43): error TS18004: No value exists in scope for the shorthand property 'actualCost'. Either declare one or provide an initializer.
src/lib/invitation-utils.ts(302,46): error TS2339: Property 'findValidToken' does not exist on type 'Model<any, {}, {}, {}, any, any>'.
src/lib/invitation-utils.ts(362,27): error TS2339: Property 'cleanupExpired' does not exist on type 'Model<any, {}, {}, {}, any, any>'.
src/lib/migrations/migrate-to-unified-settings.ts(41,35): error TS18048: 'mongoose.connection.db' is possibly 'undefined'.
src/lib/migrations/migrate-to-unified-settings.ts(148,37): error TS18048: 'mongoose.connection.db' is possibly 'undefined'.
src/lib/migrations/migrate-to-unified-settings.ts(320,24): error TS2339: Property 'createDefaultUserSettings' does not exist on type 'Model<ISettings, {}, {}, {}, Document<unknown, {}, ISettings, {}, {}> & ISettings & Required<{ _id: ObjectId; }> & { ...; }, any>'.
src/lib/migrations/migrate-to-unified-settings.ts(347,13): error TS18048: 'mongoose.connection.db' is possibly 'undefined'.
src/lib/migrations/migrate-to-unified-settings.ts(353,13): error TS18048: 'mongoose.connection.db' is possibly 'undefined'.
src/lib/migrations/migrate-to-unified-settings.ts(359,38): error TS18048: 'mongoose.connection.db' is possibly 'undefined'.
src/lib/migrations/migrate-to-unified-settings.ts(363,13): error TS18048: 'mongoose.connection.db' is possibly 'undefined'.
src/lib/migrations/migrate-to-unified-settings.ts(370,40): error TS18048: 'mongoose.connection.db' is possibly 'undefined'.
src/lib/migrations/migrate-to-unified-settings.ts(374,13): error TS18048: 'mongoose.connection.db' is possibly 'undefined'.
src/lib/migrations/migrate-to-unified-settings.ts(398,36): error TS18048: 'mongoose.connection.db' is possibly 'undefined'.
src/lib/migrations/migrate-to-unified-settings.ts(402,13): error TS18048: 'mongoose.connection.db' is possibly 'undefined'.
src/lib/migrations/migrate-to-unified-settings.ts(409,38): error TS18048: 'mongoose.connection.db' is possibly 'undefined'.
src/lib/migrations/migrate-to-unified-settings.ts(413,13): error TS18048: 'mongoose.connection.db' is possibly 'undefined'.
src/lib/payment-security.ts(7,10): error TS2724: '"@/lib/mongodb"' has no exported member named 'connectDB'. Did you mean 'disconnectDB'?
src/lib/payment-security.ts(8,10): error TS2614: Module '"@/models/Payment"' has no exported member 'Payment'. Did you mean to use 'import Payment from "@/models/Payment"' instead?
src/lib/payment-security.ts(9,10): error TS2614: Module '"@/models/User"' has no exported member 'User'. Did you mean to use 'import User from "@/models/User"' instead?
src/lib/payment-security.ts(251,39): error TS7006: Parameter 'p' implicitly has an 'any' type.
src/lib/payment-security.ts(252,37): error TS7006: Parameter 'sum' implicitly has an 'any' type.
src/lib/payment-security.ts(252,42): error TS7006: Parameter 'amt' implicitly has an 'any' type.
src/lib/payment-security.ts(311,25): error TS7006: Parameter 'p' implicitly has an 'any' type.
src/lib/payment-security.ts(335,11): error TS7006: Parameter 'p' implicitly has an 'any' type.
src/lib/r2-server.ts(324,7): error TS2322: Type 'Buffer<ArrayBufferLike>' is not assignable to type 'Buffer<ArrayBuffer>'.
  Type 'ArrayBufferLike' is not assignable to type 'ArrayBuffer'.
    Type 'SharedArrayBuffer' is missing the following properties from type 'ArrayBuffer': resizable, resize, detached, transfer, transferToFixedLength
src/lib/rate-limit.ts(104,56): error TS2339: Property 'ip' does not exist on type 'NextRequest'.
src/lib/rate-limit.ts(123,56): error TS2339: Property 'ip' does not exist on type 'NextRequest'.
src/lib/services/auto-invoice-generation.service.ts(226,42): error TS2551: Property 'findByUserId' does not exist on type 'Model<IDisplaySettings, {}, {}, {}, Document<unknown, {}, IDisplaySettings, {}, {}> & IDisplaySettings & Required<{ _id: ObjectId; }> & { ...; }, any>'. Did you mean 'findById'?
src/lib/services/auto-invoice-generation.service.ts(248,29): error TS2352: Conversion of type 'FlattenMaps<IInvoice> & Required<{ _id: ObjectId; }> & { __v: number; }' to type 'IInvoice & { tenantId?: any; propertyId?: any; }' may be a mistake because neither type sufficiently overlaps with the other. If this was intentional, convert the expression to 'unknown' first.
  Type 'FlattenMaps<IInvoice> & Required<{ _id: ObjectId; }> & { __v: number; }' is not comparable to type 'IInvoice'.
    The types of 'collection.db.client' are incompatible between these types.
      Type 'FlattenMaps<MongoClient>' is missing the following properties from type 'MongoClient': driverInfoList, _close
src/lib/services/automated-late-fee.service.ts(356,19): error TS2339: Property 'addLateFee' does not exist on type 'Document<unknown, {}, IInvoice, {}, {}> & IInvoice & Required<{ _id: ObjectId; }> & { __v: number; }'.
src/lib/services/calendar.service.ts(257,15): error TS2352: Conversion of type '(FlattenMaps<IEvent> & Required<{ _id: ObjectId; }> & { __v: number; })[]' to type 'IEvent[]' may be a mistake because neither type sufficiently overlaps with the other. If this was intentional, convert the expression to 'unknown' first.
  Type 'FlattenMaps<IEvent> & Required<{ _id: ObjectId; }> & { __v: number; }' is not comparable to type 'IEvent'.
    The types of 'collection.db.client' are incompatible between these types.
      Type 'FlattenMaps<MongoClient>' is missing the following properties from type 'MongoClient': driverInfoList, _close
src/lib/services/calendar.service.ts(325,12): error TS2352: Conversion of type '(FlattenMaps<IEvent> & Required<{ _id: ObjectId; }> & { __v: number; })[]' to type 'IEvent[]' may be a mistake because neither type sufficiently overlaps with the other. If this was intentional, convert the expression to 'unknown' first.
  Type 'FlattenMaps<IEvent> & Required<{ _id: ObjectId; }> & { __v: number; }' is not comparable to type 'IEvent'.
    The types of 'collection.db.client' are incompatible between these types.
      Type 'FlattenMaps<MongoClient>' is missing the following properties from type 'MongoClient': driverInfoList, _close
src/lib/services/calendar.service.ts(423,12): error TS2352: Conversion of type '(FlattenMaps<IEvent> & Required<{ _id: ObjectId; }> & { __v: number; })[]' to type 'IEvent[]' may be a mistake because neither type sufficiently overlaps with the other. If this was intentional, convert the expression to 'unknown' first.
  Type 'FlattenMaps<IEvent> & Required<{ _id: ObjectId; }> & { __v: number; }' is not comparable to type 'IEvent'.
    The types of 'collection.db.client' are incompatible between these types.
      Type 'FlattenMaps<MongoClient>' is missing the following properties from type 'MongoClient': driverInfoList, _close
src/lib/services/demo-data.service.ts(308,28): error TS2339: Property 'APARTMENT' does not exist on type 'typeof PropertyType'.
src/lib/services/demo-data.service.ts(322,28): error TS2339: Property 'TOWNHOUSE' does not exist on type 'typeof PropertyType'.
src/lib/services/demo-data.service.ts(336,28): error TS2339: Property 'CONDO' does not exist on type 'typeof PropertyType'.
src/lib/services/demo-data.service.ts(350,28): error TS2339: Property 'SINGLE_FAMILY' does not exist on type 'typeof PropertyType'.
src/lib/services/demo-data.service.ts(364,28): error TS2339: Property 'APARTMENT' does not exist on type 'typeof PropertyType'.
src/lib/services/demo-data.service.ts(384,40): error TS2339: Property 'SINGLE_FAMILY' does not exist on type 'typeof PropertyType'.
src/lib/services/demo-data.service.ts(393,40): error TS2339: Property 'SINGLE_FAMILY' does not exist on type 'typeof PropertyType'.
src/lib/services/email-config.service.ts(102,46): error TS2339: Property 'getSettings' does not exist on type 'Model<ISystemSettingsNew, {}, {}, {}, Document<unknown, {}, ISystemSettingsNew, {}, {}> & ISystemSettingsNew & Required<...> & { ...; }, any>'.
src/lib/services/lease-payment-sync.service.ts(251,13): error TS2345: Argument of type 'string' is not assignable to parameter of type 'never'.
src/lib/services/lease-payment-sync.service.ts(259,9): error TS2345: Argument of type 'string' is not assignable to parameter of type 'never'.
src/lib/services/lease-payment-sync.service.ts(356,33): error TS2339: Property 'DELINQUENT' does not exist on type 'typeof LeaseStatus'.
src/lib/services/lease-payment-sync.service.ts(358,33): error TS2339: Property 'CURRENT' does not exist on type 'typeof LeaseStatus'.
src/lib/services/lease-payment-synchronizer.service.ts(445,11): error TS18048: 'payment.leaseId' is possibly 'undefined'.
src/lib/services/localization.service.ts(1036,7): error TS2353: Object literal may only specify known properties, and 'short' does not exist in type 'DateTimeFormatOptions'.
src/lib/services/localization.service.ts(1042,48): error TS7053: Element implicitly has an 'any' type because expression of type '"medium" | "long" | "short" | "full"' can't be used to index type 'DateTimeFormatOptions'.
  Property 'medium' does not exist on type 'DateTimeFormatOptions'.
src/lib/services/messaging.service.ts(7,10): error TS2305: Module '"@/types"' has no exported member 'IMessage'.
src/lib/services/messaging.service.ts(120,40): error TS2339: Property 'createConversationId' does not exist on type 'Model<IMessage, {}, {}, {}, Document<unknown, {}, IMessage, {}, {}> & IMessage & Required<{ _id: string; }> & { __v: number; }, any>'.
src/lib/services/messaging.service.ts(157,36): error TS2339: Property 'createConversationId' does not exist on type 'Model<IMessage, {}, {}, {}, Document<unknown, {}, IMessage, {}, {}> & IMessage & Required<{ _id: string; }> & { __v: number; }, any>'.
src/lib/services/messaging.service.ts(328,51): error TS2769: No overload matches this call.
  Overload 1 of 2, '(pipeline?: PipelineStage[] | undefined, options?: AggregateOptions | undefined): Aggregate<any[]>', gave the following error.
    Argument of type '({ $match: { $or: ({ senderId: ObjectId; recipientId?: undefined; } | { recipientId: ObjectId; senderId?: undefined; })[]; deletedAt: null; }; $sort?: undefined; $group?: undefined; $lookup?: undefined; $limit?: undefined; } | { ...; } | { ...; } | { ...; } | { ...; })[]' is not assignable to parameter of type 'PipelineStage[]'.
      Type '{ $match: { $or: ({ senderId: ObjectId; recipientId?: undefined; } | { recipientId: ObjectId; senderId?: undefined; })[]; deletedAt: null; }; $sort?: undefined; $group?: undefined; $lookup?: undefined; $limit?: undefined; } | { ...; } | { ...; } | { ...; } | { ...; }' is not assignable to type 'PipelineStage'.
        Type '{ $sort: { createdAt: number; }; $match?: undefined; $group?: undefined; $lookup?: undefined; $limit?: undefined; }' is not assignable to type 'PipelineStage'.
          Type '{ $sort: { createdAt: number; }; $match?: undefined; $group?: undefined; $lookup?: undefined; $limit?: undefined; }' is not assignable to type 'Sort'.
            Types of property '$sort' are incompatible.
              Type '{ createdAt: number; }' is not assignable to type 'Record<string, 1 | -1 | Meta>'.
                Property 'createdAt' is incompatible with index signature.
                  Type 'number' is not assignable to type '1 | -1 | Meta'.
  Overload 2 of 2, '(pipeline: PipelineStage[]): Aggregate<any[]>', gave the following error.
    Argument of type '({ $match: { $or: ({ senderId: ObjectId; recipientId?: undefined; } | { recipientId: ObjectId; senderId?: undefined; })[]; deletedAt: null; }; $sort?: undefined; $group?: undefined; $lookup?: undefined; $limit?: undefined; } | { ...; } | { ...; } | { ...; } | { ...; })[]' is not assignable to parameter of type 'PipelineStage[]'.
      Type '{ $match: { $or: ({ senderId: ObjectId; recipientId?: undefined; } | { recipientId: ObjectId; senderId?: undefined; })[]; deletedAt: null; }; $sort?: undefined; $group?: undefined; $lookup?: undefined; $limit?: undefined; } | { ...; } | { ...; } | { ...; } | { ...; }' is not assignable to type 'PipelineStage'.
        Type '{ $sort: { createdAt: number; }; $match?: undefined; $group?: undefined; $lookup?: undefined; $limit?: undefined; }' is not assignable to type 'PipelineStage'.
          Type '{ $sort: { createdAt: number; }; $match?: undefined; $group?: undefined; $lookup?: undefined; $limit?: undefined; }' is not assignable to type 'Sort'.
            Types of property '$sort' are incompatible.
              Type '{ createdAt: number; }' is not assignable to type 'Record<string, 1 | -1 | Meta>'.
                Property 'createdAt' is incompatible with index signature.
                  Type 'number' is not assignable to type '1 | -1 | Meta'.
src/lib/services/payment-config.service.ts(60,46): error TS2339: Property 'getSettings' does not exist on type 'Model<ISystemSettingsNew, {}, {}, {}, Document<unknown, {}, ISystemSettingsNew, {}, {}> & ISystemSettingsNew & Required<...> & { ...; }, any>'.
src/lib/services/payment-config.service.ts(163,42): error TS2322: Type '"2024-06-20"' is not assignable to type '"2026-06-24.dahlia"'.
src/lib/services/payment-config.service.ts(199,46): error TS2339: Property 'getSettings' does not exist on type 'Model<ISystemSettingsNew, {}, {}, {}, Document<unknown, {}, ISystemSettingsNew, {}, {}> & ISystemSettingsNew & Required<...> & { ...; }, any>'.
src/lib/services/payment-config.service.ts(236,46): error TS2339: Property 'getSettings' does not exist on type 'Model<ISystemSettingsNew, {}, {}, {}, Document<unknown, {}, ISystemSettingsNew, {}, {}> & ISystemSettingsNew & Required<...> & { ...; }, any>'.
src/lib/services/payment-invoice-linking.service.ts(136,19): error TS2339: Property 'addPayment' does not exist on type 'Document<unknown, {}, IInvoice, {}, {}> & IInvoice & Required<{ _id: ObjectId; }> & { __v: number; }'.
src/lib/services/payment-invoice-linking.service.ts(378,19): error TS2339: Property 'allocations' does not exist on type 'Document<unknown, {}, IPayment, {}, {}> & IPayment & Required<{ _id: ObjectId; }> & { __v: number; }'.
src/lib/services/payment-invoice-linking.service.ts(378,42): error TS2339: Property 'allocations' does not exist on type 'Document<unknown, {}, IPayment, {}, {}> & IPayment & Required<{ _id: ObjectId; }> & { __v: number; }'.
src/lib/services/payment-invoice-linking.service.ts(379,37): error TS2339: Property 'allocations' does not exist on type 'Document<unknown, {}, IPayment, {}, {}> & IPayment & Required<{ _id: ObjectId; }> & { __v: number; }'.
src/lib/services/payment-status.service.ts(387,7): error TS18048: 'payment.version' is possibly 'undefined'.
src/lib/services/payment-status.service.ts(671,35): error TS18048: 'payment.lateFeeApplied' is possibly 'undefined'.
src/lib/services/payment.service.ts(318,44): error TS18048: 'payment.lateFeeApplied' is possibly 'undefined'.
src/lib/services/payment.service.ts(709,9): error TS2322: Type 'Date | null' is not assignable to type 'Date | undefined'.
  Type 'null' is not assignable to type 'Date | undefined'.
src/lib/services/payment.service.ts(716,5): error TS2322: Type 'Date | null' is not assignable to type 'Date | undefined'.
  Type 'null' is not assignable to type 'Date | undefined'.
src/lib/services/performance-analytics.service.ts(106,7): error TS2322: Type '{ totalPayments: number; successfulPayments: number; failedPayments: number; averagePaymentAmount: number; paymentMethodDistribution: { credit_card: number; bank_transfer: number; debit_card: number; other: number; }; processingTimeAverage: number; } | { ...; }' is not assignable to type '{ totalPayments: number; successfulPayments: number; failedPayments: number; averagePaymentAmount: number; paymentMethodDistribution: Record<string, number>; processingTimeAverage: number; }'.
  Type '{ totalPayments: number; successfulPayments: number; failedPayments: number; averagePaymentAmount: number; paymentMethodDistribution: { credit_card?: undefined; bank_transfer?: undefined; debit_card?: undefined; other?: undefined; }; processingTimeAverage: number; }' is not assignable to type '{ totalPayments: number; successfulPayments: number; failedPayments: number; averagePaymentAmount: number; paymentMethodDistribution: Record<string, number>; processingTimeAverage: number; }'.
    Types of property 'paymentMethodDistribution' are incompatible.
      Type '{ credit_card?: undefined; bank_transfer?: undefined; debit_card?: undefined; other?: undefined; }' is not assignable to type 'Record<string, number>'.
        Property 'credit_card' is incompatible with index signature.
          Type 'undefined' is not assignable to type 'number'.
src/lib/services/performance-analytics.service.ts(107,7): error TS2322: Type '{ activeUsers: number; sessionDuration: number; pageViews: number; bounceRate: number; featureUsage: { dashboard: number; payment_processing: number; tenant_portal: number; reports: number; auto_pay: number; communication: number; }; } | { ...; }' is not assignable to type '{ activeUsers: number; sessionDuration: number; pageViews: number; bounceRate: number; featureUsage: Record<string, number>; }'.
  Type '{ activeUsers: number; sessionDuration: number; pageViews: number; bounceRate: number; featureUsage: { dashboard?: undefined; payment_processing?: undefined; tenant_portal?: undefined; reports?: undefined; auto_pay?: undefined; communication?: undefined; }; }' is not assignable to type '{ activeUsers: number; sessionDuration: number; pageViews: number; bounceRate: number; featureUsage: Record<string, number>; }'.
    Types of property 'featureUsage' are incompatible.
      Type '{ dashboard?: undefined; payment_processing?: undefined; tenant_portal?: undefined; reports?: undefined; auto_pay?: undefined; communication?: undefined; }' is not assignable to type 'Record<string, number>'.
        Property 'dashboard' is incompatible with index signature.
          Type 'undefined' is not assignable to type 'number'.
src/lib/services/property-audit-logger.service.ts(278,11): error TS18048: 'eventTypes.length' is possibly 'undefined'.
src/lib/services/property-audit-logger.service.ts(282,11): error TS18048: 'triggerSources.length' is possibly 'undefined'.
src/lib/services/property-audit-logger.service.ts(335,11): error TS18048: 'propertyIds.length' is possibly 'undefined'.
src/lib/services/property-audit-logger.service.ts(337,16): error TS18048: 'propertyIds' is possibly 'undefined'.
src/lib/services/recurring-payment-generator.service.ts(139,13): error TS2741: Property 'notificationDays' is missing in type '{ enabled: true; gracePeriodDays: number; feeType: "fixed" | "percentage"; feeAmount: number; maxFeeAmount: number | undefined; compoundDaily: false; }' but required in type 'ILateFeeConfig'.
src/lib/services/settings-service.ts(27,44): error TS2551: Property 'findByUserId' does not exist on type 'Model<IProfileSettings, {}, {}, {}, Document<unknown, {}, IProfileSettings, {}, {}> & IProfileSettings & Required<{ _id: ObjectId; }> & { ...; }, any>'. Did you mean 'findById'?
src/lib/services/settings-service.ts(29,42): error TS2339: Property 'createDefaultProfile' does not exist on type 'Model<IProfileSettings, {}, {}, {}, Document<unknown, {}, IProfileSettings, {}, {}> & IProfileSettings & Required<{ _id: ObjectId; }> & { ...; }, any>'.
src/lib/services/settings-service.ts(44,46): error TS2339: Property 'updateByUserId' does not exist on type 'Model<IProfileSettings, {}, {}, {}, Document<unknown, {}, IProfileSettings, {}, {}> & IProfileSettings & Required<{ _id: ObjectId; }> & { ...; }, any>'.
src/lib/services/settings-service.ts(61,46): error TS2551: Property 'findByUserId' does not exist on type 'Model<IProfileSettings, {}, {}, {}, Document<unknown, {}, IProfileSettings, {}, {}> & IProfileSettings & Required<{ _id: ObjectId; }> & { ...; }, any>'. Did you mean 'findById'?
src/lib/services/settings-service.ts(78,36): error TS2339: Property 'createDefaultProfile' does not exist on type 'Model<IProfileSettings, {}, {}, {}, Document<unknown, {}, IProfileSettings, {}, {}> & IProfileSettings & Required<{ _id: ObjectId; }> & { ...; }, any>'.
src/lib/services/settings-service.ts(88,24): error TS2339: Property 'getPublicProfile' does not exist on type 'IProfileSettings'.
src/lib/services/settings-service.ts(104,49): error TS2551: Property 'findByUserId' does not exist on type 'Model<INotificationSettings, {}, {}, {}, Document<unknown, {}, INotificationSettings, {}, {}> & INotificationSettings & Required<...> & { ...; }, any>'. Did you mean 'findById'?
src/lib/services/settings-service.ts(106,47): error TS2339: Property 'createDefaultNotifications' does not exist on type 'Model<INotificationSettings, {}, {}, {}, Document<unknown, {}, INotificationSettings, {}, {}> & INotificationSettings & Required<...> & { ...; }, any>'.
src/lib/services/settings-service.ts(123,49): error TS2551: Property 'findByUserId' does not exist on type 'Model<INotificationSettings, {}, {}, {}, Document<unknown, {}, INotificationSettings, {}, {}> & INotificationSettings & Required<...> & { ...; }, any>'. Did you mean 'findById'?
src/lib/services/settings-service.ts(125,47): error TS2339: Property 'createDefaultNotifications' does not exist on type 'Model<INotificationSettings, {}, {}, {}, Document<unknown, {}, INotificationSettings, {}, {}> & INotificationSettings & Required<...> & { ...; }, any>'.
src/lib/services/settings-service.ts(145,51): error TS2551: Property 'findByUserId' does not exist on type 'Model<INotificationSettings, {}, {}, {}, Document<unknown, {}, INotificationSettings, {}, {}> & INotificationSettings & Required<...> & { ...; }, any>'. Did you mean 'findById'?
src/lib/services/settings-service.ts(152,41): error TS2339: Property 'createDefaultNotifications' does not exist on type 'Model<INotificationSettings, {}, {}, {}, Document<unknown, {}, INotificationSettings, {}, {}> & INotificationSettings & Required<...> & { ...; }, any>'.
src/lib/services/settings-service.ts(169,24): error TS2339: Property 'isNotificationEnabled' does not exist on type 'INotificationSettings'.
src/lib/services/settings-service.ts(186,45): error TS2551: Property 'findByUserId' does not exist on type 'Model<ISecuritySettings, {}, {}, {}, Document<unknown, {}, ISecuritySettings, {}, {}> & ISecuritySettings & Required<...> & { ...; }, any>'. Did you mean 'findById'?
src/lib/services/settings-service.ts(188,43): error TS2339: Property 'createDefaultSecurity' does not exist on type 'Model<ISecuritySettings, {}, {}, {}, Document<unknown, {}, ISecuritySettings, {}, {}> & ISecuritySettings & Required<...> & { ...; }, any>'.
src/lib/services/settings-service.ts(203,45): error TS2551: Property 'findByUserId' does not exist on type 'Model<ISecuritySettings, {}, {}, {}, Document<unknown, {}, ISecuritySettings, {}, {}> & ISecuritySettings & Required<...> & { ...; }, any>'. Did you mean 'findById'?
src/lib/services/settings-service.ts(205,43): error TS2339: Property 'createDefaultSecurity' does not exist on type 'Model<ISecuritySettings, {}, {}, {}, Document<unknown, {}, ISecuritySettings, {}, {}> & ISecuritySettings & Required<...> & { ...; }, any>'.
src/lib/services/settings-service.ts(223,47): error TS2551: Property 'findByUserId' does not exist on type 'Model<ISecuritySettings, {}, {}, {}, Document<unknown, {}, ISecuritySettings, {}, {}> & ISecuritySettings & Required<...> & { ...; }, any>'. Did you mean 'findById'?
src/lib/services/settings-service.ts(230,37): error TS2339: Property 'createDefaultSecurity' does not exist on type 'Model<ISecuritySettings, {}, {}, {}, Document<unknown, {}, ISecuritySettings, {}, {}> & ISecuritySettings & Required<...> & { ...; }, any>'.
src/lib/services/settings-service.ts(252,22): error TS2551: Property 'addTrustedDevice' does not exist on type 'ISecuritySettings'. Did you mean 'trustedDevices'?
src/lib/services/settings-service.ts(270,22): error TS2551: Property 'removeTrustedDevice' does not exist on type 'ISecuritySettings'. Did you mean 'trustedDevices'?
src/lib/services/settings-service.ts(287,24): error TS2551: Property 'isTrustedDevice' does not exist on type 'ISecuritySettings'. Did you mean 'trustedDevices'?
src/lib/services/settings-service.ts(334,44): error TS2551: Property 'findByUserId' does not exist on type 'Model<IDisplaySettings, {}, {}, {}, Document<unknown, {}, IDisplaySettings, {}, {}> & IDisplaySettings & Required<{ _id: ObjectId; }> & { ...; }, any>'. Did you mean 'findById'?
src/lib/services/settings-service.ts(336,42): error TS2339: Property 'createDefaultDisplay' does not exist on type 'Model<IDisplaySettings, {}, {}, {}, Document<unknown, {}, IDisplaySettings, {}, {}> & IDisplaySettings & Required<{ _id: ObjectId; }> & { ...; }, any>'.
src/lib/services/settings-service.ts(351,44): error TS2551: Property 'findByUserId' does not exist on type 'Model<IDisplaySettings, {}, {}, {}, Document<unknown, {}, IDisplaySettings, {}, {}> & IDisplaySettings & Required<{ _id: ObjectId; }> & { ...; }, any>'. Did you mean 'findById'?
src/lib/services/settings-service.ts(353,42): error TS2339: Property 'createDefaultDisplay' does not exist on type 'Model<IDisplaySettings, {}, {}, {}, Document<unknown, {}, IDisplaySettings, {}, {}> & IDisplaySettings & Required<{ _id: ObjectId; }> & { ...; }, any>'.
src/lib/services/settings-service.ts(371,46): error TS2551: Property 'findByUserId' does not exist on type 'Model<IDisplaySettings, {}, {}, {}, Document<unknown, {}, IDisplaySettings, {}, {}> & IDisplaySettings & Required<{ _id: ObjectId; }> & { ...; }, any>'. Did you mean 'findById'?
src/lib/services/settings-service.ts(378,36): error TS2339: Property 'createDefaultDisplay' does not exist on type 'Model<IDisplaySettings, {}, {}, {}, Document<unknown, {}, IDisplaySettings, {}, {}> & IDisplaySettings & Required<{ _id: ObjectId; }> & { ...; }, any>'.
src/lib/services/settings-service.ts(388,24): error TS2339: Property 'getThemeConfig' does not exist on type 'IDisplaySettings'.
src/lib/services/settings-service.ts(402,44): error TS2551: Property 'findByUserId' does not exist on type 'Model<IPrivacySettings, {}, {}, {}, Document<unknown, {}, IPrivacySettings, {}, {}> & IPrivacySettings & Required<{ _id: ObjectId; }> & { ...; }, any>'. Did you mean 'findById'?
src/lib/services/settings-service.ts(404,42): error TS2339: Property 'createDefaultPrivacy' does not exist on type 'Model<IPrivacySettings, {}, {}, {}, Document<unknown, {}, IPrivacySettings, {}, {}> & IPrivacySettings & Required<{ _id: ObjectId; }> & { ...; }, any>'.
src/lib/services/settings-service.ts(419,44): error TS2551: Property 'findByUserId' does not exist on type 'Model<IPrivacySettings, {}, {}, {}, Document<unknown, {}, IPrivacySettings, {}, {}> & IPrivacySettings & Required<{ _id: ObjectId; }> & { ...; }, any>'. Did you mean 'findById'?
src/lib/services/settings-service.ts(421,42): error TS2339: Property 'createDefaultPrivacy' does not exist on type 'Model<IPrivacySettings, {}, {}, {}, Document<unknown, {}, IPrivacySettings, {}, {}> & IPrivacySettings & Required<{ _id: ObjectId; }> & { ...; }, any>'.
src/lib/services/settings-service.ts(439,46): error TS2551: Property 'findByUserId' does not exist on type 'Model<IPrivacySettings, {}, {}, {}, Document<unknown, {}, IPrivacySettings, {}, {}> & IPrivacySettings & Required<{ _id: ObjectId; }> & { ...; }, any>'. Did you mean 'findById'?
src/lib/services/settings-service.ts(446,36): error TS2339: Property 'createDefaultPrivacy' does not exist on type 'Model<IPrivacySettings, {}, {}, {}, Document<unknown, {}, IPrivacySettings, {}, {}> & IPrivacySettings & Required<{ _id: ObjectId; }> & { ...; }, any>'.
src/lib/services/settings-service.ts(463,22): error TS2339: Property 'giveGDPRConsent' does not exist on type 'IPrivacySettings'.
src/lib/services/settings-service.ts(478,22): error TS2339: Property 'revokeGDPRConsent' does not exist on type 'IPrivacySettings'.
src/lib/services/settings-service.ts(495,22): error TS2339: Property 'requestDataPortability' does not exist on type 'IPrivacySettings'.
src/lib/services/settings-service.ts(515,22): error TS2339: Property 'requestRightToBeForgotten' does not exist on type 'IPrivacySettings'.
src/lib/services/settings-service.ts(533,46): error TS2339: Property 'getSettings' does not exist on type 'Model<ISystemSettingsNew, {}, {}, {}, Document<unknown, {}, ISystemSettingsNew, {}, {}> & ISystemSettingsNew & Required<...> & { ...; }, any>'.
src/lib/services/settings-service.ts(535,44): error TS2339: Property 'createDefaultSettings' does not exist on type 'Model<ISystemSettingsNew, {}, {}, {}, Document<unknown, {}, ISystemSettingsNew, {}, {}> & ISystemSettingsNew & Required<...> & { ...; }, any>'.
src/lib/services/settings-service.ts(549,46): error TS2339: Property 'getSettings' does not exist on type 'Model<ISystemSettingsNew, {}, {}, {}, Document<unknown, {}, ISystemSettingsNew, {}, {}> & ISystemSettingsNew & Required<...> & { ...; }, any>'.
src/lib/services/settings-service.ts(551,44): error TS2339: Property 'createDefaultSettings' does not exist on type 'Model<ISystemSettingsNew, {}, {}, {}, Document<unknown, {}, ISystemSettingsNew, {}, {}> & ISystemSettingsNew & Required<...> & { ...; }, any>'.
src/lib/services/settings-service.ts(571,48): error TS2339: Property 'getSettings' does not exist on type 'Model<ISystemSettingsNew, {}, {}, {}, Document<unknown, {}, ISystemSettingsNew, {}, {}> & ISystemSettingsNew & Required<...> & { ...; }, any>'.
src/lib/services/settings-service.ts(578,55): error TS2339: Property 'createDefaultSettings' does not exist on type 'Model<ISystemSettingsNew, {}, {}, {}, Document<unknown, {}, ISystemSettingsNew, {}, {}> & ISystemSettingsNew & Required<...> & { ...; }, any>'.
src/lib/services/settings-service.ts(601,22): error TS2339: Property 'enableMaintenance' does not exist on type 'ISystemSettingsNew'.
src/lib/services/settings-service.ts(603,9): error TS2322: Type 'string' is not assignable to type 'ObjectId'.
src/lib/services/settings-service.ts(622,22): error TS2339: Property 'disableMaintenance' does not exist on type 'ISystemSettingsNew'.
src/lib/services/settings-service.ts(624,9): error TS2322: Type 'string' is not assignable to type 'ObjectId'.
src/lib/services/stripe-payment.service.ts(331,9): error TS2322: Type 'string | null' is not assignable to type 'string'.
  Type 'null' is not assignable to type 'string'.
src/lib/services/stripe-payment.service.ts(390,9): error TS2322: Type 'string | null' is not assignable to type 'string'.
  Type 'null' is not assignable to type 'string'.
src/lib/services/tenant-ledger.service.ts(180,11): error TS2322: Type 'string' is not assignable to type '"security_deposit" | "other" | "payment" | "maintenance" | "rent" | "late_fee" | "utility"'.
src/lib/settings-error-handler.ts(24,14): error TS2323: Cannot redeclare exported variable 'SettingsError'.
src/lib/settings-error-handler.ts(50,14): error TS2323: Cannot redeclare exported variable 'SettingsValidationError'.
src/lib/settings-error-handler.ts(68,14): error TS2323: Cannot redeclare exported variable 'SettingsNotFoundError'.
src/lib/settings-error-handler.ts(81,14): error TS2323: Cannot redeclare exported variable 'SettingsPermissionError'.
src/lib/settings-error-handler.ts(94,14): error TS2323: Cannot redeclare exported variable 'SettingsRateLimitError'.
src/lib/settings-error-handler.ts(100,14): error TS2323: Cannot redeclare exported variable 'SettingsDatabaseError'.
src/lib/settings-error-handler.ts(118,14): error TS2323: Cannot redeclare exported variable 'SettingsConflictError'.
src/lib/settings-error-handler.ts(382,14): error TS18046: 'error' is of type 'unknown'.
src/lib/settings-error-handler.ts(426,3): error TS2484: Export declaration conflicts with exported declaration of 'SettingsErrorType'.
src/lib/settings-error-handler.ts(427,3): error TS2323: Cannot redeclare exported variable 'SettingsError'.
src/lib/settings-error-handler.ts(427,3): error TS2484: Export declaration conflicts with exported declaration of 'SettingsError'.
src/lib/settings-error-handler.ts(428,3): error TS2323: Cannot redeclare exported variable 'SettingsValidationError'.
src/lib/settings-error-handler.ts(428,3): error TS2484: Export declaration conflicts with exported declaration of 'SettingsValidationError'.
src/lib/settings-error-handler.ts(429,3): error TS2323: Cannot redeclare exported variable 'SettingsNotFoundError'.
src/lib/settings-error-handler.ts(429,3): error TS2484: Export declaration conflicts with exported declaration of 'SettingsNotFoundError'.
src/lib/settings-error-handler.ts(430,3): error TS2323: Cannot redeclare exported variable 'SettingsPermissionError'.
src/lib/settings-error-handler.ts(430,3): error TS2484: Export declaration conflicts with exported declaration of 'SettingsPermissionError'.
src/lib/settings-error-handler.ts(431,3): error TS2323: Cannot redeclare exported variable 'SettingsRateLimitError'.
src/lib/settings-error-handler.ts(431,3): error TS2484: Export declaration conflicts with exported declaration of 'SettingsRateLimitError'.
src/lib/settings-error-handler.ts(432,3): error TS2323: Cannot redeclare exported variable 'SettingsDatabaseError'.
src/lib/settings-error-handler.ts(432,3): error TS2484: Export declaration conflicts with exported declaration of 'SettingsDatabaseError'.
src/lib/settings-error-handler.ts(433,3): error TS2323: Cannot redeclare exported variable 'SettingsConflictError'.
src/lib/settings-error-handler.ts(433,3): error TS2484: Export declaration conflicts with exported declaration of 'SettingsConflictError'.
src/lib/settings-validation.ts(176,18): error TS2339: Property 'colorScheme' does not exist on type '{ compact: boolean; language: string; currency: string; theme: "light" | "dark" | "system"; contrast: boolean; rtl: boolean; navColor: "integrate" | "apparent"; branding?: { logoLight: string; ... 8 more ...; whatsappEnabled?: boolean | undefined; } | undefined; }'.
src/lib/settings-validation.ts(177,55): error TS2339: Property 'colorScheme' does not exist on type '{ compact: boolean; language: string; currency: string; theme: "light" | "dark" | "system"; contrast: boolean; rtl: boolean; navColor: "integrate" | "apparent"; branding?: { logoLight: string; ... 8 more ...; whatsappEnabled?: boolean | undefined; } | undefined; }'.
src/lib/settings-validation.ts(193,18): error TS2339: Property 'fontSize' does not exist on type '{ compact: boolean; language: string; currency: string; theme: "light" | "dark" | "system"; contrast: boolean; rtl: boolean; navColor: "integrate" | "apparent"; branding?: { logoLight: string; ... 8 more ...; whatsappEnabled?: boolean | undefined; } | undefined; }'.
src/lib/settings-validation.ts(193,52): error TS2551: Property 'highContrast' does not exist on type '{ compact: boolean; language: string; currency: string; theme: "light" | "dark" | "system"; contrast: boolean; rtl: boolean; navColor: "integrate" | "apparent"; branding?: { logoLight: string; ... 8 more ...; whatsappEnabled?: boolean | undefined; } | undefined; }'. Did you mean 'contrast'?
src/lib/settings-validation.ts(199,18): error TS2339: Property 'density' does not exist on type '{ compact: boolean; language: string; currency: string; theme: "light" | "dark" | "system"; contrast: boolean; rtl: boolean; navColor: "integrate" | "apparent"; branding?: { logoLight: string; ... 8 more ...; whatsappEnabled?: boolean | undefined; } | undefined; }'.
src/lib/settings-validation.ts(199,52): error TS2339: Property 'fontSize' does not exist on type '{ compact: boolean; language: string; currency: string; theme: "light" | "dark" | "system"; contrast: boolean; rtl: boolean; navColor: "integrate" | "apparent"; branding?: { logoLight: string; ... 8 more ...; whatsappEnabled?: boolean | undefined; } | undefined; }'.
src/lib/settings-validator.ts(46,14): error TS2323: Cannot redeclare exported variable 'SettingsValidator'.
src/lib/settings-validator.ts(80,11): error TS2322: Type '{ compact?: boolean | undefined; branding?: { logoLight: string; logoDark: string; favicon: string; primaryColor: string; secondaryColor: string; r2?: { logoLight?: { format?: string | undefined; ... 4 more ...; optimizedUrls?: Record<...> | undefined; } | undefined; logoDark?: { ...; } | undefined; favicon?: { ...;...' is not assignable to type 'T | undefined'.
  Type '{ compact?: boolean | undefined; branding?: { logoLight: string; logoDark: string; favicon: string; primaryColor: string; secondaryColor: string; r2?: { logoLight?: { format?: string | undefined; ... 4 more ...; optimizedUrls?: Record<...> | undefined; } | undefined; logoDark?: { ...; } | undefined; favicon?: { ...;...' is not assignable to type 'T'.
    'T' could be instantiated with an arbitrary type which could be unrelated to '{ compact?: boolean | undefined; branding?: { logoLight: string; logoDark: string; favicon: string; primaryColor: string; secondaryColor: string; r2?: { logoLight?: { format?: string | undefined; ... 4 more ...; optimizedUrls?: Record<...> | undefined; } | undefined; logoDark?: { ...; } | undefined; favicon?: { ...;...'.
src/lib/settings-validator.ts(406,3): error TS2323: Cannot redeclare exported variable 'SettingsValidator'.
src/lib/settings-validator.ts(406,3): error TS2484: Export declaration conflicts with exported declaration of 'SettingsValidator'.
src/lib/settings-validator.ts(407,3): error TS1205: Re-exporting a type when 'isolatedModules' is enabled requires using 'export type'.
src/lib/settings-validator.ts(407,3): error TS2484: Export declaration conflicts with exported declaration of 'ValidationResult'.
src/lib/settings-validator.ts(408,3): error TS1205: Re-exporting a type when 'isolatedModules' is enabled requires using 'export type'.
src/lib/settings-validator.ts(408,3): error TS2484: Export declaration conflicts with exported declaration of 'ValidationError'.
src/lib/settings-validator.ts(409,3): error TS1205: Re-exporting a type when 'isolatedModules' is enabled requires using 'export type'.
src/lib/settings-validator.ts(409,3): error TS2484: Export declaration conflicts with exported declaration of 'ValidationWarning'.
src/lib/stripe-error-handler.ts(43,40): error TS2345: Argument of type 'StripeError' is not assignable to parameter of type 'StripeCardError'.
  Types of property 'decline_code' are incompatible.
    Type 'string | undefined' is not assignable to type 'string'.
      Type 'undefined' is not assignable to type 'string'.
src/lib/stripe.ts(324,7): error TS2322: Type '"credit_card"' is not assignable to type 'PaymentMethod'.
src/lib/stripe.ts(338,25): error TS2339: Property 'addPayment' does not exist on type 'Document<unknown, {}, IInvoice, {}, {}> & IInvoice & Required<{ _id: ObjectId; }> & { __v: number; }'.
src/lib/stripe.ts(390,7): error TS2322: Type '"credit_card"' is not assignable to type 'PaymentMethod'.
src/lib/tenant-utils.ts(53,7): error TS2322: Type 'string' is not assignable to type 'ObjectId'.
src/lib/tenant-utils.ts(80,5): error TS2322: Type 'null' is not assignable to type 'Date | undefined'.
src/lib/tenant-workflow.ts(414,18): error TS7053: Element implicitly has an 'any' type because expression of type 'any' can't be used to index type '{ application_submitted: number; under_review: number; approved: number; active: number; }'.
src/lib/tests/lease-expiry-notifications.test.ts(10,10): error TS2614: Module '"@/models/Lease"' has no exported member 'Lease'. Did you mean to use 'import Lease from "@/models/Lease"' instead?
src/lib/tests/lease-expiry-notifications.test.ts(11,10): error TS2614: Module '"@/models/User"' has no exported member 'User'. Did you mean to use 'import User from "@/models/User"' instead?
src/lib/tests/lease-expiry-notifications.test.ts(12,10): error TS2614: Module '"@/models/Property"' has no exported member 'Property'. Did you mean to use 'import Property from "@/models/Property"' instead?
src/lib/tests/lease-expiry-notifications.test.ts(15,1): error TS2304: Cannot find name 'jest'.
src/lib/tests/lease-expiry-notifications.test.ts(16,1): error TS2304: Cannot find name 'jest'.
src/lib/tests/lease-expiry-notifications.test.ts(17,1): error TS2304: Cannot find name 'jest'.
src/lib/tests/lease-expiry-notifications.test.ts(18,1): error TS2304: Cannot find name 'jest'.
src/lib/tests/lease-expiry-notifications.test.ts(19,1): error TS2304: Cannot find name 'jest'.
src/lib/tests/lease-expiry-notifications.test.ts(21,1): error TS2582: Cannot find name 'describe'. Do you need to install type definitions for a test runner? Try `npm i --save-dev @types/jest` or `npm i --save-dev @types/mocha`.
src/lib/tests/lease-expiry-notifications.test.ts(28,3): error TS2304: Cannot find name 'beforeEach'.
src/lib/tests/lease-expiry-notifications.test.ts(30,5): error TS2304: Cannot find name 'jest'.
src/lib/tests/lease-expiry-notifications.test.ts(81,3): error TS2582: Cannot find name 'describe'. Do you need to install type definitions for a test runner? Try `npm i --save-dev @types/jest` or `npm i --save-dev @types/mocha`.
src/lib/tests/lease-expiry-notifications.test.ts(82,5): error TS2582: Cannot find name 'it'. Do you need to install type definitions for a test runner? Try `npm i --save-dev @types/jest` or `npm i --save-dev @types/mocha`.
src/lib/tests/lease-expiry-notifications.test.ts(84,28): error TS2304: Cannot find name 'jest'.
src/lib/tests/lease-expiry-notifications.test.ts(94,7): error TS2304: Cannot find name 'expect'.
src/lib/tests/lease-expiry-notifications.test.ts(96,9): error TS2304: Cannot find name 'expect'.
src/lib/tests/lease-expiry-notifications.test.ts(97,20): error TS2304: Cannot find name 'expect'.
src/lib/tests/lease-expiry-notifications.test.ts(98,17): error TS2304: Cannot find name 'expect'.
src/lib/tests/lease-expiry-notifications.test.ts(103,5): error TS2582: Cannot find name 'it'. Do you need to install type definitions for a test runner? Try `npm i --save-dev @types/jest` or `npm i --save-dev @types/mocha`.
src/lib/tests/lease-expiry-notifications.test.ts(105,28): error TS2304: Cannot find name 'jest'.
src/lib/tests/lease-expiry-notifications.test.ts(117,7): error TS2304: Cannot find name 'expect'.
src/lib/tests/lease-expiry-notifications.test.ts(120,5): error TS2582: Cannot find name 'it'. Do you need to install type definitions for a test runner? Try `npm i --save-dev @types/jest` or `npm i --save-dev @types/mocha`.
src/lib/tests/lease-expiry-notifications.test.ts(122,28): error TS2304: Cannot find name 'jest'.
src/lib/tests/lease-expiry-notifications.test.ts(134,7): error TS2304: Cannot find name 'expect'.
src/lib/tests/lease-expiry-notifications.test.ts(138,3): error TS2582: Cannot find name 'describe'. Do you need to install type definitions for a test runner? Try `npm i --save-dev @types/jest` or `npm i --save-dev @types/mocha`.
src/lib/tests/lease-expiry-notifications.test.ts(139,5): error TS2582: Cannot find name 'it'. Do you need to install type definitions for a test runner? Try `npm i --save-dev @types/jest` or `npm i --save-dev @types/mocha`.
src/lib/tests/lease-expiry-notifications.test.ts(141,28): error TS2304: Cannot find name 'jest'.
src/lib/tests/lease-expiry-notifications.test.ts(153,7): error TS2304: Cannot find name 'expect'.
src/lib/tests/lease-expiry-notifications.test.ts(155,9): error TS2304: Cannot find name 'expect'.
src/lib/tests/lease-expiry-notifications.test.ts(156,20): error TS2304: Cannot find name 'expect'.
src/lib/tests/lease-expiry-notifications.test.ts(157,17): error TS2304: Cannot find name 'expect'.
src/lib/tests/lease-expiry-notifications.test.ts(162,5): error TS2582: Cannot find name 'it'. Do you need to install type definitions for a test runner? Try `npm i --save-dev @types/jest` or `npm i --save-dev @types/mocha`.
src/lib/tests/lease-expiry-notifications.test.ts(164,28): error TS2304: Cannot find name 'jest'.
src/lib/tests/lease-expiry-notifications.test.ts(178,7): error TS2304: Cannot find name 'expect'.
src/lib/tests/lease-expiry-notifications.test.ts(179,7): error TS2304: Cannot find name 'expect'.
src/lib/tests/lease-expiry-notifications.test.ts(182,5): error TS2582: Cannot find name 'it'. Do you need to install type definitions for a test runner? Try `npm i --save-dev @types/jest` or `npm i --save-dev @types/mocha`.
src/lib/tests/lease-expiry-notifications.test.ts(184,28): error TS2304: Cannot find name 'jest'.
src/lib/tests/lease-expiry-notifications.test.ts(198,7): error TS2304: Cannot find name 'expect'.
src/lib/tests/lease-expiry-notifications.test.ts(199,7): error TS2304: Cannot find name 'expect'.
src/lib/tests/lease-expiry-notifications.test.ts(202,5): error TS2582: Cannot find name 'it'. Do you need to install type definitions for a test runner? Try `npm i --save-dev @types/jest` or `npm i --save-dev @types/mocha`.
src/lib/tests/lease-expiry-notifications.test.ts(204,28): error TS2304: Cannot find name 'jest'.
src/lib/tests/lease-expiry-notifications.test.ts(218,7): error TS2304: Cannot find name 'expect'.
src/lib/tests/lease-expiry-notifications.test.ts(222,3): error TS2582: Cannot find name 'describe'. Do you need to install type definitions for a test runner? Try `npm i --save-dev @types/jest` or `npm i --save-dev @types/mocha`.
src/lib/tests/lease-expiry-notifications.test.ts(223,5): error TS2582: Cannot find name 'it'. Do you need to install type definitions for a test runner? Try `npm i --save-dev @types/jest` or `npm i --save-dev @types/mocha`.
src/lib/tests/lease-expiry-notifications.test.ts(227,7): error TS2304: Cannot find name 'jest'.
src/lib/tests/lease-expiry-notifications.test.ts(228,7): error TS2304: Cannot find name 'jest'.
src/lib/tests/lease-expiry-notifications.test.ts(248,7): error TS2304: Cannot find name 'expect'.
src/lib/tests/lease-expiry-notifications.test.ts(251,5): error TS2582: Cannot find name 'it'. Do you need to install type definitions for a test runner? Try `npm i --save-dev @types/jest` or `npm i --save-dev @types/mocha`.
src/lib/tests/lease-expiry-notifications.test.ts(270,7): error TS2304: Cannot find name 'expect'.
src/lib/tests/lease-expiry-notifications.test.ts(271,7): error TS2304: Cannot find name 'expect'.
src/lib/tests/lease-expiry-notifications.test.ts(272,7): error TS2304: Cannot find name 'expect'.
src/lib/tests/lease-expiry-notifications.test.ts(276,3): error TS2582: Cannot find name 'describe'. Do you need to install type definitions for a test runner? Try `npm i --save-dev @types/jest` or `npm i --save-dev @types/mocha`.
src/lib/tests/lease-expiry-notifications.test.ts(277,5): error TS2582: Cannot find name 'it'. Do you need to install type definitions for a test runner? Try `npm i --save-dev @types/jest` or `npm i --save-dev @types/mocha`.
src/lib/tests/lease-expiry-notifications.test.ts(281,24): error TS2304: Cannot find name 'jest'.
src/lib/tests/lease-expiry-notifications.test.ts(282,19): error TS2304: Cannot find name 'jest'.
src/lib/tests/lease-expiry-notifications.test.ts(285,22): error TS2503: Cannot find namespace 'jest'.
src/lib/tests/lease-expiry-notifications.test.ts(288,7): error TS2304: Cannot find name 'expect'.
src/lib/tests/lease-expiry-notifications.test.ts(291,5): error TS2582: Cannot find name 'it'. Do you need to install type definitions for a test runner? Try `npm i --save-dev @types/jest` or `npm i --save-dev @types/mocha`.
src/lib/tests/lease-expiry-notifications.test.ts(292,24): error TS2304: Cannot find name 'jest'.
src/lib/tests/lease-expiry-notifications.test.ts(293,19): error TS2304: Cannot find name 'jest'.
src/lib/tests/lease-expiry-notifications.test.ts(296,22): error TS2503: Cannot find namespace 'jest'.
src/lib/tests/lease-expiry-notifications.test.ts(303,7): error TS2304: Cannot find name 'expect'.
src/lib/tests/lease-expiry-notifications.test.ts(304,7): error TS2304: Cannot find name 'expect'.
src/lib/tests/lease-expiry-notifications.test.ts(305,7): error TS2304: Cannot find name 'expect'.
src/lib/tests/lease-expiry-notifications.test.ts(308,5): error TS2582: Cannot find name 'it'. Do you need to install type definitions for a test runner? Try `npm i --save-dev @types/jest` or `npm i --save-dev @types/mocha`.
src/lib/tests/lease-expiry-notifications.test.ts(321,24): error TS2304: Cannot find name 'jest'.
src/lib/tests/lease-expiry-notifications.test.ts(322,19): error TS2304: Cannot find name 'jest'.
src/lib/tests/lease-expiry-notifications.test.ts(325,22): error TS2503: Cannot find namespace 'jest'.
src/lib/tests/lease-expiry-notifications.test.ts(328,7): error TS2304: Cannot find name 'expect'.
src/lib/tests/lease-expiry-notifications.test.ts(333,5): error TS2582: Cannot find name 'it'. Do you need to install type definitions for a test runner? Try `npm i --save-dev @types/jest` or `npm i --save-dev @types/mocha`.
src/lib/tests/lease-expiry-notifications.test.ts(344,24): error TS2304: Cannot find name 'jest'.
src/lib/tests/lease-expiry-notifications.test.ts(345,19): error TS2304: Cannot find name 'jest'.
src/lib/tests/lease-expiry-notifications.test.ts(348,22): error TS2503: Cannot find namespace 'jest'.
src/lib/tests/lease-expiry-notifications.test.ts(351,7): error TS2304: Cannot find name 'expect'.
src/lib/tests/lease-expiry-notifications.test.ts(354,5): error TS2582: Cannot find name 'it'. Do you need to install type definitions for a test runner? Try `npm i --save-dev @types/jest` or `npm i --save-dev @types/mocha`.
src/lib/tests/lease-expiry-notifications.test.ts(355,28): error TS2304: Cannot find name 'jest'.
src/lib/tests/lease-expiry-notifications.test.ts(356,24): error TS2304: Cannot find name 'jest'.
src/lib/tests/lease-expiry-notifications.test.ts(360,22): error TS2503: Cannot find namespace 'jest'.
src/lib/tests/lease-expiry-notifications.test.ts(385,7): error TS2304: Cannot find name 'expect'.
src/lib/tests/lease-expiry-notifications.test.ts(389,3): error TS2582: Cannot find name 'describe'. Do you need to install type definitions for a test runner? Try `npm i --save-dev @types/jest` or `npm i --save-dev @types/mocha`.
src/lib/tests/lease-expiry-notifications.test.ts(390,5): error TS2582: Cannot find name 'it'. Do you need to install type definitions for a test runner? Try `npm i --save-dev @types/jest` or `npm i --save-dev @types/mocha`.
src/lib/tests/lease-expiry-notifications.test.ts(394,9): error TS2304: Cannot find name 'expect'.
src/lib/tests/lease-expiry-notifications.test.ts(398,5): error TS2582: Cannot find name 'it'. Do you need to install type definitions for a test runner? Try `npm i --save-dev @types/jest` or `npm i --save-dev @types/mocha`.
src/lib/tests/lease-expiry-notifications.test.ts(409,9): error TS2304: Cannot find name 'expect'.
src/lib/tests/lease-expiry-notifications.test.ts(413,5): error TS2582: Cannot find name 'it'. Do you need to install type definitions for a test runner? Try `npm i --save-dev @types/jest` or `npm i --save-dev @types/mocha`.
src/lib/tests/lease-expiry-notifications.test.ts(419,7): error TS2304: Cannot find name 'expect'.
src/lib/tests/lease-expiry-notifications.test.ts(420,7): error TS2304: Cannot find name 'expect'.
src/lib/tests/lease-expiry-notifications.test.ts(424,3): error TS2582: Cannot find name 'describe'. Do you need to install type definitions for a test runner? Try `npm i --save-dev @types/jest` or `npm i --save-dev @types/mocha`.
src/lib/tests/lease-expiry-notifications.test.ts(425,5): error TS2582: Cannot find name 'it'. Do you need to install type definitions for a test runner? Try `npm i --save-dev @types/jest` or `npm i --save-dev @types/mocha`.
src/lib/tests/lease-expiry-notifications.test.ts(431,24): error TS2304: Cannot find name 'jest'.
src/lib/tests/lease-expiry-notifications.test.ts(432,19): error TS2304: Cannot find name 'jest'.
src/lib/tests/lease-expiry-notifications.test.ts(435,22): error TS2503: Cannot find namespace 'jest'.
src/lib/tests/lease-expiry-notifications.test.ts(438,7): error TS2304: Cannot find name 'expect'.
src/lib/tests/lease-expiry-notifications.test.ts(441,5): error TS2582: Cannot find name 'it'. Do you need to install type definitions for a test runner? Try `npm i --save-dev @types/jest` or `npm i --save-dev @types/mocha`.
src/lib/tests/lease-expiry-notifications.test.ts(447,24): error TS2304: Cannot find name 'jest'.
src/lib/tests/lease-expiry-notifications.test.ts(448,19): error TS2304: Cannot find name 'jest'.
src/lib/tests/lease-expiry-notifications.test.ts(451,22): error TS2503: Cannot find namespace 'jest'.
src/lib/tests/lease-expiry-notifications.test.ts(454,7): error TS2304: Cannot find name 'expect'.
src/lib/tests/lease-expiry-notifications.test.ts(457,5): error TS2582: Cannot find name 'it'. Do you need to install type definitions for a test runner? Try `npm i --save-dev @types/jest` or `npm i --save-dev @types/mocha`.
src/lib/tests/lease-expiry-notifications.test.ts(463,24): error TS2304: Cannot find name 'jest'.
src/lib/tests/lease-expiry-notifications.test.ts(464,19): error TS2304: Cannot find name 'jest'.
src/lib/tests/lease-expiry-notifications.test.ts(467,22): error TS2503: Cannot find namespace 'jest'.
src/lib/tests/lease-expiry-notifications.test.ts(471,7): error TS2304: Cannot find name 'expect'.
src/lib/tests/lease-expiry-notifications.test.ts(474,5): error TS2582: Cannot find name 'it'. Do you need to install type definitions for a test runner? Try `npm i --save-dev @types/jest` or `npm i --save-dev @types/mocha`.
src/lib/tests/lease-expiry-notifications.test.ts(480,24): error TS2304: Cannot find name 'jest'.
src/lib/tests/lease-expiry-notifications.test.ts(481,19): error TS2304: Cannot find name 'jest'.
src/lib/tests/lease-expiry-notifications.test.ts(484,22): error TS2503: Cannot find namespace 'jest'.
src/lib/tests/lease-expiry-notifications.test.ts(487,7): error TS2304: Cannot find name 'expect'.
src/lib/tests/lease-expiry-notifications.test.ts(490,5): error TS2582: Cannot find name 'it'. Do you need to install type definitions for a test runner? Try `npm i --save-dev @types/jest` or `npm i --save-dev @types/mocha`.
src/lib/tests/lease-expiry-notifications.test.ts(496,24): error TS2304: Cannot find name 'jest'.
src/lib/tests/lease-expiry-notifications.test.ts(497,19): error TS2304: Cannot find name 'jest'.
src/lib/tests/lease-expiry-notifications.test.ts(500,22): error TS2503: Cannot find namespace 'jest'.
src/lib/tests/lease-expiry-notifications.test.ts(503,7): error TS2304: Cannot find name 'expect'.
src/lib/tests/lease-expiry-notifications.test.ts(507,3): error TS2582: Cannot find name 'describe'. Do you need to install type definitions for a test runner? Try `npm i --save-dev @types/jest` or `npm i --save-dev @types/mocha`.
src/lib/tests/lease-expiry-notifications.test.ts(508,5): error TS2582: Cannot find name 'it'. Do you need to install type definitions for a test runner? Try `npm i --save-dev @types/jest` or `npm i --save-dev @types/mocha`.
src/lib/tests/lease-expiry-notifications.test.ts(512,24): error TS2304: Cannot find name 'jest'.
src/lib/tests/lease-expiry-notifications.test.ts(513,19): error TS2304: Cannot find name 'jest'.
src/lib/tests/lease-expiry-notifications.test.ts(516,22): error TS2503: Cannot find namespace 'jest'.
src/lib/tests/lease-expiry-notifications.test.ts(521,7): error TS2304: Cannot find name 'expect'.
src/lib/tests/lease-expiry-notifications.test.ts(522,7): error TS2304: Cannot find name 'expect'.
src/lib/tests/lease-expiry-notifications.test.ts(525,5): error TS2582: Cannot find name 'it'. Do you need to install type definitions for a test runner? Try `npm i --save-dev @types/jest` or `npm i --save-dev @types/mocha`.
src/lib/tests/lease-expiry-notifications.test.ts(539,24): error TS2304: Cannot find name 'jest'.
src/lib/tests/lease-expiry-notifications.test.ts(540,19): error TS2304: Cannot find name 'jest'.
src/lib/tests/lease-expiry-notifications.test.ts(543,22): error TS2503: Cannot find namespace 'jest'.
src/lib/tests/lease-expiry-notifications.test.ts(548,7): error TS2304: Cannot find name 'expect'.
src/lib/tests/lease-expiry-notifications.test.ts(549,7): error TS2304: Cannot find name 'expect'.
src/lib/tests/payment-sync.test-scenarios.ts(186,9): error TS2322: Type '"rent"' is not assignable to type 'PaymentType'.
src/lib/tests/payment-sync.test-scenarios.ts(317,45): error TS18046: 'error' is of type 'unknown'.
src/lib/tests/payment-sync.test-scenarios.ts(382,20): error TS18046: 'error' is of type 'unknown'.
src/lib/utils/company-info.ts(136,51): error TS2551: Property 'findByUserId' does not exist on type 'Model<IDisplaySettings, {}, {}, {}, Document<unknown, {}, IDisplaySettings, {}, {}> & IDisplaySettings & Required<{ _id: ObjectId; }> & { ...; }, any>'. Did you mean 'findById'?
src/lib/validations.ts(377,3): error TS1117: An object literal cannot have multiple properties with the same name.
src/models/Announcement.ts(485,19): error TS2304: Cannot find name 'Model'.
src/models/Conversation.ts(397,16): error TS2339: Property 'firstName' does not exist on type 'ObjectId'.
src/models/Conversation.ts(397,34): error TS2339: Property 'lastName' does not exist on type 'ObjectId'.
src/models/Conversation.ts(398,22): error TS2339: Property 'firstName' does not exist on type 'ObjectId'.
src/models/Conversation.ts(398,38): error TS2339: Property 'lastName' does not exist on type 'ObjectId'.
src/models/Conversation.ts(400,19): error TS2339: Property 'email' does not exist on type 'ObjectId'.
src/models/Conversation.ts(663,25): error TS2339: Property 'createIndividualConversation' does not exist on type 'Model<IConversation, any, any, any, Document<unknown, any, IConversation, any, {}> & IConversation & Required<{ _id: string; }> & { ...; }, any>'.
src/models/Conversation.ts(723,44): error TS2339: Property 'activeParticipantsCount' does not exist on type 'Document<unknown, {}, FlatRecord<IConversation>, {}, DefaultSchemaOptions> & FlatRecord<IConversation> & Required<...> & { ...; }'.
src/models/Conversation.ts(729,10): error TS2339: Property 'activeParticipantsCount' does not exist on type 'Document<unknown, {}, FlatRecord<IConversation>, {}, DefaultSchemaOptions> & FlatRecord<IConversation> & Required<...> & { ...; }'.
src/models/Conversation.ts(751,14): error TS2339: Property 'activeParticipantsCount' does not exist on type 'Document<unknown, {}, FlatRecord<IConversation>, {}, DefaultSchemaOptions> & FlatRecord<IConversation> & Required<...> & { ...; }'.
src/models/DisplaySettings.ts(187,5): error TS2322: Type '{ type: StringConstructor; enum: string[]; default: "XOF"; }' is not assignable to type 'SchemaDefinitionProperty<"US" | "EU" | "UK" | "custom", IDisplaySettings, Document<unknown, {}, FlatRecord<IDisplaySettings>, {}, DefaultSchemaOptions> & FlatRecord<...> & Required<...> & { ...; }> | undefined'.
  Type '{ type: StringConstructor; enum: string[]; default: "XOF"; }' is not assignable to type 'undefined'.
src/models/DisplaySettings.ts(466,10): error TS2339: Property 'version' does not exist on type 'IfAny<FlatRecord<DocType>, any, TVirtuals & TInstanceMethods extends Record<string, never> ? Document<unknown, {}, FlatRecord<...>, TVirtuals, ResolveSchemaOptions<...>> & Default__v<...> : IfAny<...>>'.
src/models/DisplaySettings.ts(486,15): error TS2484: Export declaration conflicts with exported declaration of 'IDisplaySettings'.
src/models/Document.ts(483,33): error TS7006: Parameter 't' implicitly has an 'any' type.
src/models/Document.ts(590,6): error TS7006: Parameter 'sig' implicitly has an 'any' type.
src/models/Document.ts(595,30): error TS7006: Parameter 'v' implicitly has an 'any' type.
src/models/Document.ts(600,25): error TS7006: Parameter 'v' implicitly has an 'any' type.
src/models/DocumentTemplate.ts(322,39): error TS7006: Parameter 'v' implicitly has an 'any' type.
src/models/DocumentTemplate.ts(333,43): error TS7006: Parameter 'v' implicitly has an 'any' type.
src/models/DocumentTemplate.ts(342,23): error TS7006: Parameter 'a' implicitly has an 'any' type.
src/models/DocumentTemplate.ts(342,26): error TS7006: Parameter 'b' implicitly has an 'any' type.
src/models/DocumentTemplate.ts(347,41): error TS7006: Parameter 's' implicitly has an 'any' type.
src/models/EventInvitation.ts(167,22): error TS2339: Property 'generateInvitationToken' does not exist on type 'Model<IEventInvitation, any, any, any, Document<unknown, any, IEventInvitation, any, {}> & IEventInvitation & Required<...> & { ...; }, any>'.
src/models/Inspection.ts(113,7): error TS7023: 'required' implicitly has return type 'any' because it does not have a return type annotation and is referenced directly or indirectly in one of its return expressions.
src/models/Inspection.ts(114,21): error TS2339: Property 'status' does not exist on type '{ type: StringConstructor; enum: string[]; required: () => any; }'.
src/models/InvitationToken.ts(3,18): error TS2430: Interface 'IInvitationToken' incorrectly extends interface 'Document<ObjectId, any, any, Record<string, any>, {}>'.
  Types of property '_id' are incompatible.
    Type 'string' is not assignable to type 'ObjectId'.
src/models/InvitationToken.ts(190,5): error TS2322: Type '{ type: typeof Schema.Types.ObjectId; ref: string; required: [true, string]; }' is not assignable to type 'SchemaDefinitionProperty<string, IInvitationToken, Document<unknown, {}, FlatRecord<IInvitationToken>, {}, DefaultSchemaOptions> & FlatRecord<...> & Required<...> & { ...; }> | undefined'.
  Types of property 'type' are incompatible.
    Type 'typeof ObjectId' is not assignable to type 'typeof Mixed | StringSchemaDefinition | undefined'.
      Type 'typeof ObjectId' is not assignable to type 'typeof Mixed | StringConstructor | typeof String | String'.
        Type 'typeof ObjectId' is not assignable to type 'typeof Mixed'.
          Types of property 'schemaName' are incompatible.
            Type '"ObjectId"' is not assignable to type '"Mixed"'.
src/models/InvitationToken.ts(237,32): error TS2339: Property 'isExpired' does not exist on type 'IInvitationToken'.
src/models/Invoice.ts(283,12): error TS2339: Property 'isOverdue' does not exist on type 'Document<unknown, {}, FlatRecord<IInvoice>, {}, DefaultSchemaOptions> & FlatRecord<IInvoice> & Required<...> & { ...; }'.
src/models/Invoice.ts(414,31): error TS2339: Property 'generateInvoiceNumber' does not exist on type 'Document<unknown, {}, FlatRecord<IInvoice>, {}, DefaultSchemaOptions> & FlatRecord<IInvoice> & Required<...> & { ...; }'.
src/models/Lease.ts(149,5): error TS2353: Object literal may only specify known properties, and 'enableCommunicationAutomation' does not exist in type '{ rentDueDay?: SchemaDefinitionProperty<number, ILeasePaymentConfig, Document<unknown, {}, FlatRecord<ILeasePaymentConfig>, {}, DefaultSchemaOptions> & FlatRecord<...> & { ...; } & { ...; }> | undefined; ... 9 more ...; minimumProrationCharge?: SchemaDefinitionProperty<...> | undefined; }'.
src/models/Lease.ts(351,5): error TS2353: Object literal may only specify known properties, and 'signedBy' does not exist in type '{ id?: SchemaDefinitionProperty<any, ILease, Document<unknown, {}, FlatRecord<ILease>, {}, DefaultSchemaOptions> & FlatRecord<ILease> & Required<...> & { ...; }> | undefined; ... 19 more ...; unit?: SchemaDefinitionProperty<...> | undefined; }'.
src/models/Lease.ts(436,56): error TS7053: Element implicitly has an 'any' type because expression of type 'string' can't be used to index type 'Document<unknown, {}, FlatRecord<DocType>, TVirtuals, ResolveSchemaOptions<TSchemaOptions>> | (Document<...> & Omit<...>)'.
  No index signature with a parameter of type 'string' was found on type 'Document<unknown, {}, FlatRecord<DocType>, TVirtuals, ResolveSchemaOptions<TSchemaOptions>> | (Document<...> & Omit<...>)'.
src/models/Lease.ts(502,22): error TS2339: Property 'terms' does not exist on type 'IfAny<FlatRecord<DocType>, any, TVirtuals & TInstanceMethods extends Record<string, never> ? Document<unknown, {}, FlatRecord<...>, TVirtuals, ResolveSchemaOptions<...>> & Default__v<...> : IfAny<...>>'.
src/models/Lease.ts(503,12): error TS2339: Property 'terms' does not exist on type 'IfAny<FlatRecord<DocType>, any, TVirtuals & TInstanceMethods extends Record<string, never> ? Document<unknown, {}, FlatRecord<...>, TVirtuals, ResolveSchemaOptions<...>> & Default__v<...> : IfAny<...>>'.
src/models/Lease.ts(509,19): error TS2339: Property 'terms' does not exist on type 'IfAny<FlatRecord<DocType>, any, TVirtuals & TInstanceMethods extends Record<string, never> ? Document<unknown, {}, FlatRecord<...>, TVirtuals, ResolveSchemaOptions<...>> & Default__v<...> : IfAny<...>>'.
src/models/Lease.ts(638,51): error TS2339: Property 'propertyId' does not exist on type 'IfAny<FlatRecord<DocType>, any, TVirtuals & TInstanceMethods extends Record<string, never> ? Document<unknown, {}, FlatRecord<...>, TVirtuals, ResolveSchemaOptions<...>> & Default__v<...> : IfAny<...>>'.
src/models/Lease.ts(648,45): error TS2339: Property 'tenantId' does not exist on type 'IfAny<FlatRecord<DocType>, any, TVirtuals & TInstanceMethods extends Record<string, never> ? Document<unknown, {}, FlatRecord<...>, TVirtuals, ResolveSchemaOptions<...>> & Default__v<...> : IfAny<...>>'.
src/models/Lease.ts(665,24): error TS2339: Property 'propertyId' does not exist on type 'IfAny<FlatRecord<DocType>, any, TVirtuals & TInstanceMethods extends Record<string, never> ? Document<unknown, {}, FlatRecord<...>, TVirtuals, ResolveSchemaOptions<...>> & Default__v<...> : IfAny<...>>'.
src/models/Lease.ts(666,20): error TS2339: Property 'unitId' does not exist on type 'IfAny<FlatRecord<DocType>, any, TVirtuals & TInstanceMethods extends Record<string, never> ? Document<unknown, {}, FlatRecord<...>, TVirtuals, ResolveSchemaOptions<...>> & Default__v<...> : IfAny<...>>'.
src/models/Lease.ts(671,35): error TS2339: Property 'endDate' does not exist on type 'IfAny<FlatRecord<DocType>, any, TVirtuals & TInstanceMethods extends Record<string, never> ? Document<unknown, {}, FlatRecord<...>, TVirtuals, ResolveSchemaOptions<...>> & Default__v<...> : IfAny<...>>'.
src/models/Lease.ts(672,33): error TS2339: Property 'startDate' does not exist on type 'IfAny<FlatRecord<DocType>, any, TVirtuals & TInstanceMethods extends Record<string, never> ? Document<unknown, {}, FlatRecord<...>, TVirtuals, ResolveSchemaOptions<...>> & Default__v<...> : IfAny<...>>'.
src/models/Lease.ts(692,51): error TS2339: Property 'propertyId' does not exist on type 'IfAny<FlatRecord<DocType>, any, TVirtuals & TInstanceMethods extends Record<string, never> ? Document<unknown, {}, FlatRecord<...>, TVirtuals, ResolveSchemaOptions<...>> & Default__v<...> : IfAny<...>>'.
src/models/Lease.ts(698,54): error TS2339: Property 'unitId' does not exist on type 'IfAny<FlatRecord<DocType>, any, TVirtuals & TInstanceMethods extends Record<string, never> ? Document<unknown, {}, FlatRecord<...>, TVirtuals, ResolveSchemaOptions<...>> & Default__v<...> : IfAny<...>>'.
src/models/Lease.ts(704,14): error TS2339: Property 'status' does not exist on type 'IfAny<FlatRecord<DocType>, any, TVirtuals & TInstanceMethods extends Record<string, never> ? Document<unknown, {}, FlatRecord<...>, TVirtuals, ResolveSchemaOptions<...>> & Default__v<...> : IfAny<...>>'.
src/models/Lease.ts(706,35): error TS2339: Property 'tenantId' does not exist on type 'IfAny<FlatRecord<DocType>, any, TVirtuals & TInstanceMethods extends Record<string, never> ? Document<unknown, {}, FlatRecord<...>, TVirtuals, ResolveSchemaOptions<...>> & Default__v<...> : IfAny<...>>'.
src/models/Lease.ts(709,12): error TS2339: Property 'status' does not exist on type 'IfAny<FlatRecord<DocType>, any, TVirtuals & TInstanceMethods extends Record<string, never> ? Document<unknown, {}, FlatRecord<...>, TVirtuals, ResolveSchemaOptions<...>> & Default__v<...> : IfAny<...>>'.
src/models/Lease.ts(710,12): error TS2339: Property 'status' does not exist on type 'IfAny<FlatRecord<DocType>, any, TVirtuals & TInstanceMethods extends Record<string, never> ? Document<unknown, {}, FlatRecord<...>, TVirtuals, ResolveSchemaOptions<...>> & Default__v<...> : IfAny<...>>'.
src/models/Message.ts(361,28): error TS7006: Parameter 'id' implicitly has an 'any' type.
src/models/NotificationSettings.ts(300,15): error TS2484: Export declaration conflicts with exported declaration of 'INotificationSettings'.
src/models/Payment.ts(372,11): error TS2322: Type '{ type: { type: { type: StringConstructor; enum: string[]; required: true; }; sentDate: { type: DateConstructor; required: true; }; method: { type: StringConstructor; enum: string[]; required: true; }; templateId: { ...; }; success: { ...; }; }[]; default: never[]; }' is not assignable to type 'SchemaDefinitionProperty<{ type: "reminder" | "overdue" | "final_notice"; sentDate: Date; method: "email" | "sms" | "both"; }[], IPayment, Document<unknown, {}, FlatRecord<IPayment>, {}, DefaultSchemaOptions> & FlatRecord<...> & Required<...> & { ...; }> | undefined'.
  Types of property 'type' are incompatible.
    Type '{ type: { type: StringConstructor; enum: string[]; required: true; }; sentDate: { type: DateConstructor; required: true; }; method: { type: StringConstructor; enum: string[]; required: true; }; templateId: { ...; }; success: { ...; }; }[]' is not assignable to type 'typeof Mixed | AnyArray<Schema<any, any, any, {}, {}, {}, DefaultSchemaOptions, { [x: number]: unknown; [x: symbol]: unknown; [x: string]: unknown; }, Document<unknown, {}, FlatRecord<{ [x: number]: unknown; [x: symbol]: unknown; [x: string]: unknown; }>, {}, DefaultSchemaOptions> & FlatRecord<...> & Required<...> &...'.
      Type '{ type: { type: StringConstructor; enum: string[]; required: true; }; sentDate: { type: DateConstructor; required: true; }; method: { type: StringConstructor; enum: string[]; required: true; }; templateId: { ...; }; success: { ...; }; }[]' is not assignable to type 'Schema<any, any, any, {}, {}, {}, DefaultSchemaOptions, { [x: number]: unknown; [x: symbol]: unknown; [x: string]: unknown; }, Document<unknown, {}, FlatRecord<{ [x: number]: unknown; [x: symbol]: unknown; [x: string]: unknown; }>, {}, DefaultSchemaOptions> & FlatRecord<...> & Required<...> & { ...; }>[]'.
        Object literal may only specify known properties, and 'type' does not exist in type 'Schema<any, any, any, {}, {}, {}, DefaultSchemaOptions, { [x: number]: unknown; [x: symbol]: unknown; [x: string]: unknown; }, Document<unknown, {}, FlatRecord<{ [x: number]: unknown; [x: symbol]: unknown; [x: string]: unknown; }>, {}, DefaultSchemaOptions> & FlatRecord<...> & Required<...> & { ...; }>'.
src/models/Payment.ts(585,10): error TS2339: Property 'status' does not exist on type 'IfAny<FlatRecord<DocType>, any, TVirtuals & TInstanceMethods extends Record<string, never> ? Document<unknown, {}, FlatRecord<...>, TVirtuals, ResolveSchemaOptions<...>> & Default__v<...> : IfAny<...>>'.
src/models/Payment.ts(586,10): error TS2339: Property 'status' does not exist on type 'IfAny<FlatRecord<DocType>, any, TVirtuals & TInstanceMethods extends Record<string, never> ? Document<unknown, {}, FlatRecord<...>, TVirtuals, ResolveSchemaOptions<...>> & Default__v<...> : IfAny<...>>'.
src/models/Payment.ts(592,10): error TS2339: Property 'dueDate' does not exist on type 'IfAny<FlatRecord<DocType>, any, TVirtuals & TInstanceMethods extends Record<string, never> ? Document<unknown, {}, FlatRecord<...>, TVirtuals, ResolveSchemaOptions<...>> & Default__v<...> : IfAny<...>>'.
src/models/Payment.ts(593,14): error TS2339: Property 'dueDate' does not exist on type 'IfAny<FlatRecord<DocType>, any, TVirtuals & TInstanceMethods extends Record<string, never> ? Document<unknown, {}, FlatRecord<...>, TVirtuals, ResolveSchemaOptions<...>> & Default__v<...> : IfAny<...>>'.
src/models/Payment.ts(594,14): error TS2339: Property 'dueDate' does not exist on type 'IfAny<FlatRecord<DocType>, any, TVirtuals & TInstanceMethods extends Record<string, never> ? Document<unknown, {}, FlatRecord<...>, TVirtuals, ResolveSchemaOptions<...>> & Default__v<...> : IfAny<...>>'.
src/models/Payment.ts(595,25): error TS2339: Property 'dueDate' does not exist on type 'IfAny<FlatRecord<DocType>, any, TVirtuals & TInstanceMethods extends Record<string, never> ? Document<unknown, {}, FlatRecord<...>, TVirtuals, ResolveSchemaOptions<...>> & Default__v<...> : IfAny<...>>'.
src/models/Payment.ts(612,15): error TS2339: Property 'daysOverdue' does not exist on type 'IfAny<FlatRecord<DocType>, any, TVirtuals & TInstanceMethods extends Record<string, never> ? Document<unknown, {}, FlatRecord<...>, TVirtuals, ResolveSchemaOptions<...>> & Default__v<...> : IfAny<...>>'.
src/models/Payment.ts(617,12): error TS2339: Property 'type' does not exist on type 'IfAny<FlatRecord<DocType>, any, TVirtuals & TInstanceMethods extends Record<string, never> ? Document<unknown, {}, FlatRecord<...>, TVirtuals, ResolveSchemaOptions<...>> & Default__v<...> : IfAny<...>>'.
src/models/Payment.ts(620,10): error TS2339: Property 'dueDate' does not exist on type 'IfAny<FlatRecord<DocType>, any, TVirtuals & TInstanceMethods extends Record<string, never> ? Document<unknown, {}, FlatRecord<...>, TVirtuals, ResolveSchemaOptions<...>> & Default__v<...> : IfAny<...>>'.
src/models/Payment.ts(621,14): error TS2339: Property 'dueDate' does not exist on type 'IfAny<FlatRecord<DocType>, any, TVirtuals & TInstanceMethods extends Record<string, never> ? Document<unknown, {}, FlatRecord<...>, TVirtuals, ResolveSchemaOptions<...>> & Default__v<...> : IfAny<...>>'.
src/models/Payment.ts(622,14): error TS2339: Property 'dueDate' does not exist on type 'IfAny<FlatRecord<DocType>, any, TVirtuals & TInstanceMethods extends Record<string, never> ? Document<unknown, {}, FlatRecord<...>, TVirtuals, ResolveSchemaOptions<...>> & Default__v<...> : IfAny<...>>'.
src/models/Payment.ts(623,25): error TS2339: Property 'dueDate' does not exist on type 'IfAny<FlatRecord<DocType>, any, TVirtuals & TInstanceMethods extends Record<string, never> ? Document<unknown, {}, FlatRecord<...>, TVirtuals, ResolveSchemaOptions<...>> & Default__v<...> : IfAny<...>>'.
src/models/Payment.ts(652,30): error TS2339: Property 'amount' does not exist on type 'IfAny<FlatRecord<DocType>, any, TVirtuals & TInstanceMethods extends Record<string, never> ? Document<unknown, {}, FlatRecord<...>, TVirtuals, ResolveSchemaOptions<...>> & Default__v<...> : IfAny<...>>'.
src/models/Payment.ts(845,49): error TS2339: Property 'invoiceId' does not exist on type 'IfAny<FlatRecord<DocType>, any, TVirtuals & TInstanceMethods extends Record<string, never> ? Document<unknown, {}, FlatRecord<...>, TVirtuals, ResolveSchemaOptions<...>> & Default__v<...> : IfAny<...>>'.
src/models/Payment.ts(849,12): error TS2339: Property 'syncStatus' does not exist on type 'IfAny<FlatRecord<DocType>, any, TVirtuals & TInstanceMethods extends Record<string, never> ? Document<unknown, {}, FlatRecord<...>, TVirtuals, ResolveSchemaOptions<...>> & Default__v<...> : IfAny<...>>'.
src/models/Payment.ts(850,12): error TS2339: Property 'lastSyncedAt' does not exist on type 'IfAny<FlatRecord<DocType>, any, TVirtuals & TInstanceMethods extends Record<string, never> ? Document<unknown, {}, FlatRecord<...>, TVirtuals, ResolveSchemaOptions<...>> & Default__v<...> : IfAny<...>>'.
src/models/Payment.ts(858,49): error TS2339: Property 'tenantId' does not exist on type 'IfAny<FlatRecord<DocType>, any, TVirtuals & TInstanceMethods extends Record<string, never> ? Document<unknown, {}, FlatRecord<...>, TVirtuals, ResolveSchemaOptions<...>> & Default__v<...> : IfAny<...>>'.
src/models/Payment.ts(879,49): error TS2339: Property 'propertyId' does not exist on type 'IfAny<FlatRecord<DocType>, any, TVirtuals & TInstanceMethods extends Record<string, never> ? Document<unknown, {}, FlatRecord<...>, TVirtuals, ResolveSchemaOptions<...>> & Default__v<...> : IfAny<...>>'.
src/models/Payment.ts(892,44): error TS2339: Property 'leaseId' does not exist on type 'IfAny<FlatRecord<DocType>, any, TVirtuals & TInstanceMethods extends Record<string, never> ? Document<unknown, {}, FlatRecord<...>, TVirtuals, ResolveSchemaOptions<...>> & Default__v<...> : IfAny<...>>'.
src/models/Payment.ts(896,49): error TS2339: Property 'leaseId' does not exist on type 'IfAny<FlatRecord<DocType>, any, TVirtuals & TInstanceMethods extends Record<string, never> ? Document<unknown, {}, FlatRecord<...>, TVirtuals, ResolveSchemaOptions<...>> & Default__v<...> : IfAny<...>>'.
src/models/Payment.ts(916,49): error TS2339: Property 'tenantId' does not exist on type 'IfAny<FlatRecord<DocType>, any, TVirtuals & TInstanceMethods extends Record<string, never> ? Document<unknown, {}, FlatRecord<...>, TVirtuals, ResolveSchemaOptions<...>> & Default__v<...> : IfAny<...>>'.
src/models/Payment.ts(920,51): error TS2339: Property 'propertyId' does not exist on type 'IfAny<FlatRecord<DocType>, any, TVirtuals & TInstanceMethods extends Record<string, never> ? Document<unknown, {}, FlatRecord<...>, TVirtuals, ResolveSchemaOptions<...>> & Default__v<...> : IfAny<...>>'.
src/models/Payment.ts(928,38): error TS2339: Property 'type' does not exist on type 'IfAny<FlatRecord<DocType>, any, TVirtuals & TInstanceMethods extends Record<string, never> ? Document<unknown, {}, FlatRecord<...>, TVirtuals, ResolveSchemaOptions<...>> & Default__v<...> : IfAny<...>>'.
src/models/Payment.ts(929,40): error TS2339: Property 'invoiceId' does not exist on type 'IfAny<FlatRecord<DocType>, any, TVirtuals & TInstanceMethods extends Record<string, never> ? Document<unknown, {}, FlatRecord<...>, TVirtuals, ResolveSchemaOptions<...>> & Default__v<...> : IfAny<...>>'.
src/models/Payment.ts(932,63): error TS2339: Property 'invoiceId' does not exist on type 'IfAny<FlatRecord<DocType>, any, TVirtuals & TInstanceMethods extends Record<string, never> ? Document<unknown, {}, FlatRecord<...>, TVirtuals, ResolveSchemaOptions<...>> & Default__v<...> : IfAny<...>>'.
src/models/Payment.ts(956,19): error TS2339: Property 'dueDate' does not exist on type 'IfAny<FlatRecord<DocType>, any, TVirtuals & TInstanceMethods extends Record<string, never> ? Document<unknown, {}, FlatRecord<...>, TVirtuals, ResolveSchemaOptions<...>> & Default__v<...> : IfAny<...>>'.
src/models/Payment.ts(956,52): error TS2339: Property 'dueDate' does not exist on type 'IfAny<FlatRecord<DocType>, any, TVirtuals & TInstanceMethods extends Record<string, never> ? Document<unknown, {}, FlatRecord<...>, TVirtuals, ResolveSchemaOptions<...>> & Default__v<...> : IfAny<...>>'.
src/models/Payment.ts(975,14): error TS2339: Property 'amountPaid' does not exist on type 'IfAny<FlatRecord<DocType>, any, TVirtuals & TInstanceMethods extends Record<string, never> ? Document<unknown, {}, FlatRecord<...>, TVirtuals, ResolveSchemaOptions<...>> & Default__v<...> : IfAny<...>>'.
src/models/Payment.ts(975,32): error TS2339: Property 'amount' does not exist on type 'IfAny<FlatRecord<DocType>, any, TVirtuals & TInstanceMethods extends Record<string, never> ? Document<unknown, {}, FlatRecord<...>, TVirtuals, ResolveSchemaOptions<...>> & Default__v<...> : IfAny<...>>'.
src/models/Payment.ts(987,40): error TS2339: Property 'status' does not exist on type '(FlattenMaps<any> & Required<{ _id: unknown; }> & { __v: number; }) | (FlattenMaps<any> & Required<{ _id: unknown; }> & { __v: number; })[]'.
  Property 'status' does not exist on type '(FlattenMaps<any> & Required<{ _id: unknown; }> & { __v: number; })[]'.
src/models/Payment.ts(992,18): error TS2339: Property 'version' does not exist on type '(FlattenMaps<any> & Required<{ _id: unknown; }> & { __v: number; }) | (FlattenMaps<any> & Required<{ _id: unknown; }> & { __v: number; })[]'.
  Property 'version' does not exist on type '(FlattenMaps<any> & Required<{ _id: unknown; }> & { __v: number; })[]'.
src/models/Payment.ts(993,14): error TS2339: Property 'version' does not exist on type 'IfAny<FlatRecord<DocType>, any, TVirtuals & TInstanceMethods extends Record<string, never> ? Document<unknown, {}, FlatRecord<...>, TVirtuals, ResolveSchemaOptions<...>> & Default__v<...> : IfAny<...>>'.
src/models/Payment.ts(993,35): error TS2339: Property 'version' does not exist on type '(FlattenMaps<any> & Required<{ _id: unknown; }> & { __v: number; }) | (FlattenMaps<any> & Required<{ _id: unknown; }> & { __v: number; })[]'.
  Property 'version' does not exist on type '(FlattenMaps<any> & Required<{ _id: unknown; }> & { __v: number; })[]'.
src/models/Payment.ts(1003,39): error TS2339: Property 'getValidStatusTransitions' does not exist on type 'IfAny<FlatRecord<DocType>, any, TVirtuals & TInstanceMethods extends Record<string, never> ? Document<unknown, {}, FlatRecord<...>, TVirtuals, ResolveSchemaOptions<...>> & Default__v<...> : IfAny<...>>'.
src/models/Payment.ts(1004,45): error TS2339: Property 'status' does not exist on type 'IfAny<FlatRecord<DocType>, any, TVirtuals & TInstanceMethods extends Record<string, never> ? Document<unknown, {}, FlatRecord<...>, TVirtuals, ResolveSchemaOptions<...>> & Default__v<...> : IfAny<...>>'.
src/models/Payment.ts(1007,75): error TS2339: Property 'status' does not exist on type 'IfAny<FlatRecord<DocType>, any, TVirtuals & TInstanceMethods extends Record<string, never> ? Document<unknown, {}, FlatRecord<...>, TVirtuals, ResolveSchemaOptions<...>> & Default__v<...> : IfAny<...>>'.
src/models/Payment.ts(1032,36): error TS2339: Property 'leaseId' does not exist on type 'Document<unknown, {}, FlatRecord<DocType>, TVirtuals, ResolveSchemaOptions<TSchemaOptions>> | (Document<...> & Omit<...>)'.
  Property 'leaseId' does not exist on type 'Document<unknown, {}, FlatRecord<DocType>, TVirtuals, ResolveSchemaOptions<TSchemaOptions>>'.
src/models/Payment.ts(1043,20): error TS2769: No overload matches this call.
  The last overload gave the following error.
    Argument of type '"remove"' is not assignable to parameter of type 'RegExp | "insertMany" | "bulkWrite" | "createCollection"'.
src/models/Payment.ts(1052,34): error TS2339: Property 'leaseId' does not exist on type 'Document<unknown, {}, FlatRecord<DocType>, TVirtuals, ResolveSchemaOptions<TSchemaOptions>> | (Document<...> & Omit<...>)'.
  Property 'leaseId' does not exist on type 'Document<unknown, {}, FlatRecord<DocType>, TVirtuals, ResolveSchemaOptions<TSchemaOptions>>'.
src/models/PrivacySettings.ts(334,15): error TS2484: Export declaration conflicts with exported declaration of 'IPrivacySettings'.
src/models/ProfileSettings.ts(229,15): error TS2484: Export declaration conflicts with exported declaration of 'IProfileSettings'.
src/models/Property.ts(682,37): error TS7006: Parameter 's' implicitly has an 'any' type.
src/models/Property.ts(684,36): error TS7006: Parameter 's' implicitly has an 'any' type.
src/models/Property.ts(685,39): error TS7006: Parameter 's' implicitly has an 'any' type.
src/models/Property.ts(687,39): error TS7006: Parameter 's' implicitly has an 'any' type.
src/models/Property.ts(736,22): error TS2339: Property 'getQuery' does not exist on type 'Query<any, any, {}, unknown, "find", Record<string, never>> | (Document<unknown, {}, FlatRecord<IProperty>, {}, DefaultSchemaOptions> & FlatRecord<...> & Required<...> & { ...; })'.
  Property 'getQuery' does not exist on type 'Document<unknown, {}, FlatRecord<IProperty>, {}, DefaultSchemaOptions> & FlatRecord<IProperty> & Required<...> & { ...; }'.
src/models/Property.ts(781,10): error TS2339: Property '_oldStatus' does not exist on type 'Document<unknown, {}, FlatRecord<IProperty>, {}, DefaultSchemaOptions> & FlatRecord<IProperty> & Required<...> & { ...; }'.
src/models/Property.ts(831,13): error TS2339: Property '_oldStatus' does not exist on type 'Document<unknown, {}, FlatRecord<IProperty>, {}, DefaultSchemaOptions> & FlatRecord<IProperty> & Required<...> & { ...; }'.
src/models/RecurringPayment.ts(153,27): error TS2339: Property 'YEARLY' does not exist on type 'typeof PaymentFrequency'.
src/models/SecuritySettings.ts(324,15): error TS2484: Export declaration conflicts with exported declaration of 'ISecuritySettings'.
src/models/SystemSettingsNew.ts(504,15): error TS2484: Export declaration conflicts with exported declaration of 'ISystemSettingsNew'.
src/models/Tenant.ts(133,5): error TS2353: Object literal may only specify known properties, and 'stripeCustomerId' does not exist in type '{ _id?: SchemaDefinitionProperty<ObjectId, ITenant, Document<unknown, {}, FlatRecord<ITenant>, {}, DefaultSchemaOptions> & FlatRecord<...> & Required<...> & { ...; }> | undefined; ... 14 more ...; id?: SchemaDefinitionProperty<...> | undefined; }'.
src/models/Tenant.ts(320,43): error TS2339: Property 'userId' does not exist on type 'IfAny<FlatRecord<DocType>, any, TVirtuals & TInstanceMethods extends Record<string, never> ? Document<unknown, {}, FlatRecord<...>, TVirtuals, ResolveSchemaOptions<...>> & Default__v<...> : IfAny<...>>'.
src/models/User.ts(1064,3): error TS2322: Type 'null' is not assignable to type 'Date | undefined'.
src/models/UserSettingsHistory.ts(154,14): error TS2339: Property 'cleanupOldEntries' does not exist on type 'Model<IUserSettingsHistory, any, any, any, Document<unknown, any, IUserSettingsHistory, any, {}> & IUserSettingsHistory & Required<...> & { ...; }, any>'.
src/models/UserSettingsHistory.ts(243,42): error TS7006: Parameter 'entry' implicitly has an 'any' type.
src/scripts/seed-demo-data.ts(448,26): error TS2339: Property 'APARTMENT' does not exist on type 'typeof PropertyType'.
src/scripts/seed-demo-data.ts(582,26): error TS2339: Property 'TOWNHOUSE' does not exist on type 'typeof PropertyType'.
src/scripts/seed-demo-data.ts(659,26): error TS2339: Property 'CONDO' does not exist on type 'typeof PropertyType'.
src/scripts/seed-demo-data.ts(736,26): error TS2339: Property 'HOUSE' does not exist on type 'typeof PropertyType'.
src/scripts/seed-demo-data.ts(796,26): error TS2339: Property 'APARTMENT' does not exist on type 'typeof PropertyType'.
src/scripts/seed-demo-data.ts(867,26): error TS2339: Property 'TOWNHOUSE' does not exist on type 'typeof PropertyType'.
src/scripts/seed-demo-data.ts(926,26): error TS2339: Property 'CONDO' does not exist on type 'typeof PropertyType'.
src/scripts/seed-demo-data.ts(984,26): error TS2339: Property 'APARTMENT' does not exist on type 'typeof PropertyType'.
src/scripts/test-lease-expiry-notifications.ts(8,10): error TS2614: Module '"@/models/Lease"' has no exported member 'Lease'. Did you mean to use 'import Lease from "@/models/Lease"' instead?
src/scripts/test-lease-expiry-notifications.ts(9,10): error TS2614: Module '"@/models/User"' has no exported member 'User'. Did you mean to use 'import User from "@/models/User"' instead?
src/scripts/test-lease-expiry-notifications.ts(10,10): error TS2614: Module '"@/models/Property"' has no exported member 'Property'. Did you mean to use 'import Property from "@/models/Property"' instead?
